Component: ARM Compiler 6.16 Tool: armlink [5dfeaa00]

==============================================================================

Memory Map of the image

  Image Entry point : 0x080001f9

  Load Region LR_IROM1 (Base: 0x08000000, Size: 0x0000f840, Max: 0x00200000, ABSOLUTE, COMPRESSED[0x0000f5e0])

    Execution Region ER_IROM1 (Base: 0x08000000, Size: 0x0000f4c4, Max: 0x00200000, ABSOLUTE)

    Base Addr    Size         Type   Attr      Idx    E Section Name        Object

    0x08000000   0x000001f8   Data   RO         9177    RESET               BUILD/NUCLEO_F767ZI/ARMC6/mbed-os/targets/TARGET_STM/TARGET_STM32F7/TARGET_STM32F767xI/TOOLCHAIN_ARM/startup_stm32f767xx.o
    0x080001f8   0x00000008   Code   RO        10117  * !!!main             c:\ProgramData\Mbed Studio\mbed-studio-tools\ac6\bin\..\lib\armlib\c_w.l(__main.o)
    0x08000200   0x00000034   Code   RO        10674    !!!scatter          c:\ProgramData\Mbed Studio\mbed-studio-tools\ac6\bin\..\lib\armlib\c_w.l(__scatter.o)
    0x08000234   0x0000005a   Code   RO        10672    !!dczerorl2         c:\ProgramData\Mbed Studio\mbed-studio-tools\ac6\bin\..\lib\armlib\c_w.l(__dczerorl2.o)
    0x0800028e   0x00000002   PAD
    0x08000290   0x0000001c   Code   RO        10676    !!handler_zi        c:\ProgramData\Mbed Studio\mbed-studio-tools\ac6\bin\..\lib\armlib\c_w.l(__scatter_zi.o)
    0x080002ac   0x00000002   Code   RO        10116    .ARM.Collect$$libinit$$00000000  c:\ProgramData\Mbed Studio\mbed-studio-tools\ac6\bin\..\lib\armlib\c_w.l(libinit.o)
    0x080002ae   0x00000004   Code   RO        10296    .ARM.Collect$$libinit$$00000001  c:\ProgramData\Mbed Studio\mbed-studio-tools\ac6\bin\..\lib\armlib\c_w.l(libinit2.o)
    0x080002b2   0x00000000   Code   RO        10299    .ARM.Collect$$libinit$$00000004  c:\ProgramData\Mbed Studio\mbed-studio-tools\ac6\bin\..\lib\armlib\c_w.l(libinit2.o)
    0x080002b2   0x00000008   Code   RO        10300    .ARM.Collect$$libinit$$00000005  c:\ProgramData\Mbed Studio\mbed-studio-tools\ac6\bin\..\lib\armlib\c_w.l(libinit2.o)
    0x080002ba   0x00000000   Code   RO        10302    .ARM.Collect$$libinit$$0000000A  c:\ProgramData\Mbed Studio\mbed-studio-tools\ac6\bin\..\lib\armlib\c_w.l(libinit2.o)
    0x080002ba   0x00000000   Code   RO        10304    .ARM.Collect$$libinit$$0000000C  c:\ProgramData\Mbed Studio\mbed-studio-tools\ac6\bin\..\lib\armlib\c_w.l(libinit2.o)
    0x080002ba   0x00000000   Code   RO        10306    .ARM.Collect$$libinit$$0000000E  c:\ProgramData\Mbed Studio\mbed-studio-tools\ac6\bin\..\lib\armlib\c_w.l(libinit2.o)
    0x080002ba   0x00000000   Code   RO        10309    .ARM.Collect$$libinit$$00000011  c:\ProgramData\Mbed Studio\mbed-studio-tools\ac6\bin\..\lib\armlib\c_w.l(libinit2.o)
    0x080002ba   0x00000000   Code   RO        10311    .ARM.Collect$$libinit$$00000013  c:\ProgramData\Mbed Studio\mbed-studio-tools\ac6\bin\..\lib\armlib\c_w.l(libinit2.o)
    0x080002ba   0x00000000   Code   RO        10313    .ARM.Collect$$libinit$$00000015  c:\ProgramData\Mbed Studio\mbed-studio-tools\ac6\bin\..\lib\armlib\c_w.l(libinit2.o)
    0x080002ba   0x00000000   Code   RO        10315    .ARM.Collect$$libinit$$00000017  c:\ProgramData\Mbed Studio\mbed-studio-tools\ac6\bin\..\lib\armlib\c_w.l(libinit2.o)
    0x080002ba   0x00000000   Code   RO        10317    .ARM.Collect$$libinit$$00000019  c:\ProgramData\Mbed Studio\mbed-studio-tools\ac6\bin\..\lib\armlib\c_w.l(libinit2.o)
    0x080002ba   0x00000000   Code   RO        10319    .ARM.Collect$$libinit$$0000001B  c:\ProgramData\Mbed Studio\mbed-studio-tools\ac6\bin\..\lib\armlib\c_w.l(libinit2.o)
    0x080002ba   0x00000000   Code   RO        10321    .ARM.Collect$$libinit$$0000001D  c:\ProgramData\Mbed Studio\mbed-studio-tools\ac6\bin\..\lib\armlib\c_w.l(libinit2.o)
    0x080002ba   0x00000000   Code   RO        10323    .ARM.Collect$$libinit$$0000001F  c:\ProgramData\Mbed Studio\mbed-studio-tools\ac6\bin\..\lib\armlib\c_w.l(libinit2.o)
    0x080002ba   0x00000000   Code   RO        10325    .ARM.Collect$$libinit$$00000021  c:\ProgramData\Mbed Studio\mbed-studio-tools\ac6\bin\..\lib\armlib\c_w.l(libinit2.o)
    0x080002ba   0x00000000   Code   RO        10327    .ARM.Collect$$libinit$$00000023  c:\ProgramData\Mbed Studio\mbed-studio-tools\ac6\bin\..\lib\armlib\c_w.l(libinit2.o)
    0x080002ba   0x00000004   Code   RO        10328    .ARM.Collect$$libinit$$00000024  c:\ProgramData\Mbed Studio\mbed-studio-tools\ac6\bin\..\lib\armlib\c_w.l(libinit2.o)
    0x080002be   0x00000000   Code   RO        10329    .ARM.Collect$$libinit$$00000025  c:\ProgramData\Mbed Studio\mbed-studio-tools\ac6\bin\..\lib\armlib\c_w.l(libinit2.o)
    0x080002be   0x00000000   Code   RO        10333    .ARM.Collect$$libinit$$0000002C  c:\ProgramData\Mbed Studio\mbed-studio-tools\ac6\bin\..\lib\armlib\c_w.l(libinit2.o)
[...]
    0x08006f3c   0x0000002a   Code   RO         1294    .text._ZN4mbed10TickerBase6attachENS_8CallbackIFvvEEENSt3__26chrono8durationIxNS4_5ratioILx1ELx1000000EEEEE  BUILD/NUCLEO_F767ZI/ARMC6/mbed-os/drivers/source/Ticker.o
    0x08006f66   0x0000002a   Code   RO         1286    .text._ZN4mbed10TickerBase6detachEv  BUILD/NUCLEO_F767ZI/ARMC6/mbed-os/drivers/source/Ticker.o
    0x08006f90   0x00000026   Code   RO         1292    .text._ZN4mbed10TickerBase7handlerEv  BUILD/NUCLEO_F767ZI/ARMC6/mbed-os/drivers/source/Ticker.o
    0x08006fb6   0x00000002   PAD
    0x08006fb8   0x00000020   Code   RO         1284    .text._ZN4mbed10TickerBaseC2EPK13ticker_data_tb  BUILD/NUCLEO_F767ZI/ARMC6/mbed-os/drivers/source/Ticker.o
    0x08006fd8   0x00000014   Code   RO         1385    .text._ZN4mbed10TimerEvent15insert_absoluteENSt3__26chrono10time_pointINS_15TickerDataClockENS2_8durationIxNS1_5ratioILx1ELx1000000EEEEEEE  BUILD/NUCLEO_F767ZI/ARMC6/mbed-os/drivers/source/TimerEvent.o
    0x08006fec   0x00000006   Code   RO         1375    .text._ZN4mbed10TimerEvent3irqEj  BUILD/NUCLEO_F767ZI/ARMC6/mbed-os/drivers/source/TimerEvent.o
    0x08006ff2   0x0000000e   Code   RO         1379    .text._ZN4mbed10TimerEvent6removeEv  BUILD/NUCLEO_F767ZI/ARMC6/mbed-os/drivers/source/TimerEvent.o
    0x08007000   0x0000002c   Code   RO         1373    .text._ZN4mbed10TimerEventC2EPK13ticker_data_t  BUILD/NUCLEO_F767ZI/ARMC6/mbed-os/drivers/source/TimerEvent.o
    0x0800702c   0x00000004   Code   RO         3203    .text._ZN4mbed11BlockDevice4syncEv  BUILD/NUCLEO_F767ZI/ARMC6/mbed-os/storage/blockdevice/COMPONENT_SD/source/SDBlockDevice.o
    0x08007030   0x00000004   Code   RO         3205    .text._ZN4mbed11BlockDevice5eraseEyy  BUILD/NUCLEO_F767ZI/ARMC6/mbed-os/storage/blockdevice/COMPONENT_SD/source/SDBlockDevice.o
    0x08007034   0x0000001c   Code   RO         3904    .text._ZN4mbed13FATFileSystem10dir_rewindEPv  BUILD/NUCLEO_F767ZI/ARMC6/mbed-os/storage/filesystem/fat/source/FATFileSystem.o
    0x08007050   0x00000024   Code   RO         3878    .text._ZN4mbed13FATFileSystem10file_closeEPv  BUILD/NUCLEO_F767ZI/ARMC6/mbed-os/storage/filesystem/fat/source/FATFileSystem.o
    0x08007074   0x00000026   Code   RO         3882    .text._ZN4mbed13FATFileSystem10file_writeEPvPKvj  BUILD/NUCLEO_F767ZI/ARMC6/mbed-os/storage/filesystem/fat/source/FATFileSystem.o
    0x0800709a   0x00000048   Code   RO         3892    .text._ZN4mbed13FATFileSystem13file_truncateEPvl  BUILD/NUCLEO_F767ZI/ARMC6/mbed-os/storage/filesystem/fat/source/FATFileSystem.o
    0x080070e2   0x00000002   PAD
    0x080070e4   0x00000008   Code   RO         3858    .text._ZN4mbed13FATFileSystem4lockEv  BUILD/NUCLEO_F767ZI/ARMC6/mbed-os/storage/filesystem/fat/source/FATFileSystem.o
    0x080070ec   0x00000080   Code   RO         3872    .text._ZN4mbed13FATFileSystem4statEPKcP4stat  BUILD/NUCLEO_F767ZI/ARMC6/mbed-os/storage/filesystem/fat/source/FATFileSystem.o
    0x0800716c   0x00000034   Code   RO         3870    .text._ZN4mbed13FATFileSystem5mkdirEPKcj  BUILD/NUCLEO_F767ZI/ARMC6/mbed-os/storage/filesystem/fat/source/FATFileSystem.o
    0x080071a0   0x0000000a   Code   RO         3848    .text._ZN4mbed13FATFileSystem5mountEPNS_11BlockDeviceE  BUILD/NUCLEO_F767ZI/ARMC6/mbed-os/storage/filesystem/fat/source/FATFileSystem.o
    0x080071aa   0x00000002   PAD
    0x080071ac   0x00000070   Code   RO         3850    .text._ZN4mbed13FATFileSystem5mountEPNS_11BlockDeviceEb  BUILD/NUCLEO_F767ZI/ARMC6/mbed-os/storage/filesystem/fat/source/FATFileSystem.o
    0x0800721c   0x00000170   Code   RO         3856    .text._ZN4mbed13FATFileSystem6formatEPNS_11BlockDeviceEy  BUILD/NUCLEO_F767ZI/ARMC6/mbed-os/storage/filesystem/fat/source/FATFileSystem.o
    0x0800738c   0x00000044   Code   RO         3864    .text._ZN4mbed13FATFileSystem6removeEPKc  BUILD/NUCLEO_F767ZI/ARMC6/mbed-os/storage/filesystem/fat/source/FATFileSystem.o
    0x080073d0   0x0000005a   Code   RO         3868    .text._ZN4mbed13FATFileSystem6renameEPKcS2_  BUILD/NUCLEO_F767ZI/ARMC6/mbed-os/storage/filesystem/fat/source/FATFileSystem.o
    0x0800742a   0x00000002   PAD
    0x0800742c   0x0000000c   Code   RO         3860    .text._ZN4mbed13FATFileSystem6unlockEv  BUILD/NUCLEO_F767ZI/ARMC6/mbed-os/storage/filesystem/fat/source/FATFileSystem.o
    0x08007438   0x00000064   Code   RO         3874    .text._ZN4mbed13FATFileSystem7statvfsEPKcP7statvfs  BUILD/NUCLEO_F767ZI/ARMC6/mbed-os/storage/filesystem/fat/source/FATFileSystem.o
    0x0800749c   0x0000006c   Code   RO         3854    .text._ZN4mbed13FATFileSystem7unmountEv  BUILD/NUCLEO_F767ZI/ARMC6/mbed-os/storage/filesystem/fat/source/FATFileSystem.o
    0x08007508   0x00000060   Code   RO         3894    .text._ZN4mbed13FATFileSystem8dir_openEPPvPKc  BUILD/NUCLEO_F767ZI/ARMC6/mbed-os/storage/filesystem/fat/source/FATFileSystem.o
    0x08007568   0x0000005e   Code   RO         3898    .text._ZN4mbed13FATFileSystem8dir_readEPvP6dirent  BUILD/NUCLEO_F767ZI/ARMC6/mbed-os/storage/filesystem/fat/source/FATFileSystem.o
    0x080075c6   0x0000004e   Code   RO         3900    .text._ZN4mbed13FATFileSystem8dir_seekEPvl  BUILD/NUCLEO_F767ZI/ARMC6/mbed-os/storage/filesystem/fat/source/FATFileSystem.o
    0x08007614   0x00000012   Code   RO         3902    .text._ZN4mbed13FATFileSystem8dir_tellEPv  BUILD/NUCLEO_F767ZI/ARMC6/mbed-os/storage/filesystem/fat/source/FATFileSystem.o
    0x08007626   0x00000008   Code   RO         3933    .text._ZN4mbed13FATFileSystem8reformatEPNS_11BlockDeviceE  BUILD/NUCLEO_F767ZI/ARMC6/mbed-os/storage/filesystem/fat/source/FATFileSystem.o
    0x0800762e   0x00000002   PAD
    0x08007630   0x00000064   Code   RO         3862    .text._ZN4mbed13FATFileSystem8reformatEPNS_11BlockDeviceEi  BUILD/NUCLEO_F767ZI/ARMC6/mbed-os/storage/filesystem/fat/source/FATFileSystem.o
    0x08007694   0x00000024   Code   RO         3896    .text._ZN4mbed13FATFileSystem9dir_closeEPv  BUILD/NUCLEO_F767ZI/ARMC6/mbed-os/storage/filesystem/fat/source/FATFileSystem.o
    0x080076b8   0x0000008e   Code   RO         3876    .text._ZN4mbed13FATFileSystem9file_openEPPvPKci  BUILD/NUCLEO_F767ZI/ARMC6/mbed-os/storage/filesystem/fat/source/FATFileSystem.o
    0x08007746   0x00000026   Code   RO         3880    .text._ZN4mbed13FATFileSystem9file_readEPvS1_j  BUILD/NUCLEO_F767ZI/ARMC6/mbed-os/storage/filesystem/fat/source/FATFileSystem.o
    0x0800776c   0x00000044   Code   RO         3886    .text._ZN4mbed13FATFileSystem9file_seekEPvli  BUILD/NUCLEO_F767ZI/ARMC6/mbed-os/storage/filesystem/fat/source/FATFileSystem.o
    0x080077b0   0x00000012   Code   RO         3890    .text._ZN4mbed13FATFileSystem9file_sizeEPv  BUILD/NUCLEO_F767ZI/ARMC6/mbed-os/storage/filesystem/fat/source/FATFileSystem.o
    0x080077c2   0x0000001e   Code   RO         3884    .text._ZN4mbed13FATFileSystem9file_syncEPv  BUILD/NUCLEO_F767ZI/ARMC6/mbed-os/storage/filesystem/fat/source/FATFileSystem.o
    0x080077e0   0x00000012   Code   RO         3888    .text._ZN4mbed13FATFileSystem9file_tellEPv  BUILD/NUCLEO_F767ZI/ARMC6/mbed-os/storage/filesystem/fat/source/FATFileSystem.o
    0x080077f2   0x00000002   PAD
    0x080077f4   0x00000038   Code   RO         3838    .text._ZN4mbed13FATFileSystemC2EPKcPNS_11BlockDeviceE  BUILD/NUCLEO_F767ZI/ARMC6/mbed-os/storage/filesystem/fat/source/FATFileSystem.o
    0x0800782c   0x0000000e   Code   RO         3844    .text._ZN4mbed13FATFileSystemD0Ev  BUILD/NUCLEO_F767ZI/ARMC6/mbed-os/storage/filesystem/fat/source/FATFileSystem.o
    0x0800783a   0x00000002   PAD
    0x0800783c   0x00000028   Code   RO         3840    .text._ZN4mbed13FATFileSystemD2Ev  BUILD/NUCLEO_F767ZI/ARMC6/mbed-os/storage/filesystem/fat/source/FATFileSystem.o
    0x08007864   0x0000002c   Code   RO         4048    .text._ZN4mbed14FileSystemLikeC2EPKc  BUILD/NUCLEO_F767ZI/ARMC6/mbed-os/storage/filesystem/source/FileSystem.o
    0x08007890   0x00000002   Code   RO         4062    .text._ZN4mbed14FileSystemLikeD0Ev  BUILD/NUCLEO_F767ZI/ARMC6/mbed-os/storage/filesystem/source/FileSystem.o
    0x08007892   0x0000000e   Code   RO         4054    .text._ZN4mbed14FileSystemLikeD2Ev  BUILD/NUCLEO_F767ZI/ARMC6/mbed-os/storage/filesystem/source/FileSystem.o
    0x080078a0   0x00000006   Code   RO         1390    .text._ZN4mbed15TickerDataClock11set_handlerEPFvjE  BUILD/NUCLEO_F767ZI/ARMC6/mbed-os/drivers/source/TimerEvent.o
    0x080078a6   0x00000006   Code   RO         1392    .text._ZN4mbed15TickerDataClock12insert_eventEP14ticker_event_sNSt3__26chrono10time_pointIS0_NS4_8durationIxNS3_5ratioILx1ELx1000000EEEEEEEj  BUILD/NUCLEO_F767ZI/ARMC6/mbed-os/drivers/source/TimerEvent.o
    0x080078ac   0x00000006   Code   RO         1394    .text._ZN4mbed15TickerDataClock12remove_eventEP14ticker_event_s  BUILD/NUCLEO_F767ZI/ARMC6/mbed-os/drivers/source/TimerEvent.o
    0x080078b2   0x00000002   PAD
    0x080078b4   0x00000004   Code   RO         1938    .text._ZN4mbed16FileSystemHandle4openEPPNS_9DirHandleEPKc  BUILD/NUCLEO_F767ZI/ARMC6/mbed-os/platform/source/FileSystemHandle.o
    0x080078b8   0x00000004   Code   RO         1944    .text._ZN4mbed16FileSystemHandle4statEPKcP4stat  BUILD/NUCLEO_F767ZI/ARMC6/mbed-os/platform/source/FileSystemHandle.o
    0x080078bc   0x00000004   Code   RO         1946    .text._ZN4mbed16FileSystemHandle5mkdirEPKcj  BUILD/NUCLEO_F767ZI/ARMC6/mbed-os/platform/source/FileSystemHandle.o
    0x080078c0   0x00000004   Code   RO         1940    .text._ZN4mbed16FileSystemHandle6removeEPKc  BUILD/NUCLEO_F767ZI/ARMC6/mbed-os/platform/source/FileSystemHandle.o
    0x080078c4   0x00000004   Code   RO         1942    .text._ZN4mbed16FileSystemHandle6renameEPKcS2_  BUILD/NUCLEO_F767ZI/ARMC6/mbed-os/platform/source/FileSystemHandle.o
    0x080078c8   0x00000008   Code   RO         1948    .text._ZN4mbed16FileSystemHandle7statvfsEPKcP7statvfs  BUILD/NUCLEO_F767ZI/ARMC6/mbed-os/platform/source/FileSystemHandle.o
    0x080078d0   0x00000002   Code   RO         1954    .text._ZN4mbed16FileSystemHandleD0Ev  BUILD/NUCLEO_F767ZI/ARMC6/mbed-os/platform/source/FileSystemHandle.o
    0x080078d2   0x00000002   Code   RO         1952    .text._ZN4mbed16FileSystemHandleD2Ev  BUILD/NUCLEO_F767ZI/ARMC6/mbed-os/platform/source/FileSystemHandle.o
    0x080078d4   0x0000000a   Code   RO         1414    .text._ZN4mbed16UnbufferedSerial12enable_inputEb  BUILD/NUCLEO_F767ZI/ARMC6/mbed-os/drivers/source/UnbufferedSerial.o
    0x080078de   0x0000000a   Code   RO         1418    .text._ZN4mbed16UnbufferedSerial13enable_outputEb  BUILD/NUCLEO_F767ZI/ARMC6/mbed-os/drivers/source/UnbufferedSerial.o
    0x080078e8   0x00000028   Code   RO         1406    .text._ZN4mbed16UnbufferedSerial4readEPvj  BUILD/NUCLEO_F767ZI/ARMC6/mbed-os/drivers/source/UnbufferedSerial.o
    0x08007910   0x00000008   Code   RO         1432    .text._ZN4mbed16UnbufferedSerial4seekEli  BUILD/NUCLEO_F767ZI/ARMC6/mbed-os/drivers/source/UnbufferedSerial.o
    0x08007918   0x00000006   Code   RO         1434    .text._ZN4mbed16UnbufferedSerial4sizeEv  BUILD/NUCLEO_F767ZI/ARMC6/mbed-os/drivers/source/UnbufferedSerial.o
    0x0800791e   0x00000004   Code   RO         1438    .text._ZN4mbed16UnbufferedSerial5closeEv  BUILD/NUCLEO_F767ZI/ARMC6/mbed-os/drivers/source/UnbufferedSerial.o
    0x08007922   0x00000042   Code   RO         1402    .text._ZN4mbed16UnbufferedSerial5writeEPKvj  BUILD/NUCLEO_F767ZI/ARMC6/mbed-os/drivers/source/UnbufferedSerial.o
    0x08007964   0x00000004   Code   RO         1436    .text._ZN4mbed16UnbufferedSerial6isattyEv  BUILD/NUCLEO_F767ZI/ARMC6/mbed-os/drivers/source/UnbufferedSerial.o
    0x08007968   0x00000010   Code   RO         1398    .text._ZN4mbed16UnbufferedSerialC2E7PinNameS1_i  BUILD/NUCLEO_F767ZI/ARMC6/mbed-os/drivers/source/UnbufferedSerial.o
    0x08007978   0x0000000e   Code   RO         1430    .text._ZN4mbed16UnbufferedSerialD0Ev  BUILD/NUCLEO_F767ZI/ARMC6/mbed-os/drivers/source/UnbufferedSerial.o
    0x08007986   0x00000004   Code   RO         1428    .text._ZN4mbed16UnbufferedSerialD2Ev  BUILD/NUCLEO_F767ZI/ARMC6/mbed-os/drivers/source/UnbufferedSerial.o
    0x0800798a   0x00000002   PAD
    0x0800798c   0x00000070   Code   RO         2555    .text._ZN4mbed16mbed_file_handleEi  BUILD/NUCLEO_F767ZI/ARMC6/mbed-os/platform/source/mbed_retarget.o
    0x080079fc   0x00000038   Code   RO         2535    .text._ZN4mbed17remove_filehandleEPNS_10FileHandleE  BUILD/NUCLEO_F767ZI/ARMC6/mbed-os/platform/source/mbed_retarget.o
    0x08007a34   0x0000000c   Code   RO         1857    .text._ZN4mbed19CriticalSectionLockC2Ev  BUILD/NUCLEO_F767ZI/ARMC6/mbed-os/platform/source/CriticalSectionLock.o
    0x08007a40   0x0000000c   Code   RO         1859    .text._ZN4mbed19CriticalSectionLockD2Ev  BUILD/NUCLEO_F767ZI/ARMC6/mbed-os/platform/source/CriticalSectionLock.o
    0x08007a4c   0x00000026   Code   RO         3946    .text._ZN4mbed3Dir4openEPNS_10FileSystemEPKc  BUILD/NUCLEO_F767ZI/ARMC6/mbed-os/storage/filesystem/source/Dir.o
    0x08007a72   0x00000020   Code   RO         3950    .text._ZN4mbed3Dir4readEP6dirent  BUILD/NUCLEO_F767ZI/ARMC6/mbed-os/storage/filesystem/source/Dir.o
    0x08007a92   0x00000010   Code   RO         3952    .text._ZN4mbed3Dir4seekEl  BUILD/NUCLEO_F767ZI/ARMC6/mbed-os/storage/filesystem/source/Dir.o
    0x08007aa2   0x0000000c   Code   RO         3958    .text._ZN4mbed3Dir4sizeEv  BUILD/NUCLEO_F767ZI/ARMC6/mbed-os/storage/filesystem/source/Dir.o
    0x08007aae   0x0000000c   Code   RO         3954    .text._ZN4mbed3Dir4tellEv  BUILD/NUCLEO_F767ZI/ARMC6/mbed-os/storage/filesystem/source/Dir.o
    0x08007aba   0x0000001c   Code   RO         3948    .text._ZN4mbed3Dir5closeEv  BUILD/NUCLEO_F767ZI/ARMC6/mbed-os/storage/filesystem/source/Dir.o
    0x08007ad6   0x0000000c   Code   RO         3956    .text._ZN4mbed3Dir6rewindEv  BUILD/NUCLEO_F767ZI/ARMC6/mbed-os/storage/filesystem/source/Dir.o
    0x08007ae2   0x00000002   PAD
    0x08007ae4   0x00000010   Code   RO         3938    .text._ZN4mbed3DirC2Ev  BUILD/NUCLEO_F767ZI/ARMC6/mbed-os/storage/filesystem/source/Dir.o
    0x08007af4   0x0000000e   Code   RO         3944    .text._ZN4mbed3DirD0Ev  BUILD/NUCLEO_F767ZI/ARMC6/mbed-os/storage/filesystem/source/Dir.o
    0x08007b02   0x00000002   PAD
    0x08007b04   0x0000001c   Code   RO         3942    .text._ZN4mbed3DirD2Ev  BUILD/NUCLEO_F767ZI/ARMC6/mbed-os/storage/filesystem/source/Dir.o
    0x08007b20   0x00000058   Code   RO         1067    .text._ZN4mbed3SPI13_do_constructEv  BUILD/NUCLEO_F767ZI/ARMC6/mbed-os/drivers/source/SPI.o
    0x08007b78   0x0000001e   Code   RO         1105    .text._ZN4mbed3SPI23set_default_write_valueEc  BUILD/NUCLEO_F767ZI/ARMC6/mbed-os/drivers/source/SPI.o
    0x08007b96   0x00000008   Code   RO         1101    .text._ZN4mbed3SPI4lockEv  BUILD/NUCLEO_F767ZI/ARMC6/mbed-os/drivers/source/SPI.o
    0x08007b9e   0x00000032   Code   RO         1097    .text._ZN4mbed3SPI5writeEPKciPci  BUILD/NUCLEO_F767ZI/ARMC6/mbed-os/drivers/source/SPI.o
    0x08007bd0   0x00000020   Code   RO         1091    .text._ZN4mbed3SPI5writeEi  BUILD/NUCLEO_F767ZI/ARMC6/mbed-os/drivers/source/SPI.o
    0x08007bf0   0x0000003e   Code   RO         1085    .text._ZN4mbed3SPI6formatEii  BUILD/NUCLEO_F767ZI/ARMC6/mbed-os/drivers/source/SPI.o
    0x08007c2e   0x0000002c   Code   RO         1093    .text._ZN4mbed3SPI6selectEv  BUILD/NUCLEO_F767ZI/ARMC6/mbed-os/drivers/source/SPI.o
    0x08007c5a   0x00000008   Code   RO         1103    .text._ZN4mbed3SPI6unlockEv  BUILD/NUCLEO_F767ZI/ARMC6/mbed-os/drivers/source/SPI.o
    0x08007c62   0x00000002   PAD
    0x08007c64   0x00000040   Code   RO         1077    .text._ZN4mbed3SPI7_lookupE7SPIName  BUILD/NUCLEO_F767ZI/ARMC6/mbed-os/drivers/source/SPI.o
    0x08007ca4   0x00000034   Code   RO         1087    .text._ZN4mbed3SPI8_acquireEv  BUILD/NUCLEO_F767ZI/ARMC6/mbed-os/drivers/source/SPI.o
    0x08007cd8   0x0000001e   Code   RO         1065    .text._ZN4mbed3SPI8_do_initEPS0_  BUILD/NUCLEO_F767ZI/ARMC6/mbed-os/drivers/source/SPI.o
    0x08007cf6   0x00000026   Code   RO         1095    .text._ZN4mbed3SPI8deselectEv  BUILD/NUCLEO_F767ZI/ARMC6/mbed-os/drivers/source/SPI.o
    0x08007d1c   0x00000014   Code   RO         1099    .text._ZN4mbed3SPI9_set_sselEi  BUILD/NUCLEO_F767ZI/ARMC6/mbed-os/drivers/source/SPI.o
    0x08007d30   0x00000036   Code   RO         1089    .text._ZN4mbed3SPI9frequencyEi  BUILD/NUCLEO_F767ZI/ARMC6/mbed-os/drivers/source/SPI.o
    0x08007d66   0x00000002   PAD
    0x08007d68   0x00000040   Code   RO         1063    .text._ZN4mbed3SPIC2E7PinNameS1_S1_S1_  BUILD/NUCLEO_F767ZI/ARMC6/mbed-os/drivers/source/SPI.o
    0x08007da8   0x0000004c   Code   RO         1069    .text._ZN4mbed3SPIC2E7PinNameS1_S1_S1_NS_15use_gpio_ssel_tE  BUILD/NUCLEO_F767ZI/ARMC6/mbed-os/drivers/source/SPI.o
    0x08007df4   0x0000000e   Code   RO         1083    .text._ZN4mbed3SPID0Ev  BUILD/NUCLEO_F767ZI/ARMC6/mbed-os/drivers/source/SPI.o
    0x08007e02   0x00000002   PAD
    0x08007e04   0x0000003c   Code   RO         1081    .text._ZN4mbed3SPID2Ev  BUILD/NUCLEO_F767ZI/ARMC6/mbed-os/drivers/source/SPI.o
    0x08007e40   0x00000026   Code   RO         3971    .text._ZN4mbed4File4openEPNS_10FileSystemEPKci  BUILD/NUCLEO_F767ZI/ARMC6/mbed-os/storage/filesystem/source/File.o
    0x08007e66   0x00000012   Code   RO         3975    .text._ZN4mbed4File4readEPvj  BUILD/NUCLEO_F767ZI/ARMC6/mbed-os/storage/filesystem/source/File.o
    0x08007e78   0x00000012   Code   RO         3983    .text._ZN4mbed4File4seekEli  BUILD/NUCLEO_F767ZI/ARMC6/mbed-os/storage/filesystem/source/File.o
    0x08007e8a   0x0000000c   Code   RO         3989    .text._ZN4mbed4File4sizeEv  BUILD/NUCLEO_F767ZI/ARMC6/mbed-os/storage/filesystem/source/File.o
    0x08007e96   0x0000000c   Code   RO         3979    .text._ZN4mbed4File4syncEv  BUILD/NUCLEO_F767ZI/ARMC6/mbed-os/storage/filesystem/source/File.o
    0x08007ea2   0x0000000c   Code   RO         3985    .text._ZN4mbed4File4tellEv  BUILD/NUCLEO_F767ZI/ARMC6/mbed-os/storage/filesystem/source/File.o
    0x08007eae   0x0000001c   Code   RO         3973    .text._ZN4mbed4File5closeEv  BUILD/NUCLEO_F767ZI/ARMC6/mbed-os/storage/filesystem/source/File.o
    0x08007eca   0x00000012   Code   RO         3977    .text._ZN4mbed4File5writeEPKvj  BUILD/NUCLEO_F767ZI/ARMC6/mbed-os/storage/filesystem/source/File.o
    0x08007edc   0x0000000c   Code   RO         3981    .text._ZN4mbed4File6isattyEv  BUILD/NUCLEO_F767ZI/ARMC6/mbed-os/storage/filesystem/source/File.o
    0x08007ee8   0x0000000c   Code   RO         3987    .text._ZN4mbed4File6rewindEv  BUILD/NUCLEO_F767ZI/ARMC6/mbed-os/storage/filesystem/source/File.o
    0x08007ef4   0x00000010   Code   RO         3991    .text._ZN4mbed4File8truncateEl  BUILD/NUCLEO_F767ZI/ARMC6/mbed-os/storage/filesystem/source/File.o
    0x08007f04   0x00000010   Code   RO         3963    .text._ZN4mbed4FileC2Ev  BUILD/NUCLEO_F767ZI/ARMC6/mbed-os/storage/filesystem/source/File.o
    0x08007f14   0x0000000e   Code   RO         3969    .text._ZN4mbed4FileD0Ev  BUILD/NUCLEO_F767ZI/ARMC6/mbed-os/storage/filesystem/source/File.o
    0x08007f22   0x00000002   PAD
    0x08007f24   0x0000001c   Code   RO         3967    .text._ZN4mbed4FileD2Ev  BUILD/NUCLEO_F767ZI/ARMC6/mbed-os/storage/filesystem/source/File.o
    0x08007f40   0x00000026   Code   RO          983    .text._ZN4mbed4impl7MbedCRCILj79764919ELh32ELNS_7CrcModeE2EE20compute_partial_stopEPj  BUILD/NUCLEO_F767ZI/ARMC6/mbed-os/drivers/source/MbedCRC.o
    0x08007f66   0x00000020   Code   RO          981    .text._ZN4mbed4impl7MbedCRCILj79764919ELh32ELNS_7CrcModeE2EE7computeEPKvjPj  BUILD/NUCLEO_F767ZI/ARMC6/mbed-os/drivers/source/MbedCRC.o
    0x08007f86   0x00000016   Code   RO         1363    .text._ZN4mbed5TimerC2Ev  BUILD/NUCLEO_F767ZI/ARMC6/mbed-os/drivers/source/Timer.o
    0x08007f9c   0x00000020   Code   RO         1300    .text._ZN4mbed6TickerC2Ev  BUILD/NUCLEO_F767ZI/ARMC6/mbed-os/drivers/source/Ticker.o
    0x08007fbc   0x00000016   Code   RO         4074    .text._ZN4mbed7ManagedINS_3DirEE5closeEv  BUILD/NUCLEO_F767ZI/ARMC6/mbed-os/storage/filesystem/source/FileSystem.o
    0x08007fd2   0x00000002   PAD
    0x08007fd4   0x00000014   Code   RO         4052    .text._ZN4mbed7ManagedINS_3DirEEC2Ev  BUILD/NUCLEO_F767ZI/ARMC6/mbed-os/storage/filesystem/source/FileSystem.o
    0x08007fe8   0x0000000e   Code   RO         4072    .text._ZN4mbed7ManagedINS_3DirEED0Ev  BUILD/NUCLEO_F767ZI/ARMC6/mbed-os/storage/filesystem/source/FileSystem.o
    0x08007ff6   0x00000016   Code   RO         4070    .text._ZN4mbed7ManagedINS_4FileEE5closeEv  BUILD/NUCLEO_F767ZI/ARMC6/mbed-os/storage/filesystem/source/FileSystem.o
    0x0800800c   0x00000014   Code   RO         4050    .text._ZN4mbed7ManagedINS_4FileEEC2Ev  BUILD/NUCLEO_F767ZI/ARMC6/mbed-os/storage/filesystem/source/FileSystem.o
    0x08008020   0x0000000e   Code   RO         4068    .text._ZN4mbed7ManagedINS_4FileEED0Ev  BUILD/NUCLEO_F767ZI/ARMC6/mbed-os/storage/filesystem/source/FileSystem.o
    0x0800802e   0x00000006   Code   RO         3935    .text._ZN4mbed8CallbackIFvPKcEE11target_callIPS3_EEvPKNS_6detail12CallbackBaseES2_  BUILD/NUCLEO_F767ZI/ARMC6/mbed-os/storage/filesystem/fat/source/FATFileSystem.o
    0x08008034   0x00000004   Code   RO          105    .text._ZN4mbed8CallbackIFvvEE11target_callIPS1_EEvPKNS_6detail12CallbackBaseE  BUILD/NUCLEO_F767ZI/ARMC6/libs/DMX_2_MIDI.o
    0x08008038   0x0000006c   Code   RO         1891    .text._ZN4mbed8FileBase6lookupEPKcj  BUILD/NUCLEO_F767ZI/ARMC6/mbed-os/platform/source/FileBase.o
    0x080080a4   0x00000040   Code   RO         1881    .text._ZN4mbed8FileBaseC2EPKcNS_8PathTypeE  BUILD/NUCLEO_F767ZI/ARMC6/mbed-os/platform/source/FileBase.o
    0x080080e4   0x0000000e   Code   RO         1887    .text._ZN4mbed8FileBaseD0Ev  BUILD/NUCLEO_F767ZI/ARMC6/mbed-os/platform/source/FileBase.o
    0x080080f2   0x00000002   PAD
    0x080080f4   0x00000050   Code   RO         1883    .text._ZN4mbed8FileBaseD2Ev  BUILD/NUCLEO_F767ZI/ARMC6/mbed-os/platform/source/FileBase.o
    0x08008144   0x00000018   Code   RO         1928    .text._ZN4mbed8FilePath10fileSystemEv  BUILD/NUCLEO_F767ZI/ARMC6/mbed-os/platform/source/FilePath.o
    0x0800815c   0x00000018   Code   RO         1926    .text._ZN4mbed8FilePath12isFileSystemEv  BUILD/NUCLEO_F767ZI/ARMC6/mbed-os/platform/source/FilePath.o
    0x08008174   0x00000018   Code   RO         1932    .text._ZN4mbed8FilePath4fileEv  BUILD/NUCLEO_F767ZI/ARMC6/mbed-os/platform/source/FilePath.o
    0x0800818c   0x0000000a   Code   RO         1934    .text._ZN4mbed8FilePath6existsEv  BUILD/NUCLEO_F767ZI/ARMC6/mbed-os/platform/source/FilePath.o
    0x08008196   0x00000016   Code   RO         1930    .text._ZN4mbed8FilePath6isFileEv  BUILD/NUCLEO_F767ZI/ARMC6/mbed-os/platform/source/FilePath.o
    0x080081ac   0x0000003c   Code   RO         1922    .text._ZN4mbed8FilePathC2EPKc  BUILD/NUCLEO_F767ZI/ARMC6/mbed-os/platform/source/FilePath.o
    0x080081e8   0x0000001c   Code   RO         2481    .text._ZN4mbed8internal13init_os_timerEv  BUILD/NUCLEO_F767ZI/ARMC6/mbed-os/platform/source/mbed_os_timer.o
    0x08008204   0x00000054   Code   RO         2491    .text._ZN4mbed8internal18do_sleep_operationINS0_18timed_predicate_opEEEvRT_  BUILD/NUCLEO_F767ZI/ARMC6/mbed-os/platform/source/mbed_os_timer.o
    0x08008258   0x00000016   Code   RO         2503    .text._ZN4mbed8internal18timed_predicate_op13sleep_prepareEv  BUILD/NUCLEO_F767ZI/ARMC6/mbed-os/platform/source/mbed_os_timer.o
    0x0800826e   0x00000002   PAD
    0x08008270   0x00000010   Code   RO         2493    .text._ZN4mbed8internal18timed_predicate_opD2Ev  BUILD/NUCLEO_F767ZI/ARMC6/mbed-os/platform/source/mbed_os_timer.o
    0x08008280   0x00000052   Code   RO         2487    .text._ZN4mbed8internal34do_timed_sleep_relative_or_foreverENSt3__26chrono8durationIjNS1_5ratioILx1ELx1000EEEEEPFbPvES7_  BUILD/NUCLEO_F767ZI/ARMC6/mbed-os/platform/source/mbed_os_timer.o
    0x080082d2   0x00000002   PAD
    0x080082d4   0x00000010   Code   RO         2505    .text._ZN4mbed8internal7OsClock13set_wake_timeENSt3__26chrono10time_pointIS1_NS3_8durationIxNS2_5ratioILx1ELx1000EEEEEEE  BUILD/NUCLEO_F767ZI/ARMC6/mbed-os/platform/source/mbed_os_timer.o
    0x080082e4   0x0000001a   Code   RO         2499    .text._ZN4mbed8internal7OsClock3nowEv  BUILD/NUCLEO_F767ZI/ARMC6/mbed-os/platform/source/mbed_os_timer.o
    0x080082fe   0x0000001a   Code   RO         2093    .text._ZN4mbed8internal8SysTimerINSt3__25ratioILx1ELx1000EEELb1EE11cancel_wakeEv  BUILD/NUCLEO_F767ZI/ARMC6/mbed-os/platform/source/SysTimer.o
    0x08008318   0x00000076   Code   RO         2097    .text._ZN4mbed8internal8SysTimerINSt3__25ratioILx1ELx1000EEELb1EE13set_wake_timeENS2_6chrono10time_pointIS5_NS6_8durationIyS4_EEEE  BUILD/NUCLEO_F767ZI/ARMC6/mbed-os/platform/source/SysTimer.o
    0x0800838e   0x00000004   Code   RO         2111    .text._ZN4mbed8internal8SysTimerINSt3__25ratioILx1ELx1000EEELb1EE14_schedule_tickEv  BUILD/NUCLEO_F767ZI/ARMC6/mbed-os/platform/source/SysTimer.o
    0x08008392   0x00000012   Code   RO         2099    .text._ZN4mbed8internal8SysTimerINSt3__25ratioILx1ELx1000EEELb1EE19update_and_get_tickEv  BUILD/NUCLEO_F767ZI/ARMC6/mbed-os/platform/source/SysTimer.o
    0x080083a4   0x00000038   Code   RO         2129    .text._ZN4mbed8internal8SysTimerINSt3__25ratioILx1ELx1000EEELb1EE7handlerEv  BUILD/NUCLEO_F767ZI/ARMC6/mbed-os/platform/source/SysTimer.o
    0x080083dc   0x0000001c   Code   RO         2085    .text._ZN4mbed8internal8SysTimerINSt3__25ratioILx1ELx1000EEELb1EEC2EPK13ticker_data_t  BUILD/NUCLEO_F767ZI/ARMC6/mbed-os/platform/source/SysTimer.o
    0x080083f8   0x00000018   Code   RO          500    .text._ZN4mbed9DigitalInC2E7PinName  BUILD/NUCLEO_F767ZI/ARMC6/main.o
    0x08008410   0x00000032   Code   RO         1347    .text._ZN4mbed9TimerBase4stopEv  BUILD/NUCLEO_F767ZI/ARMC6/mbed-os/drivers/source/Timer.o
    0x08008442   0x00000022   Code   RO         1337    .text._ZN4mbed9TimerBase5resetEv  BUILD/NUCLEO_F767ZI/ARMC6/mbed-os/drivers/source/Timer.o
    0x08008464   0x0000002c   Code   RO         1345    .text._ZN4mbed9TimerBase5startEv  BUILD/NUCLEO_F767ZI/ARMC6/mbed-os/drivers/source/Timer.o
    0x08008490   0x0000001e   Code   RO         1335    .text._ZN4mbed9TimerBaseC2EPK13ticker_data_tb  BUILD/NUCLEO_F767ZI/ARMC6/mbed-os/drivers/source/Timer.o
    0x080084ae   0x00000014   Code   RO         1343    .text._ZN4mbed9TimerBaseD2Ev  BUILD/NUCLEO_F767ZI/ARMC6/mbed-os/drivers/source/Timer.o
    0x080084c2   0x00000002   PAD
    0x080084c4   0x00000014   Code   RO         3852    .text._ZN4mbedL15fat_error_remapE7FRESULT  BUILD/NUCLEO_F767ZI/ARMC6/mbed-os/storage/filesystem/fat/source/FATFileSystem.o
    0x080084d8   0x00000050   Code   RO         3866    .text._ZN4mbedL15fat_path_prefixEiPKc  BUILD/NUCLEO_F767ZI/ARMC6/mbed-os/storage/filesystem/fat/source/FATFileSystem.o
    0x08008528   0x00000020   Code   RO         3832    .text._ZN4mbedL20disk_get_sector_sizeEh  BUILD/NUCLEO_F767ZI/ARMC6/mbed-os/storage/filesystem/fat/source/FATFileSystem.o
    0x08008548   0x00000008   Code   RO         3906    .text._ZN4mbedL8dodeleteEPKc  BUILD/NUCLEO_F767ZI/ARMC6/mbed-os/storage/filesystem/fat/source/FATFileSystem.o
    0x08008550   0x00000004   Code   RO         3098    .text._ZN4rtos10ThisThread9sleep_forENSt3__26chrono8durationIjNS1_5ratioILx1ELx1000EEEEE  BUILD/NUCLEO_F767ZI/ARMC6/mbed-os/rtos/source/ThisThread.o
    0x08008554   0x00000028   Code   RO         1278    .text._ZN6CThunkIN4mbed10SerialBaseEE10trampolineEP10CThunkBase  BUILD/NUCLEO_F767ZI/ARMC6/mbed-os/drivers/source/SerialBase.o
    0x0800857c   0x00000014   Code   RO         1274    .text._ZN6CThunkIN4mbed10SerialBaseEED2Ev  BUILD/NUCLEO_F767ZI/ARMC6/mbed-os/drivers/source/SerialBase.o
    0x08008590   0x00000028   Code   RO         1159    .text._ZN6CThunkIN4mbed3SPIEE10trampolineEP10CThunkBase  BUILD/NUCLEO_F767ZI/ARMC6/mbed-os/drivers/source/SPI.o
    0x080085b8   0x00000014   Code   RO         1149    .text._ZN6CThunkIN4mbed3SPIEED2Ev  BUILD/NUCLEO_F767ZI/ARMC6/mbed-os/drivers/source/SPI.o
    0x080085cc   0x00000006   Code   RO          307    .text._ZN9DMX_spots10getPTSpeedEv  BUILD/NUCLEO_F767ZI/ARMC6/libs/DMX_SPOTS.o
    0x080085d2   0x00000008   Code   RO          239    .text._ZN9DMX_spots10setChanRGBEhhh  BUILD/NUCLEO_F767ZI/ARMC6/libs/DMX_SPOTS.o
    0x080085da   0x00000006   Code   RO          317    .text._ZN9DMX_spots10setPTSpeedEh  BUILD/NUCLEO_F767ZI/ARMC6/libs/DMX_SPOTS.o
    0x080085e0   0x000000cc   Code   RO          347    .text._ZN9DMX_spots10updateDataEPh  BUILD/NUCLEO_F767ZI/ARMC6/libs/DMX_SPOTS.o
    0x080086ac   0x00000022   Code   RO          209    .text._ZN9DMX_spots13setModeNoFuncEv  BUILD/NUCLEO_F767ZI/ARMC6/libs/DMX_SPOTS.o
    0x080086ce   0x0000000e   Code   RO          203    .text._ZN9DMX_spots16setChanSoundModeEhhhh  BUILD/NUCLEO_F767ZI/ARMC6/libs/DMX_SPOTS.o
    0x080086dc   0x00000006   Code   RO          269    .text._ZN9DMX_spots4getAEv  BUILD/NUCLEO_F767ZI/ARMC6/libs/DMX_SPOTS.o
    0x080086e2   0x00000006   Code   RO          257    .text._ZN9DMX_spots4getBEv  BUILD/NUCLEO_F767ZI/ARMC6/libs/DMX_SPOTS.o
    0x080086e8   0x00000006   Code   RO          255    .text._ZN9DMX_spots4getGEv  BUILD/NUCLEO_F767ZI/ARMC6/libs/DMX_SPOTS.o
    0x080086ee   0x00000006   Code   RO          253    .text._ZN9DMX_spots4getREv  BUILD/NUCLEO_F767ZI/ARMC6/libs/DMX_SPOTS.o
    0x080086f4   0x00000006   Code   RO          267    .text._ZN9DMX_spots4getWEv  BUILD/NUCLEO_F767ZI/ARMC6/libs/DMX_SPOTS.o
    0x080086fa   0x00000006   Code   RO          275    .text._ZN9DMX_spots4setAEh  BUILD/NUCLEO_F767ZI/ARMC6/libs/DMX_SPOTS.o
    0x08008700   0x00000006   Code   RO          263    .text._ZN9DMX_spots4setBEh  BUILD/NUCLEO_F767ZI/ARMC6/libs/DMX_SPOTS.o
    0x08008706   0x00000006   Code   RO          261    .text._ZN9DMX_spots4setGEh  BUILD/NUCLEO_F767ZI/ARMC6/libs/DMX_SPOTS.o
    0x0800870c   0x00000006   Code   RO          259    .text._ZN9DMX_spots4setREh  BUILD/NUCLEO_F767ZI/ARMC6/libs/DMX_SPOTS.o
    0x08008712   0x00000006   Code   RO          273    .text._ZN9DMX_spots4setWEh  BUILD/NUCLEO_F767ZI/ARMC6/libs/DMX_SPOTS.o
    0x08008718   0x00000006   Code   RO          271    .text._ZN9DMX_spots5getUVEv  BUILD/NUCLEO_F767ZI/ARMC6/libs/DMX_SPOTS.o
    0x0800871e   0x00000006   Code   RO          277    .text._ZN9DMX_spots5setUVEh  BUILD/NUCLEO_F767ZI/ARMC6/libs/DMX_SPOTS.o
    0x08008724   0x00000004   Code   RO          187    .text._ZN9DMX_spots6getAddEv  BUILD/NUCLEO_F767ZI/ARMC6/libs/DMX_SPOTS.o
    0x08008728   0x00000006   Code   RO          299    .text._ZN9DMX_spots6getPanEv  BUILD/NUCLEO_F767ZI/ARMC6/libs/DMX_SPOTS.o
    0x0800872e   0x00000006   Code   RO          309    .text._ZN9DMX_spots6setPanEh  BUILD/NUCLEO_F767ZI/ARMC6/libs/DMX_SPOTS.o
    0x08008734   0x00000024   Code   RO          265    .text._ZN9DMX_spots6setRGBEhhh  BUILD/NUCLEO_F767ZI/ARMC6/libs/DMX_SPOTS.o
    0x08008758   0x00000006   Code   RO          303    .text._ZN9DMX_spots7getTiltEv  BUILD/NUCLEO_F767ZI/ARMC6/libs/DMX_SPOTS.o
    0x0800875e   0x00000006   Code   RO          207    .text._ZN9DMX_spots7setModeEh  BUILD/NUCLEO_F767ZI/ARMC6/libs/DMX_SPOTS.o
    0x08008764   0x00000006   Code   RO          313    .text._ZN9DMX_spots7setTiltEh  BUILD/NUCLEO_F767ZI/ARMC6/libs/DMX_SPOTS.o
    0x0800876a   0x00000004   Code   RO          195    .text._ZN9DMX_spots8getGroupEv  BUILD/NUCLEO_F767ZI/ARMC6/libs/DMX_SPOTS.o
    0x0800876e   0x00000006   Code   RO          223    .text._ZN9DMX_spots9setDimmerEh  BUILD/NUCLEO_F767ZI/ARMC6/libs/DMX_SPOTS.o
    0x08008774   0x00000012   Code   RO          181    .text._ZN9DMX_spotsC2Ev  BUILD/NUCLEO_F767ZI/ARMC6/libs/DMX_SPOTS.o
    0x08008786   0x00000002   PAD
    0x08008788   0x00000034   Code   RO         2545    .text._ZNK12DirectSerial4pollEs  BUILD/NUCLEO_F767ZI/ARMC6/mbed-os/platform/source/mbed_retarget.o
    0x080087bc   0x0000001c   Code   RO         1147    .text._ZNK12SingletonPtrIN4mbed14CircularBufferINS0_11TransactionINS0_3SPIEEELj2EjEEE3getEv  BUILD/NUCLEO_F767ZI/ARMC6/mbed-os/drivers/source/SPI.o
    0x080087d8   0x00000014   Code   RO          530    .text._ZNK12SingletonPtrIN4rtos5MutexEE3getEv  BUILD/NUCLEO_F767ZI/ARMC6/mbed-os/drivers/source/AnalogIn.o
    0x080087ec   0x00000008   Code   RO         3156    .text._ZNK13SDBlockDevice13get_read_sizeEv  BUILD/NUCLEO_F767ZI/ARMC6/mbed-os/storage/blockdevice/COMPONENT_SD/source/SDBlockDevice.o
    0x080087f4   0x00000008   Code   RO         3158    .text._ZNK13SDBlockDevice16get_program_sizeEv  BUILD/NUCLEO_F767ZI/ARMC6/mbed-os/storage/blockdevice/COMPONENT_SD/source/SDBlockDevice.o
    0x080087fc   0x0000000e   Code   RO         3160    .text._ZNK13SDBlockDevice4sizeEv  BUILD/NUCLEO_F767ZI/ARMC6/mbed-os/storage/blockdevice/COMPONENT_SD/source/SDBlockDevice.o
    0x0800880a   0x00000002   PAD
    0x0800880c   0x00000008   Code   RO         3162    .text._ZNK13SDBlockDevice8get_typeEv  BUILD/NUCLEO_F767ZI/ARMC6/mbed-os/storage/blockdevice/COMPONENT_SD/source/SDBlockDevice.o
    0x08008814   0x00000004   Code   RO         1456    .text._ZNK4mbed10FileHandle11is_blockingEv  BUILD/NUCLEO_F767ZI/ARMC6/mbed-os/drivers/source/UnbufferedSerial.o
    0x08008818   0x00000004   Code   RO         1919    .text._ZNK4mbed10FileHandle4pollEs  BUILD/NUCLEO_F767ZI/ARMC6/mbed-os/platform/source/FileHandle.o
    0x0800881c   0x0000006a   Code   RO         3213    .text._ZNK4mbed11BlockDevice13is_valid_readEyy  BUILD/NUCLEO_F767ZI/ARMC6/mbed-os/storage/blockdevice/COMPONENT_SD/source/SDBlockDevice.o
    0x08008886   0x00000006   Code   RO         3207    .text._ZNK4mbed11BlockDevice14get_erase_sizeEv  BUILD/NUCLEO_F767ZI/ARMC6/mbed-os/storage/blockdevice/COMPONENT_SD/source/SDBlockDevice.o
    0x0800888c   0x00000006   Code   RO         3209    .text._ZNK4mbed11BlockDevice14get_erase_sizeEy  BUILD/NUCLEO_F767ZI/ARMC6/mbed-os/storage/blockdevice/COMPONENT_SD/source/SDBlockDevice.o
    0x08008892   0x00000068   Code   RO         3217    .text._ZNK4mbed11BlockDevice14is_valid_eraseEyy  BUILD/NUCLEO_F767ZI/ARMC6/mbed-os/storage/blockdevice/COMPONENT_SD/source/SDBlockDevice.o
    0x080088fa   0x00000006   Code   RO         3211    .text._ZNK4mbed11BlockDevice15get_erase_valueEv  BUILD/NUCLEO_F767ZI/ARMC6/mbed-os/storage/blockdevice/COMPONENT_SD/source/SDBlockDevice.o
    0x08008900   0x0000006a   Code   RO         3215    .text._ZNK4mbed11BlockDevice16is_valid_programEyy  BUILD/NUCLEO_F767ZI/ARMC6/mbed-os/storage/blockdevice/COMPONENT_SD/source/SDBlockDevice.o
    0x0800896a   0x00000010   Code   RO         2087    .text._ZNK4mbed15TickerDataClock3nowEv  BUILD/NUCLEO_F767ZI/ARMC6/mbed-os/platform/source/SysTimer.o
    0x0800897a   0x00000030   Code   RO         1410    .text._ZNK4mbed16UnbufferedSerial4pollEs  BUILD/NUCLEO_F767ZI/ARMC6/mbed-os/drivers/source/UnbufferedSerial.o
    0x080089aa   0x00000002   PAD
    0x080089ac   0x00000058   Code   RO          985    .text._ZNK4mbed4impl7MbedCRCILj79764919ELh32ELNS_7CrcModeE2EE18do_compute_partialILS2_2EEENSt3__29enable_ifIXeqT_LS2_2EEiE4typeEPKhjPj  BUILD/NUCLEO_F767ZI/ARMC6/mbed-os/drivers/source/MbedCRC.o
    0x08008a04   0x00000024   Code   RO         2501    .text._ZNK4mbed8internal18timed_predicate_op14wake_conditionEv  BUILD/NUCLEO_F767ZI/ARMC6/mbed-os/platform/source/mbed_os_timer.o
    0x08008a28   0x0000003a   Code   RO         2123    .text._ZNK4mbed8internal8SysTimerINSt3__25ratioILx1ELx1000EEELb1EE14_elapsed_ticksEv  BUILD/NUCLEO_F767ZI/ARMC6/mbed-os/platform/source/SysTimer.o
    0x08008a62   0x00000026   Code   RO         1353    .text._ZNK4mbed9TimerBase12elapsed_timeEv  BUILD/NUCLEO_F767ZI/ARMC6/mbed-os/drivers/source/Timer.o
    0x08008a88   0x00000030   Code   RO         1349    .text._ZNK4mbed9TimerBase9slicetimeEv  BUILD/NUCLEO_F767ZI/ARMC6/mbed-os/drivers/source/Timer.o
    0x08008ab8   0x0000000c   Code   RO         1416    .text._ZThn228_N4mbed16UnbufferedSerial12enable_inputEb  BUILD/NUCLEO_F767ZI/ARMC6/mbed-os/drivers/source/UnbufferedSerial.o
    0x08008ac4   0x0000000c   Code   RO         1420    .text._ZThn228_N4mbed16UnbufferedSerial13enable_outputEb  BUILD/NUCLEO_F767ZI/ARMC6/mbed-os/drivers/source/UnbufferedSerial.o
    0x08008ad0   0x00000006   Code   RO         1408    .text._ZThn228_N4mbed16UnbufferedSerial4readEPvj  BUILD/NUCLEO_F767ZI/ARMC6/mbed-os/drivers/source/UnbufferedSerial.o
    0x08008ad6   0x00000002   PAD
    0x08008ad8   0x00000008   Code   RO         1444    .text._ZThn228_N4mbed16UnbufferedSerial4seekEli  BUILD/NUCLEO_F767ZI/ARMC6/mbed-os/drivers/source/UnbufferedSerial.o
    0x08008ae0   0x00000006   Code   RO         1452    .text._ZThn228_N4mbed16UnbufferedSerial4sizeEv  BUILD/NUCLEO_F767ZI/ARMC6/mbed-os/drivers/source/UnbufferedSerial.o
    0x08008ae6   0x00000004   Code   RO         1446    .text._ZThn228_N4mbed16UnbufferedSerial5closeEv  BUILD/NUCLEO_F767ZI/ARMC6/mbed-os/drivers/source/UnbufferedSerial.o
    0x08008aea   0x00000006   Code   RO         1404    .text._ZThn228_N4mbed16UnbufferedSerial5writeEPKvj  BUILD/NUCLEO_F767ZI/ARMC6/mbed-os/drivers/source/UnbufferedSerial.o
    0x08008af0   0x00000004   Code   RO         1450    .text._ZThn228_N4mbed16UnbufferedSerial6isattyEv  BUILD/NUCLEO_F767ZI/ARMC6/mbed-os/drivers/source/UnbufferedSerial.o
    0x08008af4   0x00000006   Code   RO         1442    .text._ZThn228_N4mbed16UnbufferedSerialD0Ev  BUILD/NUCLEO_F767ZI/ARMC6/mbed-os/drivers/source/UnbufferedSerial.o
    0x08008afa   0x00000006   Code   RO         1440    .text._ZThn228_N4mbed16UnbufferedSerialD1Ev  BUILD/NUCLEO_F767ZI/ARMC6/mbed-os/drivers/source/UnbufferedSerial.o
    0x08008b00   0x00000006   Code   RO         1412    .text._ZThn228_NK4mbed16UnbufferedSerial4pollEs  BUILD/NUCLEO_F767ZI/ARMC6/mbed-os/drivers/source/UnbufferedSerial.o
    0x08008b06   0x00000002   Code   RO         4060    .text._ZThn4_N4mbed10FileSystemD0Ev  BUILD/NUCLEO_F767ZI/ARMC6/mbed-os/storage/filesystem/source/FileSystem.o
    0x08008b08   0x00000004   Code   RO         4058    .text._ZThn4_N4mbed10FileSystemD1Ev  BUILD/NUCLEO_F767ZI/ARMC6/mbed-os/storage/filesystem/source/FileSystem.o
    0x08008b0c   0x00000006   Code   RO         3846    .text._ZThn4_N4mbed13FATFileSystemD0Ev  BUILD/NUCLEO_F767ZI/ARMC6/mbed-os/storage/filesystem/fat/source/FATFileSystem.o
    0x08008b12   0x00000006   Code   RO         3842    .text._ZThn4_N4mbed13FATFileSystemD1Ev  BUILD/NUCLEO_F767ZI/ARMC6/mbed-os/storage/filesystem/fat/source/FATFileSystem.o
    0x08008b18   0x00000002   Code   RO         4066    .text._ZThn4_N4mbed14FileSystemLikeD0Ev  BUILD/NUCLEO_F767ZI/ARMC6/mbed-os/storage/filesystem/source/FileSystem.o
    0x08008b1a   0x00000004   Code   RO         4064    .text._ZThn4_N4mbed14FileSystemLikeD1Ev  BUILD/NUCLEO_F767ZI/ARMC6/mbed-os/storage/filesystem/source/FileSystem.o
    0x08008b1e   0x00000004   Code   RO         2689    .text._ZdaPv        BUILD/NUCLEO_F767ZI/ARMC6/mbed-os/platform/source/mbed_retarget.o
    0x08008b22   0x00000004   Code   RO         2633    .text._ZdlPv        BUILD/NUCLEO_F767ZI/ARMC6/mbed-os/platform/source/mbed_retarget.o
    0x08008b26   0x00000002   PAD
    0x08008b28   0x0000001c   Code   RO         2683    .text._Znaj         BUILD/NUCLEO_F767ZI/ARMC6/mbed-os/platform/source/mbed_retarget.o
    0x08008b44   0x00000020   Code   RO         2681    .text._Znwj         BUILD/NUCLEO_F767ZI/ARMC6/mbed-os/platform/source/mbed_retarget.o
    0x08008b64   0x00000024   Code   RO         2420    .text.__NVIC_SystemReset  BUILD/NUCLEO_F767ZI/ARMC6/mbed-os/platform/source/mbed_error.o
    0x08008b88   0x00000022   Code   RO         2675    .text.__cxa_guard_acquire  BUILD/NUCLEO_F767ZI/ARMC6/mbed-os/platform/source/mbed_retarget.o
    0x08008baa   0x00000002   PAD
    0x08008bac   0x00000028   Code   RO        10211    .text.__cxa_pure_virtual  c:\ProgramData\Mbed Studio\mbed-studio-tools\ac6\bin\..\lib\libcxx\libcppabi_w.l(cxa_virtual.cpp.o)
    0x08008bd4   0x00000004   Code   RO         2611    .text.__user_setup_stackheap  BUILD/NUCLEO_F767ZI/ARMC6/mbed-os/platform/source/mbed_retarget.o
    0x08008bd8   0x00000026   Code   RO         1572    .text._gpio_init_in  BUILD/NUCLEO_F767ZI/ARMC6/mbed-os/hal/source/mbed_gpio.o
    0x08008bfe   0x00000030   Code   RO         1578    .text._gpio_init_out  BUILD/NUCLEO_F767ZI/ARMC6/mbed-os/hal/source/mbed_gpio.o
    0x08008c2e   0x00000002   PAD
    0x08008c30   0x0000002c   Code   RO         2607    .text._mbed_user_setup_stackheap  BUILD/NUCLEO_F767ZI/ARMC6/mbed-os/platform/source/mbed_retarget.o
    0x08008c5c   0x00000004   Code   RO         2776    .text._platform_post_stackheap_init  BUILD/NUCLEO_F767ZI/ARMC6/mbed-os/platform/source/mbed_sdk_boot.o
    0x08008c60   0x00000108   Code   RO         2464    .text._rtc_localtime  BUILD/NUCLEO_F767ZI/ARMC6/mbed-os/platform/source/mbed_mktime.o
    0x08008d68   0x000000c8   Code   RO         2462    .text._rtc_maketime  BUILD/NUCLEO_F767ZI/ARMC6/mbed-os/platform/source/mbed_mktime.o
    0x08008e30   0x00000004   Code   RO         2575    .text._sys_close    BUILD/NUCLEO_F767ZI/ARMC6/mbed-os/platform/source/mbed_retarget.o
    0x08008e34   0x00000002   Code   RO         2585    .text._sys_exit     BUILD/NUCLEO_F767ZI/ARMC6/mbed-os/platform/source/mbed_retarget.o
    0x08008e36   0x00000026   Code   RO         2605    .text._sys_flen     BUILD/NUCLEO_F767ZI/ARMC6/mbed-os/platform/source/mbed_retarget.o
    0x08008e5c   0x00000004   Code   RO         2593    .text._sys_istty    BUILD/NUCLEO_F767ZI/ARMC6/mbed-os/platform/source/mbed_retarget.o
    0x08008e60   0x00000084   Code   RO         2569    .text._sys_open     BUILD/NUCLEO_F767ZI/ARMC6/mbed-os/platform/source/mbed_retarget.o
    0x08008ee4   0x00000006   Code   RO         2595    .text._sys_seek     BUILD/NUCLEO_F767ZI/ARMC6/mbed-os/platform/source/mbed_retarget.o
    0x08008eea   0x00000002   PAD
    0x08008eec   0x000000c0   Code   RO         2579    .text._sys_write    BUILD/NUCLEO_F767ZI/ARMC6/mbed-os/platform/source/mbed_retarget.o
    0x08008fac   0x00000014   Code   RO         2587    .text._ttywrch      BUILD/NUCLEO_F767ZI/ARMC6/mbed-os/platform/source/mbed_retarget.o
    0x08008fc0   0x00000014   Code   RO         2809    .text._wait_us_ticks  BUILD/NUCLEO_F767ZI/ARMC6/mbed-os/platform/source/mbed_wait_api_no_rtos.o
    0x08008fd4   0x00000004   Code   RO        10388    .text.abort_message  c:\ProgramData\Mbed Studio\mbed-studio-tools\ac6\bin\..\lib\libcxx\libcppabi_w.l(abort_message.cpp.o)
    0x08008fd8   0x00000002   Code   RO         1698    .text.block_us_ticker_free  BUILD/NUCLEO_F767ZI/ARMC6/mbed-os/hal/source/mbed_us_ticker_api.o
    0x08008fda   0x00000002   PAD
    0x08008fdc   0x000000fc   Code   RO         9449    .text.can_irq       BUILD/NUCLEO_F767ZI/ARMC6/mbed-os/targets/TARGET_STM/can_api.o
    0x080090d8   0x00000038   Code   RO         2577    .text.close         BUILD/NUCLEO_F767ZI/ARMC6/mbed-os/platform/source/mbed_retarget.o
    0x08009110   0x0000000c   Code   RO         2365    .text.core_util_are_interrupts_enabled  BUILD/NUCLEO_F767ZI/ARMC6/mbed-os/platform/source/mbed_critical.o
    0x0800911c   0x00000012   Code   RO         2268    .text.core_util_atomic_decr_u16  BUILD/NUCLEO_F767ZI/ARMC6/mbed-os/platform/source/mbed_atomic_impl.o
    0x0800912e   0x00000010   Code   RO         2254    .text.core_util_atomic_exchange_u8  BUILD/NUCLEO_F767ZI/ARMC6/mbed-os/platform/source/mbed_atomic_impl.o
    0x0800913e   0x00000014   Code   RO         2252    .text.core_util_atomic_flag_test_and_set  BUILD/NUCLEO_F767ZI/ARMC6/mbed-os/platform/source/mbed_atomic_impl.o
    0x08009152   0x00000012   Code   RO         2262    .text.core_util_atomic_incr_u16  BUILD/NUCLEO_F767ZI/ARMC6/mbed-os/platform/source/mbed_atomic_impl.o
    0x08009164   0x00000016   Code   RO         2314    .text.core_util_atomic_load_u64  BUILD/NUCLEO_F767ZI/ARMC6/mbed-os/platform/source/mbed_atomic_impl.o
    0x0800917a   0x00000002   PAD
    0x0800917c   0x00000010   Code   RO         2371    .text.core_util_critical_section_enter  BUILD/NUCLEO_F767ZI/ARMC6/mbed-os/platform/source/mbed_critical.o
    0x0800918c   0x00000018   Code   RO         2373    .text.core_util_critical_section_exit  BUILD/NUCLEO_F767ZI/ARMC6/mbed-os/platform/source/mbed_critical.o
    0x080091a4   0x00000004   Code   RO         2369    .text.core_util_in_critical_section  BUILD/NUCLEO_F767ZI/ARMC6/mbed-os/platform/source/mbed_critical.o
    0x080091a8   0x0000000c   Code   RO         2367    .text.core_util_is_isr_active  BUILD/NUCLEO_F767ZI/ARMC6/mbed-os/platform/source/mbed_critical.o
    0x080091b4   0x00000014   Code   RO         3828    .text.disk_initialize  BUILD/NUCLEO_F767ZI/ARMC6/mbed-os/storage/filesystem/fat/source/FATFileSystem.o
    0x080091c8   0x000000ac   Code   RO         3836    .text.disk_ioctl    BUILD/NUCLEO_F767ZI/ARMC6/mbed-os/storage/filesystem/fat/source/FATFileSystem.o
    0x08009274   0x00000034   Code   RO         3830    .text.disk_read     BUILD/NUCLEO_F767ZI/ARMC6/mbed-os/storage/filesystem/fat/source/FATFileSystem.o
    0x080092a8   0x0000005c   Code   RO         3834    .text.disk_write    BUILD/NUCLEO_F767ZI/ARMC6/mbed-os/storage/filesystem/fat/source/FATFileSystem.o
    0x08009304   0x00000024   Code   RO         2378    .text.error         BUILD/NUCLEO_F767ZI/ARMC6/mbed-os/platform/source/mbed_error.o
    0x08009328   0x0000001c   Code   RO         1682    .text.exact_log2    BUILD/NUCLEO_F767ZI/ARMC6/mbed-os/hal/source/mbed_ticker_api.o
    0x08009344   0x0000002c   Code   RO         2651    .text.exit          BUILD/NUCLEO_F767ZI/ARMC6/mbed-os/platform/source/mbed_retarget.o
    0x08009370   0x0000001e   Code   RO         3727    .text.f_close       BUILD/NUCLEO_F767ZI/ARMC6/mbed-os/storage/filesystem/fat/ChaN/ff.o
    0x0800938e   0x00000012   Code   RO         3739    .text.f_closedir    BUILD/NUCLEO_F767ZI/ARMC6/mbed-os/storage/filesystem/fat/ChaN/ff.o
    0x080093a0   0x000000ca   Code   RO         3751    .text.f_getfree     BUILD/NUCLEO_F767ZI/ARMC6/mbed-os/storage/filesystem/fat/ChaN/ff.o
    0x0800946a   0x0000010e   Code   RO         3733    .text.f_lseek       BUILD/NUCLEO_F767ZI/ARMC6/mbed-os/storage/filesystem/fat/ChaN/ff.o
    0x08009578   0x00000122   Code   RO         3759    .text.f_mkdir       BUILD/NUCLEO_F767ZI/ARMC6/mbed-os/storage/filesystem/fat/ChaN/ff.o
    0x0800969a   0x00000002   PAD
    0x0800969c   0x0000080c   Code   RO         3765    .text.f_mkfs        BUILD/NUCLEO_F767ZI/ARMC6/mbed-os/storage/filesystem/fat/ChaN/ff.o
    0x08009ea8   0x00000050   Code   RO         3685    .text.f_mount       BUILD/NUCLEO_F767ZI/ARMC6/mbed-os/storage/filesystem/fat/ChaN/ff.o
    0x08009ef8   0x000001fa   Code   RO         3691    .text.f_open        BUILD/NUCLEO_F767ZI/ARMC6/mbed-os/storage/filesystem/fat/ChaN/ff.o
    0x0800a0f2   0x00000088   Code   RO         3735    .text.f_opendir     BUILD/NUCLEO_F767ZI/ARMC6/mbed-os/storage/filesystem/fat/ChaN/ff.o
    0x0800a17a   0x0000013e   Code   RO         3713    .text.f_read        BUILD/NUCLEO_F767ZI/ARMC6/mbed-os/storage/filesystem/fat/ChaN/ff.o
    0x0800a2b8   0x0000005a   Code   RO         3741    .text.f_readdir     BUILD/NUCLEO_F767ZI/ARMC6/mbed-os/storage/filesystem/fat/ChaN/ff.o
    0x0800a312   0x00000132   Code   RO         3763    .text.f_rename      BUILD/NUCLEO_F767ZI/ARMC6/mbed-os/storage/filesystem/fat/ChaN/ff.o
    0x0800a444   0x00000058   Code   RO         3749    .text.f_stat        BUILD/NUCLEO_F767ZI/ARMC6/mbed-os/storage/filesystem/fat/ChaN/ff.o
    0x0800a49c   0x00000068   Code   RO         3723    .text.f_sync        BUILD/NUCLEO_F767ZI/ARMC6/mbed-os/storage/filesystem/fat/ChaN/ff.o
    0x0800a504   0x00000076   Code   RO         3753    .text.f_truncate    BUILD/NUCLEO_F767ZI/ARMC6/mbed-os/storage/filesystem/fat/ChaN/ff.o
    0x0800a57a   0x000000d8   Code   RO         3755    .text.f_unlink      BUILD/NUCLEO_F767ZI/ARMC6/mbed-os/storage/filesystem/fat/ChaN/ff.o
    0x0800a652   0x0000018e   Code   RO         3717    .text.f_write       BUILD/NUCLEO_F767ZI/ARMC6/mbed-os/storage/filesystem/fat/ChaN/ff.o
    0x0800a7e0   0x00000004   Code   RO         3822    .text.ff_memalloc   BUILD/NUCLEO_F767ZI/ARMC6/mbed-os/storage/filesystem/fat/source/FATFileSystem.o
    0x0800a7e4   0x00000004   Code   RO         3824    .text.ff_memfree    BUILD/NUCLEO_F767ZI/ARMC6/mbed-os/storage/filesystem/fat/source/FATFileSystem.o
    0x0800a7e8   0x00000024   Code   RO         3812    .text.ff_oem2uni    BUILD/NUCLEO_F767ZI/ARMC6/mbed-os/storage/filesystem/fat/ChaN/ffunicode.o
    0x0800a80c   0x00000040   Code   RO         3810    .text.ff_uni2oem    BUILD/NUCLEO_F767ZI/ARMC6/mbed-os/storage/filesystem/fat/ChaN/ffunicode.o
    0x0800a84c   0x00000088   Code   RO         3814    .text.ff_wtoupper   BUILD/NUCLEO_F767ZI/ARMC6/mbed-os/storage/filesystem/fat/ChaN/ffunicode.o
    0x0800a8d4   0x00000028   Code   RO         2603    .text.fsync         BUILD/NUCLEO_F767ZI/ARMC6/mbed-os/platform/source/mbed_retarget.o
    0x0800a8fc   0x0000003a   Code   RO         3820    .text.get_fattime   BUILD/NUCLEO_F767ZI/ARMC6/mbed-os/storage/filesystem/fat/source/FATFileSystem.o
    0x0800a936   0x00000002   PAD
    0x0800a938   0x00000008   Code   RO         1594    .text.get_lp_ticker_data  BUILD/NUCLEO_F767ZI/ARMC6/mbed-os/hal/source/mbed_lp_ticker_api.o
    0x0800a940   0x00000074   Code   RO         9796    .text.get_uart_index  BUILD/NUCLEO_F767ZI/ARMC6/mbed-os/targets/TARGET_STM/serial_api.o
    0x0800a9b4   0x00000008   Code   RO         1692    .text.get_us_ticker_data  BUILD/NUCLEO_F767ZI/ARMC6/mbed-os/hal/source/mbed_us_ticker_api.o
    0x0800a9bc   0x00000040   Code   RO         2750    .text.gettimeofday  BUILD/NUCLEO_F767ZI/ARMC6/mbed-os/platform/source/mbed_rtc_time.o
    0x0800a9fc   0x0000002a   Code   RO         9487    .text.gpio_dir      BUILD/NUCLEO_F767ZI/ARMC6/mbed-os/targets/TARGET_STM/gpio_api.o
    0x0800aa26   0x00000002   PAD
    0x0800aa28   0x00000044   Code   RO         9483    .text.gpio_init     BUILD/NUCLEO_F767ZI/ARMC6/mbed-os/targets/TARGET_STM/gpio_api.o
    0x0800aa6c   0x00000006   Code   RO         1568    .text.gpio_init_in  BUILD/NUCLEO_F767ZI/ARMC6/mbed-os/hal/source/mbed_gpio.o
    0x0800aa72   0x00000006   Code   RO         1574    .text.gpio_init_out  BUILD/NUCLEO_F767ZI/ARMC6/mbed-os/hal/source/mbed_gpio.o
    0x0800aa78   0x00000008   Code   RO         1576    .text.gpio_init_out_ex  BUILD/NUCLEO_F767ZI/ARMC6/mbed-os/hal/source/mbed_gpio.o
    0x0800aa80   0x00000008   Code   RO         9485    .text.gpio_mode     BUILD/NUCLEO_F767ZI/ARMC6/mbed-os/targets/TARGET_STM/gpio_api.o
    0x0800aa88   0x00000018   Code   RO         9481    .text.gpio_set      BUILD/NUCLEO_F767ZI/ARMC6/mbed-os/targets/TARGET_STM/gpio_api.o
    0x0800aaa0   0x00000014   Code   RO         1566    .text.gpio_write    BUILD/NUCLEO_F767ZI/ARMC6/mbed-os/hal/source/mbed_gpio.o
    0x0800aab4   0x00000018   Code   RO         1553    .text.hal_critical_section_enter  BUILD/NUCLEO_F767ZI/ARMC6/mbed-os/hal/source/mbed_critical_section_api.o
    0x0800aacc   0x00000010   Code   RO         1555    .text.hal_critical_section_exit  BUILD/NUCLEO_F767ZI/ARMC6/mbed-os/hal/source/mbed_critical_section_api.o
    0x0800aadc   0x00000110   Code   RO         9807    .text.hal_deepsleep  BUILD/NUCLEO_F767ZI/ARMC6/mbed-os/targets/TARGET_STM/sleep.o
    0x0800abec   0x0000000c   Code   RO         1557    .text.hal_in_critical_section  BUILD/NUCLEO_F767ZI/ARMC6/mbed-os/hal/source/mbed_critical_section_api.o
    0x0800abf8   0x00000020   Code   RO         9805    .text.hal_sleep     BUILD/NUCLEO_F767ZI/ARMC6/mbed-os/targets/TARGET_STM/sleep.o
    0x0800ac18   0x0000007c   Code   RO         2380    .text.handle_error  BUILD/NUCLEO_F767ZI/ARMC6/mbed-os/platform/source/mbed_error.o
    0x0800ac94   0x000000ac   Code   RO         9908    .text.init_32bit_timer  BUILD/NUCLEO_F767ZI/ARMC6/mbed-os/targets/TARGET_STM/us_ticker.o
    0x0800ad40   0x00000048   Code   RO         9815    .text.init_spi      BUILD/NUCLEO_F767ZI/ARMC6/mbed-os/targets/TARGET_STM/stm_spi_api.o
    0x0800ad88   0x0000006c   Code   RO         9776    .text.init_uart     BUILD/NUCLEO_F767ZI/ARMC6/mbed-os/targets/TARGET_STM/serial_api.o
    0x0800adf4   0x000000e4   Code   RO         1654    .text.initialize    BUILD/NUCLEO_F767ZI/ARMC6/mbed-os/hal/source/mbed_ticker_api.o
    0x0800aed8   0x00000050   Code   RO         1664    .text.insert_event  BUILD/NUCLEO_F767ZI/ARMC6/mbed-os/hal/source/mbed_ticker_api.o
    0x0800af28   0x00000028   Code   RO         2563    .text.isatty        BUILD/NUCLEO_F767ZI/ARMC6/mbed-os/platform/source/mbed_retarget.o
    0x0800af50   0x00000024   Code   RO         9662    .text.lp_ticker_clear_interrupt  BUILD/NUCLEO_F767ZI/ARMC6/mbed-os/targets/TARGET_STM/lp_ticker.o
    0x0800af74   0x00000050   Code   RO         9654    .text.lp_ticker_disable_interrupt  BUILD/NUCLEO_F767ZI/ARMC6/mbed-os/targets/TARGET_STM/lp_ticker.o
    0x0800afc4   0x00000024   Code   RO         9664    .text.lp_ticker_fire_interrupt  BUILD/NUCLEO_F767ZI/ARMC6/mbed-os/targets/TARGET_STM/lp_ticker.o
    0x0800afe8   0x00000004   Code   RO         9666    .text.lp_ticker_free  BUILD/NUCLEO_F767ZI/ARMC6/mbed-os/targets/TARGET_STM/lp_ticker.o
    0x0800afec   0x00000008   Code   RO         9650    .text.lp_ticker_get_info  BUILD/NUCLEO_F767ZI/ARMC6/mbed-os/targets/TARGET_STM/lp_ticker.o
    0x0800aff4   0x00000184   Code   RO         9652    .text.lp_ticker_init  BUILD/NUCLEO_F767ZI/ARMC6/mbed-os/targets/TARGET_STM/lp_ticker.o
    0x0800b178   0x00000014   Code   RO         1598    .text.lp_ticker_irq_handler  BUILD/NUCLEO_F767ZI/ARMC6/mbed-os/hal/source/mbed_lp_ticker_api.o
    0x0800b18c   0x00000010   Code   RO         9658    .text.lp_ticker_read  BUILD/NUCLEO_F767ZI/ARMC6/mbed-os/targets/TARGET_STM/lp_ticker.o
    0x0800b19c   0x000000b0   Code   RO         9660    .text.lp_ticker_set_interrupt  BUILD/NUCLEO_F767ZI/ARMC6/mbed-os/targets/TARGET_STM/lp_ticker.o
    0x0800b24c   0x0000002a   Code   RO         2597    .text.lseek         BUILD/NUCLEO_F767ZI/ARMC6/mbed-os/platform/source/mbed_retarget.o
    0x0800b276   0x00000002   PAD
    0x0800b278   0x00000120   Code   RO          492    .text.main          BUILD/NUCLEO_F767ZI/ARMC6/main.o
    0x0800b398   0x00000028   Code   RO         2768    .text.mbed_copy_nvic  BUILD/NUCLEO_F767ZI/ARMC6/mbed-os/platform/source/mbed_sdk_boot.o
    0x0800b3c0   0x00000064   Code   RO         2354    .text.mbed_die      BUILD/NUCLEO_F767ZI/ARMC6/mbed-os/platform/source/mbed_board.o
    0x0800b424   0x00000068   Code   RO         2400    .text.mbed_error    BUILD/NUCLEO_F767ZI/ARMC6/mbed-os/platform/source/mbed_error.o
    0x0800b48c   0x00000068   Code   RO         2388    .text.mbed_error_initialize  BUILD/NUCLEO_F767ZI/ARMC6/mbed-os/platform/source/mbed_error.o
    0x0800b4f4   0x00000018   Code   RO         2356    .text.mbed_error_printf  BUILD/NUCLEO_F767ZI/ARMC6/mbed-os/platform/source/mbed_board.o
    0x0800b50c   0x0000004c   Code   RO         2360    .text.mbed_error_puts  BUILD/NUCLEO_F767ZI/ARMC6/mbed-os/platform/source/mbed_board.o
    0x0800b558   0x00000034   Code   RO         2358    .text.mbed_error_vprintf  BUILD/NUCLEO_F767ZI/ARMC6/mbed-os/platform/source/mbed_board.o
    0x0800b58c   0x000000f4   Code   RO         2231    .text.mbed_fault_handler  BUILD/NUCLEO_F767ZI/ARMC6/mbed-os/platform/source/TARGET_CORTEX_M/mbed_fault_handler.o
    0x0800b680   0x00000030   Code   RO         2382    .text.mbed_halt_system  BUILD/NUCLEO_F767ZI/ARMC6/mbed-os/platform/source/mbed_error.o
    0x0800b6b0   0x00000012   Code   RO         2770    .text.mbed_init     BUILD/NUCLEO_F767ZI/ARMC6/mbed-os/platform/source/mbed_sdk_boot.o
    0x0800b6c2   0x00000006   PAD
    0x0800b6c8   0x000004f8   Code   RO         2952    .text.mbed_minimal_formatted_string  BUILD/NUCLEO_F767ZI/ARMC6/mbed-os/platform/source/minimal-printf/mbed_printf_implementation.o
    0x0800bbc0   0x00000160   Code   RO         2956    .text.mbed_minimal_formatted_string_integer  BUILD/NUCLEO_F767ZI/ARMC6/mbed-os/platform/source/minimal-printf/mbed_printf_implementation.o
    0x0800bd20   0x0000003c   Code   RO         2958    .text.mbed_minimal_putchar  BUILD/NUCLEO_F767ZI/ARMC6/mbed-os/platform/source/minimal-printf/mbed_printf_implementation.o
    0x0800bd5c   0x000000c0   Code   RO         9683    .text.mbed_sdk_init  BUILD/NUCLEO_F767ZI/ARMC6/mbed-os/targets/TARGET_STM/mbed_overrides.o
    0x0800be1c   0x0000001e   Code   RO          972    .text.mbed_tiny_compute_crc32  BUILD/NUCLEO_F767ZI/ARMC6/mbed-os/drivers/source/MbedCRC.o
    0x0800be3a   0x0000000a   Code   RO         9837    .text.msp_wait_readable  BUILD/NUCLEO_F767ZI/ARMC6/mbed-os/targets/TARGET_STM/stm_spi_api.o
    0x0800be44   0x0000000a   Code   RO         9835    .text.msp_wait_writable  BUILD/NUCLEO_F767ZI/ARMC6/mbed-os/targets/TARGET_STM/stm_spi_api.o
    0x0800be4e   0x00000002   PAD
    0x0800be50   0x00000084   Code   RO         2571    .text.open          BUILD/NUCLEO_F767ZI/ARMC6/mbed-os/platform/source/mbed_retarget.o
    0x0800bed4   0x00000024   Code   RO         2954    .text.parse_string_to_integer  BUILD/NUCLEO_F767ZI/ARMC6/mbed-os/platform/source/minimal-printf/mbed_printf_implementation.o
    0x0800bef8   0x000000e0   Code   RO         9691    .text.pin_function  BUILD/NUCLEO_F767ZI/ARMC6/mbed-os/targets/TARGET_STM/pinmap.o
    0x0800bfd8   0x00000078   Code   RO         9695    .text.pin_mode      BUILD/NUCLEO_F767ZI/ARMC6/mbed-os/targets/TARGET_STM/pinmap.o
    0x0800c050   0x00000022   Code   RO         1615    .text.pinmap_find_function  BUILD/NUCLEO_F767ZI/ARMC6/mbed-os/hal/source/mbed_pinmap_common.o
    0x0800c072   0x00000022   Code   RO         1611    .text.pinmap_find_peripheral  BUILD/NUCLEO_F767ZI/ARMC6/mbed-os/hal/source/mbed_pinmap_common.o
    0x0800c094   0x00000024   Code   RO         1609    .text.pinmap_merge  BUILD/NUCLEO_F767ZI/ARMC6/mbed-os/hal/source/mbed_pinmap_common.o
    0x0800c0b8   0x00000028   Code   RO         1613    .text.pinmap_peripheral  BUILD/NUCLEO_F767ZI/ARMC6/mbed-os/hal/source/mbed_pinmap_common.o
    0x0800c0e0   0x0000015c   Code   RO         2233    .text.print_context_info  BUILD/NUCLEO_F767ZI/ARMC6/mbed-os/platform/source/TARGET_CORTEX_M/mbed_fault_handler.o
    0x0800c23c   0x00000014   Code   RO         9924    .text.restore_timer_ctx  BUILD/NUCLEO_F767ZI/ARMC6/mbed-os/targets/TARGET_STM/us_ticker.o
    0x0800c250   0x0000014c   Code   RO         9757    .text.rtc_init      BUILD/NUCLEO_F767ZI/ARMC6/mbed-os/targets/TARGET_STM/rtc_api.o
    0x0800c39c   0x00000010   Code   RO         9765    .text.rtc_isenabled  BUILD/NUCLEO_F767ZI/ARMC6/mbed-os/targets/TARGET_STM/rtc_api.o
    0x0800c3ac   0x00000078   Code   RO         9761    .text.rtc_read      BUILD/NUCLEO_F767ZI/ARMC6/mbed-os/targets/TARGET_STM/rtc_api.o
    0x0800c424   0x000000cc   Code   RO         9763    .text.rtc_write     BUILD/NUCLEO_F767ZI/ARMC6/mbed-os/targets/TARGET_STM/rtc_api.o
    0x0800c4f0   0x0000001c   Code   RO         9922    .text.save_timer_ctx  BUILD/NUCLEO_F767ZI/ARMC6/mbed-os/targets/TARGET_STM/us_ticker.o
    0x0800c50c   0x000000ca   Code   RO         1660    .text.schedule_interrupt  BUILD/NUCLEO_F767ZI/ARMC6/mbed-os/hal/source/mbed_ticker_api.o
    0x0800c5d6   0x00000006   Code   RO         9774    .text.serial_baud   BUILD/NUCLEO_F767ZI/ARMC6/mbed-os/targets/TARGET_STM/serial_api.o
    0x0800c5dc   0x000000b8   Code   RO         9778    .text.serial_format  BUILD/NUCLEO_F767ZI/ARMC6/mbed-os/targets/TARGET_STM/serial_api.o
    0x0800c694   0x00000154   Code   RO         9772    .text.serial_free   BUILD/NUCLEO_F767ZI/ARMC6/mbed-os/targets/TARGET_STM/serial_api.o
    0x0800c7e8   0x00000068   Code   RO         9254    .text.serial_getc   BUILD/NUCLEO_F767ZI/ARMC6/mbed-os/targets/TARGET_STM/TARGET_STM32F7/serial_device.o
    0x0800c850   0x000001f4   Code   RO         9770    .text.serial_init   BUILD/NUCLEO_F767ZI/ARMC6/mbed-os/targets/TARGET_STM/serial_api.o
    0x0800ca44   0x0000000e   Code   RO         1729    .text.serial_init_direct  BUILD/NUCLEO_F767ZI/ARMC6/mbed-os/hal/source/static_pinmap.o
    0x0800ca52   0x00000002   PAD
    0x0800ca54   0x00000014   Code   RO         9234    .text.serial_irq_handler  BUILD/NUCLEO_F767ZI/ARMC6/mbed-os/targets/TARGET_STM/TARGET_STM32F7/serial_device.o
    0x0800ca68   0x0000011c   Code   RO         9236    .text.serial_irq_set  BUILD/NUCLEO_F767ZI/ARMC6/mbed-os/targets/TARGET_STM/TARGET_STM32F7/serial_device.o
    0x0800cb84   0x000000b4   Code   RO         9798    .text.serial_is_tx_ongoing  BUILD/NUCLEO_F767ZI/ARMC6/mbed-os/targets/TARGET_STM/serial_api.o
    0x0800cc38   0x00000024   Code   RO         9256    .text.serial_putc   BUILD/NUCLEO_F767ZI/ARMC6/mbed-os/targets/TARGET_STM/TARGET_STM32F7/serial_device.o
    0x0800cc5c   0x00000020   Code   RO         9788    .text.serial_readable  BUILD/NUCLEO_F767ZI/ARMC6/mbed-os/targets/TARGET_STM/serial_api.o
    0x0800cc7c   0x00000018   Code   RO         9790    .text.serial_writable  BUILD/NUCLEO_F767ZI/ARMC6/mbed-os/targets/TARGET_STM/serial_api.o
    0x0800cc94   0x00000010   Code   RO         2752    .text.set_time      BUILD/NUCLEO_F767ZI/ARMC6/mbed-os/platform/source/mbed_rtc_time.o
    0x0800cca4   0x0000002c   Code   RO         2748    .text.settimeofday  BUILD/NUCLEO_F767ZI/ARMC6/mbed-os/platform/source/mbed_rtc_time.o
    0x0800ccd0   0x00000024   Code   RO         2520    .text.sleep_manager_lock_deep_sleep_internal  BUILD/NUCLEO_F767ZI/ARMC6/mbed-os/platform/source/mbed_power_mgmt.o
    0x0800ccf4   0x00000020   Code   RO         2528    .text.sleep_manager_sleep_auto  BUILD/NUCLEO_F767ZI/ARMC6/mbed-os/platform/source/mbed_power_mgmt.o
    0x0800cd14   0x00000030   Code   RO         2522    .text.sleep_manager_unlock_deep_sleep_internal  BUILD/NUCLEO_F767ZI/ARMC6/mbed-os/platform/source/mbed_power_mgmt.o
    0x0800cd44   0x00000018   Code   RO         9817    .text.spi_flush_rx  BUILD/NUCLEO_F767ZI/ARMC6/mbed-os/targets/TARGET_STM/stm_spi_api.o
    0x0800cd5c   0x0000009c   Code   RO         9825    .text.spi_format    BUILD/NUCLEO_F767ZI/ARMC6/mbed-os/targets/TARGET_STM/stm_spi_api.o
    0x0800cdf8   0x00000050   Code   RO         9829    .text.spi_frequency  BUILD/NUCLEO_F767ZI/ARMC6/mbed-os/targets/TARGET_STM/stm_spi_api.o
    0x0800ce48   0x00000020   Code   RO         9827    .text.spi_get_baudrate  BUILD/NUCLEO_F767ZI/ARMC6/mbed-os/targets/TARGET_STM/stm_spi_api.o
    0x0800ce68   0x00000074   Code   RO         9294    .text.spi_get_clock_freq  BUILD/NUCLEO_F767ZI/ARMC6/mbed-os/targets/TARGET_STM/TARGET_STM32F7/spi_api.o
    0x0800cedc   0x0000004c   Code   RO         9819    .text.spi_get_peripheral_name  BUILD/NUCLEO_F767ZI/ARMC6/mbed-os/targets/TARGET_STM/stm_spi_api.o
    0x0800cf28   0x0000023c   Code   RO         9821    .text.spi_init      BUILD/NUCLEO_F767ZI/ARMC6/mbed-os/targets/TARGET_STM/stm_spi_api.o
    0x0800d164   0x000000ba   Code   RO         9839    .text.spi_master_block_write  BUILD/NUCLEO_F767ZI/ARMC6/mbed-os/targets/TARGET_STM/stm_spi_api.o
    0x0800d21e   0x00000002   PAD
    0x0800d220   0x00000100   Code   RO         9833    .text.spi_master_one_wire_transfer  BUILD/NUCLEO_F767ZI/ARMC6/mbed-os/targets/TARGET_STM/stm_spi_api.o
    0x0800d320   0x0000007e   Code   RO         9831    .text.spi_master_write  BUILD/NUCLEO_F767ZI/ARMC6/mbed-os/targets/TARGET_STM/stm_spi_api.o
    0x0800d39e   0x0000003a   Code   RO         9693    .text.stm_pin_PullConfig  BUILD/NUCLEO_F767ZI/ARMC6/mbed-os/targets/TARGET_STM/pinmap.o
    0x0800d3d8   0x00000004   Code   RO         2402    .text.system_reset  BUILD/NUCLEO_F767ZI/ARMC6/mbed-os/platform/source/mbed_error.o
    0x0800d3dc   0x00000008   Code   RO         2799    .text.thread_sleep_for  BUILD/NUCLEO_F767ZI/ARMC6/mbed-os/platform/source/mbed_thread.o
    0x0800d3e4   0x00000024   Code   RO         1666    .text.ticker_insert_event_us  BUILD/NUCLEO_F767ZI/ARMC6/mbed-os/hal/source/mbed_ticker_api.o
    0x0800d408   0x0000005e   Code   RO         1656    .text.ticker_irq_handler  BUILD/NUCLEO_F767ZI/ARMC6/mbed-os/hal/source/mbed_ticker_api.o
    0x0800d466   0x00000020   Code   RO         1672    .text.ticker_read_us  BUILD/NUCLEO_F767ZI/ARMC6/mbed-os/hal/source/mbed_ticker_api.o
    0x0800d486   0x00000030   Code   RO         1668    .text.ticker_remove_event  BUILD/NUCLEO_F767ZI/ARMC6/mbed-os/hal/source/mbed_ticker_api.o
    0x0800d4b6   0x0000001a   Code   RO         1652    .text.ticker_set_handler  BUILD/NUCLEO_F767ZI/ARMC6/mbed-os/hal/source/mbed_ticker_api.o
    0x0800d4d0   0x00000012   Code   RO         2754    .text.time          BUILD/NUCLEO_F767ZI/ARMC6/mbed-os/platform/source/mbed_rtc_time.o
    0x0800d4e2   0x00000002   PAD
    0x0800d4e4   0x00000024   Code   RO         9906    .text.timer_irq_handler  BUILD/NUCLEO_F767ZI/ARMC6/mbed-os/targets/TARGET_STM/us_ticker.o
    0x0800d508   0x0000000c   Code   RO         9238    .text.uart1_irq     BUILD/NUCLEO_F767ZI/ARMC6/mbed-os/targets/TARGET_STM/TARGET_STM32F7/serial_device.o
    0x0800d514   0x0000000c   Code   RO         9240    .text.uart2_irq     BUILD/NUCLEO_F767ZI/ARMC6/mbed-os/targets/TARGET_STM/TARGET_STM32F7/serial_device.o
    0x0800d520   0x0000000c   Code   RO         9242    .text.uart3_irq     BUILD/NUCLEO_F767ZI/ARMC6/mbed-os/targets/TARGET_STM/TARGET_STM32F7/serial_device.o
    0x0800d52c   0x0000000c   Code   RO         9244    .text.uart4_irq     BUILD/NUCLEO_F767ZI/ARMC6/mbed-os/targets/TARGET_STM/TARGET_STM32F7/serial_device.o
    0x0800d538   0x0000000c   Code   RO         9246    .text.uart5_irq     BUILD/NUCLEO_F767ZI/ARMC6/mbed-os/targets/TARGET_STM/TARGET_STM32F7/serial_device.o
    0x0800d544   0x0000000c   Code   RO         9248    .text.uart6_irq     BUILD/NUCLEO_F767ZI/ARMC6/mbed-os/targets/TARGET_STM/TARGET_STM32F7/serial_device.o
    0x0800d550   0x0000000c   Code   RO         9250    .text.uart7_irq     BUILD/NUCLEO_F767ZI/ARMC6/mbed-os/targets/TARGET_STM/TARGET_STM32F7/serial_device.o
    0x0800d55c   0x0000000c   Code   RO         9252    .text.uart8_irq     BUILD/NUCLEO_F767ZI/ARMC6/mbed-os/targets/TARGET_STM/TARGET_STM32F7/serial_device.o
    0x0800d568   0x00000074   Code   RO         9282    .text.uart_irq      BUILD/NUCLEO_F767ZI/ARMC6/mbed-os/targets/TARGET_STM/TARGET_STM32F7/serial_device.o
    0x0800d5dc   0x0000007c   Code   RO         1658    .text.update_present_time  BUILD/NUCLEO_F767ZI/ARMC6/mbed-os/hal/source/mbed_ticker_api.o
    0x0800d658   0x0000000c   Code   RO         9920    .text.us_ticker_clear_interrupt  BUILD/NUCLEO_F767ZI/ARMC6/mbed-os/targets/TARGET_STM/us_ticker.o
    0x0800d664   0x00000010   Code   RO         9918    .text.us_ticker_disable_interrupt  BUILD/NUCLEO_F767ZI/ARMC6/mbed-os/targets/TARGET_STM/us_ticker.o
    0x0800d674   0x0000001c   Code   RO         9916    .text.us_ticker_fire_interrupt  BUILD/NUCLEO_F767ZI/ARMC6/mbed-os/targets/TARGET_STM/us_ticker.o
    0x0800d690   0x00000008   Code   RO         9904    .text.us_ticker_get_info  BUILD/NUCLEO_F767ZI/ARMC6/mbed-os/targets/TARGET_STM/us_ticker.o
    0x0800d698   0x00000014   Code   RO         9910    .text.us_ticker_init  BUILD/NUCLEO_F767ZI/ARMC6/mbed-os/targets/TARGET_STM/us_ticker.o
    0x0800d6ac   0x00000014   Code   RO         1696    .text.us_ticker_irq_handler  BUILD/NUCLEO_F767ZI/ARMC6/mbed-os/hal/source/mbed_us_ticker_api.o
    0x0800d6c0   0x0000000c   Code   RO         9912    .text.us_ticker_read  BUILD/NUCLEO_F767ZI/ARMC6/mbed-os/targets/TARGET_STM/us_ticker.o
    0x0800d6cc   0x0000001c   Code   RO         9914    .text.us_ticker_set_interrupt  BUILD/NUCLEO_F767ZI/ARMC6/mbed-os/targets/TARGET_STM/us_ticker.o
    0x0800d6e8   0x00000028   Code   RO         2813    .text.wait_ns       BUILD/NUCLEO_F767ZI/ARMC6/mbed-os/platform/source/mbed_wait_api_no_rtos.o
    0x0800d710   0x0000002a   Code   RO         2583    .text.write         BUILD/NUCLEO_F767ZI/ARMC6/mbed-os/platform/source/mbed_retarget.o
    0x0800d73a   0x0000001a   Code   RO        10048    i.fputc             c:\ProgramData\Mbed Studio\mbed-studio-tools\ac6\bin\..\lib\armlib\c_w.l(fputc.o)
    0x0800d754   0x00000150   Code   RO        10125    x$fpl$dadd          c:\ProgramData\Mbed Studio\mbed-studio-tools\ac6\bin\..\lib\armlib\fz_wm.l(daddsub_clz.o)
    0x0800d8a4   0x00000018   Code   RO        10499    x$fpl$dcmpinf       c:\ProgramData\Mbed Studio\mbed-studio-tools\ac6\bin\..\lib\armlib\fz_wm.l(dcmpi.o)
    0x0800d8bc   0x000002b4   Code   RO        10134    x$fpl$ddiv          c:\ProgramData\Mbed Studio\mbed-studio-tools\ac6\bin\..\lib\armlib\fz_wm.l(ddiv.o)
    0x0800db70   0x00000078   Code   RO        10353    x$fpl$deqf          c:\ProgramData\Mbed Studio\mbed-studio-tools\ac6\bin\..\lib\armlib\fz_wm.l(deqf.o)
    0x0800dbe8   0x0000005e   Code   RO        10137    x$fpl$dfix          c:\ProgramData\Mbed Studio\mbed-studio-tools\ac6\bin\..\lib\armlib\fz_wm.l(dfix.o)
    0x0800dc46   0x00000002   PAD
    0x0800dc48   0x000000a2   Code   RO        10155    x$fpl$dfltll        c:\ProgramData\Mbed Studio\mbed-studio-tools\ac6\bin\..\lib\armlib\fz_wm.l(dfltll_clz.o)
    0x0800dcea   0x00000026   Code   RO        10149    x$fpl$dfltu         c:\ProgramData\Mbed Studio\mbed-studio-tools\ac6\bin\..\lib\armlib\fz_wm.l(dflt_clz.o)
    0x0800dd10   0x00000078   Code   RO        10355    x$fpl$dgeqf         c:\ProgramData\Mbed Studio\mbed-studio-tools\ac6\bin\..\lib\armlib\fz_wm.l(dgeqf.o)
    0x0800dd88   0x00000078   Code   RO        10357    x$fpl$dleqf         c:\ProgramData\Mbed Studio\mbed-studio-tools\ac6\bin\..\lib\armlib\fz_wm.l(dleqf.o)
    0x0800de00   0x00000154   Code   RO        10159    x$fpl$dmul          c:\ProgramData\Mbed Studio\mbed-studio-tools\ac6\bin\..\lib\armlib\fz_wm.l(dmul.o)
    0x0800df54   0x0000009c   Code   RO        10359    x$fpl$dnaninf       c:\ProgramData\Mbed Studio\mbed-studio-tools\ac6\bin\..\lib\armlib\fz_wm.l(dnaninf.o)
    0x0800dff0   0x0000000c   Code   RO        10361    x$fpl$dretinf       c:\ProgramData\Mbed Studio\mbed-studio-tools\ac6\bin\..\lib\armlib\fz_wm.l(dretinf.o)
    0x0800dffc   0x000001dc   Code   RO        10127    x$fpl$dsub          c:\ProgramData\Mbed Studio\mbed-studio-tools\ac6\bin\..\lib\armlib\fz_wm.l(daddsub_clz.o)
    0x0800e1d8   0x00000054   Code   RO        10131    x$fpl$fcmp          c:\ProgramData\Mbed Studio\mbed-studio-tools\ac6\bin\..\lib\armlib\fz_wm.l(dcmp.o)
    0x0800e22c   0x0000001a   Code   RO        10501    x$fpl$fpinit        c:\ProgramData\Mbed Studio\mbed-studio-tools\ac6\bin\..\lib\armlib\fz_wm.l(fpinit.o)
    0x0800e246   0x00000002   PAD
    0x0800e248   0x000000c2   Code   RO        10141    x$fpl$llsfromd      c:\ProgramData\Mbed Studio\mbed-studio-tools\ac6\bin\..\lib\armlib\fz_wm.l(dfixll.o)
    0x0800e30a   0x00000000   Code   RO        10367    x$fpl$usenofp       c:\ProgramData\Mbed Studio\mbed-studio-tools\ac6\bin\..\lib\armlib\fz_wm.l(usenofp.o)
    0x0800e30a   0x0000000c   Data   RO        10477    .constdata          c:\ProgramData\Mbed Studio\mbed-studio-tools\ac6\bin\..\lib\armlib\c_w.l(_monlen.o)
    0x0800e316   0x00000002   PAD
    0x0800e318   0x00000000   Data   RO         2780    .rodata             BUILD/NUCLEO_F767ZI/ARMC6/mbed-os/platform/source/mbed_sdk_boot.o
    0x0800e318   0x00000050   Data   RO         3931    .rodata..Lswitch.table._ZN4mbedL15fat_error_remapE7FRESULT  BUILD/NUCLEO_F767ZI/ARMC6/mbed-os/storage/filesystem/fat/source/FATFileSystem.o
    0x0800e368   0x00000010   Data   RO         9139    .rodata.AHBPrescTable  BUILD/NUCLEO_F767ZI/ARMC6/mbed-os/targets/TARGET_STM/TARGET_STM32F7/STM32Cube_FW/system_stm32f7xx.o
    0x0800e378   0x00000008   Data   RO         9140    .rodata.APBPrescTable  BUILD/NUCLEO_F767ZI/ARMC6/mbed-os/targets/TARGET_STM/TARGET_STM32F7/STM32Cube_FW/system_stm32f7xx.o
    0x0800e380   0x000000a8   Data   RO         9154    .rodata.PinMap_SPI_MISO  BUILD/NUCLEO_F767ZI/ARMC6/mbed-os/targets/TARGET_STM/TARGET_STM32F7/TARGET_STM32F767xI/TARGET_NUCLEO_F767ZI/PeripheralPins.o
    0x0800e428   0x000000d8   Data   RO         9153    .rodata.PinMap_SPI_MOSI  BUILD/NUCLEO_F767ZI/ARMC6/mbed-os/targets/TARGET_STM/TARGET_STM32F7/TARGET_STM32F767xI/TARGET_NUCLEO_F767ZI/PeripheralPins.o
    0x0800e500   0x000000cc   Data   RO         9155    .rodata.PinMap_SPI_SCLK  BUILD/NUCLEO_F767ZI/ARMC6/mbed-os/targets/TARGET_STM/TARGET_STM32F7/TARGET_STM32F767xI/TARGET_NUCLEO_F767ZI/PeripheralPins.o
    0x0800e5cc   0x000000c0   Data   RO         9156    .rodata.PinMap_SPI_SSEL  BUILD/NUCLEO_F767ZI/ARMC6/mbed-os/targets/TARGET_STM/TARGET_STM32F7/TARGET_STM32F767xI/TARGET_NUCLEO_F767ZI/PeripheralPins.o
    0x0800e68c   0x00000108   Data   RO         9150    .rodata.PinMap_UART_RX  BUILD/NUCLEO_F767ZI/ARMC6/mbed-os/targets/TARGET_STM/TARGET_STM32F7/TARGET_STM32F767xI/TARGET_NUCLEO_F767ZI/PeripheralPins.o
    0x0800e794   0x00000108   Data   RO         9149    .rodata.PinMap_UART_TX  BUILD/NUCLEO_F767ZI/ARMC6/mbed-os/targets/TARGET_STM/TARGET_STM32F7/TARGET_STM32F767xI/TARGET_NUCLEO_F767ZI/PeripheralPins.o
    0x0800e89c   0x00000011   Data   RO           74    .rodata._ZL12spotLEDPARTY  BUILD/NUCLEO_F767ZI/ARMC6/libs/CONFIG_SPOT_MIDI.o
    0x0800e8ad   0x00000011   Data   RO           75    .rodata._ZL12spotRenkLVPT  BUILD/NUCLEO_F767ZI/ARMC6/libs/CONFIG_SPOT_MIDI.o
    0x0800e8be   0x00000080   Data   RO         3805    .rodata._ZL5ExCvt   BUILD/NUCLEO_F767ZI/ARMC6/mbed-os/storage/filesystem/fat/ChaN/ff.o
    0x0800e93e   0x00000100   Data   RO         3816    .rodata._ZL5uc437   BUILD/NUCLEO_F767ZI/ARMC6/mbed-os/storage/filesystem/fat/ChaN/ffunicode.o
    0x0800ea3e   0x0000000d   Data   RO         3806    .rodata._ZL6LfnOfs  BUILD/NUCLEO_F767ZI/ARMC6/mbed-os/storage/filesystem/fat/ChaN/ff.o
    0x0800ea4b   0x00000011   Data   RO           73    .rodata._ZL7spotTMH  BUILD/NUCLEO_F767ZI/ARMC6/libs/CONFIG_SPOT_MIDI.o
    0x0800ea5c   0x00000011   Data   RO           76    .rodata._ZL8spotSLS7  BUILD/NUCLEO_F767ZI/ARMC6/libs/CONFIG_SPOT_MIDI.o
    0x0800ea6d   0x00000001   PAD
    0x0800ea6e   0x00000060   Data   RO           72    .rodata._ZL9type_spot  BUILD/NUCLEO_F767ZI/ARMC6/libs/CONFIG_SPOT_MIDI.o
    0x0800eace   0x00000060   Data   RO          489    .rodata._ZL9type_spot  BUILD/NUCLEO_F767ZI/ARMC6/libs/SPECIFIC_ANNIV.o
    0x0800eb2e   0x00000002   PAD
    0x0800eb30   0x00000050   Data   RO         2716    .rodata._ZTV12DirectSerial  BUILD/NUCLEO_F767ZI/ARMC6/mbed-os/platform/source/mbed_retarget.o
    0x0800eb80   0x00000064   Data   RO         3201    .rodata._ZTV13SDBlockDevice  BUILD/NUCLEO_F767ZI/ARMC6/mbed-os/storage/blockdevice/COMPONENT_SD/source/SDBlockDevice.o
    0x0800ebe4   0x00000090   Data   RO         4046    .rodata._ZTVN4mbed10FileSystemE  BUILD/NUCLEO_F767ZI/ARMC6/mbed-os/storage/filesystem/source/FileSystem.o
    0x0800ec74   0x00000018   Data   RO         1272    .rodata._ZTVN4mbed10SerialBaseE  BUILD/NUCLEO_F767ZI/ARMC6/mbed-os/drivers/source/SerialBase.o
    0x0800ec8c   0x0000000c   Data   RO         1312    .rodata._ZTVN4mbed10TickerBaseE  BUILD/NUCLEO_F767ZI/ARMC6/mbed-os/drivers/source/Ticker.o
    0x0800ec98   0x0000000c   Data   RO         1396    .rodata._ZTVN4mbed10TimerEventE  BUILD/NUCLEO_F767ZI/ARMC6/mbed-os/drivers/source/TimerEvent.o
    0x0800eca4   0x000000a0   Data   RO         3929    .rodata._ZTVN4mbed13FATFileSystemE  BUILD/NUCLEO_F767ZI/ARMC6/mbed-os/storage/filesystem/fat/source/FATFileSystem.o
    0x0800ed44   0x0000003c   Data   RO         4076    .rodata._ZTVN4mbed14FileSystemLikeE  BUILD/NUCLEO_F767ZI/ARMC6/mbed-os/storage/filesystem/source/FileSystem.o
    0x0800ed80   0x0000002c   Data   RO         1950    .rodata._ZTVN4mbed16FileSystemHandleE  BUILD/NUCLEO_F767ZI/ARMC6/mbed-os/platform/source/FileSystemHandle.o
    0x0800edac   0x0000008c   Data   RO         1426    .rodata._ZTVN4mbed16UnbufferedSerialE  BUILD/NUCLEO_F767ZI/ARMC6/mbed-os/drivers/source/UnbufferedSerial.o
    0x0800ee38   0x0000002c   Data   RO         3960    .rodata._ZTVN4mbed3DirE  BUILD/NUCLEO_F767ZI/ARMC6/mbed-os/storage/filesystem/source/Dir.o
    0x0800ee64   0x00000020   Data   RO         1143    .rodata._ZTVN4mbed3SPIE  BUILD/NUCLEO_F767ZI/ARMC6/mbed-os/drivers/source/SPI.o
    0x0800ee84   0x00000054   Data   RO         3997    .rodata._ZTVN4mbed4FileE  BUILD/NUCLEO_F767ZI/ARMC6/mbed-os/storage/filesystem/source/File.o
    0x0800eed8   0x0000000c   Data   RO         1314    .rodata._ZTVN4mbed6TickerE  BUILD/NUCLEO_F767ZI/ARMC6/mbed-os/drivers/source/Ticker.o
    0x0800eee4   0x0000002c   Data   RO         4078    .rodata._ZTVN4mbed7ManagedINS_3DirEEE  BUILD/NUCLEO_F767ZI/ARMC6/mbed-os/storage/filesystem/source/FileSystem.o
    0x0800ef10   0x00000054   Data   RO         4077    .rodata._ZTVN4mbed7ManagedINS_4FileEEE  BUILD/NUCLEO_F767ZI/ARMC6/mbed-os/storage/filesystem/source/FileSystem.o
    0x0800ef64   0x00000010   Data   RO         1901    .rodata._ZTVN4mbed8FileBaseE  BUILD/NUCLEO_F767ZI/ARMC6/mbed-os/platform/source/FileBase.o
    0x0800ef74   0x0000000c   Data   RO         2225    .rodata._ZTVN4mbed8internal8SysTimerINSt3__25ratioILx1ELx1000EEELb1EEE  BUILD/NUCLEO_F767ZI/ARMC6/mbed-os/platform/source/SysTimer.o
    0x0800ef80   0x00000018   Data   RO         2723    .rodata._ZZL15default_consolevE14console_pinmap  BUILD/NUCLEO_F767ZI/ARMC6/mbed-os/platform/source/mbed_retarget.o
    0x0800ef98   0x00000008   Data   RO         2713    .rodata.__stderr_name  BUILD/NUCLEO_F767ZI/ARMC6/mbed-os/platform/source/mbed_retarget.o
    0x0800efa0   0x00000007   Data   RO         2711    .rodata.__stdin_name  BUILD/NUCLEO_F767ZI/ARMC6/mbed-os/platform/source/mbed_retarget.o
    0x0800efa7   0x00000008   Data   RO         2712    .rodata.__stdout_name  BUILD/NUCLEO_F767ZI/ARMC6/mbed-os/platform/source/mbed_retarget.o
    0x0800efaf   0x00000001   PAD
    0x0800efb0   0x00000020   Data   RO         8395    .rodata.cst16       BUILD/NUCLEO_F767ZI/ARMC6/mbed-os/targets/TARGET_STM/TARGET_STM32F7/STM32Cube_FW/STM32F7xx_HAL_Driver/stm32f7xx_hal_uart.o
    0x0800efd0   0x0000000a   Data   RO         2815    .rodata.delay_loop_code  BUILD/NUCLEO_F767ZI/ARMC6/mbed-os/platform/source/mbed_wait_api_no_rtos.o
    0x0800efda   0x00000002   PAD
    0x0800efdc   0x00000040   Data   RO         9697    .rodata.ll_pin_defines  BUILD/NUCLEO_F767ZI/ARMC6/mbed-os/targets/TARGET_STM/pinmap.o
    0x0800f01c   0x00000008   Data   RO         1600    .rodata.lp_data     BUILD/NUCLEO_F767ZI/ARMC6/mbed-os/hal/source/mbed_lp_ticker_api.o
    0x0800f024   0x00000024   Data   RO         1602    .rodata.lp_interface  BUILD/NUCLEO_F767ZI/ARMC6/mbed-os/hal/source/mbed_lp_ticker_api.o
    0x0800f048   0x00000008   Data   RO         9668    .rodata.lp_ticker_get_info.info  BUILD/NUCLEO_F767ZI/ARMC6/mbed-os/targets/TARGET_STM/lp_ticker.o
    0x0800f050   0x00000060   Data   RO         2466    .rodata.seconds_before_month  BUILD/NUCLEO_F767ZI/ARMC6/mbed-os/platform/source/mbed_mktime.o
    0x0800f0b0   0x00000017   Data   RO          172    .rodata.str1.1      BUILD/NUCLEO_F767ZI/ARMC6/libs/DMX_MIDI.o
    0x0800f0c7   0x000000c8   Data   RO         2237    .rodata.str1.1      BUILD/NUCLEO_F767ZI/ARMC6/mbed-os/platform/source/TARGET_CORTEX_M/mbed_fault_handler.o
    0x0800f18f   0x00000001   PAD
    0x0800f190   0x0000001c   Data   RO         3804    .rodata.str2.2      BUILD/NUCLEO_F767ZI/ARMC6/mbed-os/storage/filesystem/fat/ChaN/ff.o
    0x0800f1ac   0x000002ae   Data   RO         3817    .rodata.str2.2      BUILD/NUCLEO_F767ZI/ARMC6/mbed-os/storage/filesystem/fat/ChaN/ffunicode.o
    0x0800f45a   0x00000002   PAD
    0x0800f45c   0x00000008   Data   RO         1700    .rodata.us_data     BUILD/NUCLEO_F767ZI/ARMC6/mbed-os/hal/source/mbed_us_ticker_api.o
    0x0800f464   0x00000024   Data   RO         1702    .rodata.us_interface  BUILD/NUCLEO_F767ZI/ARMC6/mbed-os/hal/source/mbed_us_ticker_api.o
    0x0800f488   0x00000008   Data   RO         9928    .rodata.us_ticker_get_info.info  BUILD/NUCLEO_F767ZI/ARMC6/mbed-os/targets/TARGET_STM/us_ticker.o
    0x0800f490   0x00000020   Data   RO        10671    Region$$Table       anon$$obj.o
    0x0800f4b0   0x00000004   Data   RO           77    .init_array         BUILD/NUCLEO_F767ZI/ARMC6/libs/CONFIG_SPOT_MIDI.o
    0x0800f4b4   0x00000004   Data   RO          101    .init_array         BUILD/NUCLEO_F767ZI/ARMC6/libs/DMX_2_MIDI.o
    0x0800f4b8   0x00000004   Data   RO          173    .init_array         BUILD/NUCLEO_F767ZI/ARMC6/libs/DMX_MIDI.o
    0x0800f4bc   0x00000004   Data   RO          444    .init_array         BUILD/NUCLEO_F767ZI/ARMC6/libs/LCD_DOG.o
    0x0800f4c0   0x00000004   Data   RO          497    .init_array         BUILD/NUCLEO_F767ZI/ARMC6/main.o
    0x0800f4c4   0x00000000   Data   RO        10120    .init_array         c:\ProgramData\Mbed Studio\mbed-studio-tools\ac6\bin\..\lib\armlib\c_w.l(init_aeabi.o)


    Execution Region RW_m_crash_data (Base: 0x200001f8, Size: 0x00000100, Max: 0x00000100, ABSOLUTE)

    Base Addr    Size         Type   Attr      Idx    E Section Name        Object

    0x200001f8   0x00000100   Zero   RW            1    RW_m_crash_data.bss  anon$$obj.o


    Execution Region RW_IRAM1 (Base: 0x200002f8, Size: 0x00001dbc, Max: 0x0007ed08, ABSOLUTE, COMPRESSED[0x0000011c])

    Base Addr    Size         Type   Attr      Idx    E Section Name        Object

    0x200002f8   0x00000004   Data   RW        10064    .data               c:\ProgramData\Mbed Studio\mbed-studio-tools\ac6\bin\..\lib\armlib\c_w.l(stdio_streams.o)
    0x200002fc   0x00000004   Data   RW        10065    .data               c:\ProgramData\Mbed Studio\mbed-studio-tools\ac6\bin\..\lib\armlib\c_w.l(stdio_streams.o)
    0x20000300   0x00000004   Data   RW        10066    .data               c:\ProgramData\Mbed Studio\mbed-studio-tools\ac6\bin\..\lib\armlib\c_w.l(stdio_streams.o)
    0x20000304   0x00000010   Data   RW         2759    .data..L_MergedGlobals  BUILD/NUCLEO_F767ZI/ARMC6/mbed-os/platform/source/mbed_rtc_time.o
    0x20000314   0x00000008   Data   RW         4199    .data..L_MergedGlobals  BUILD/NUCLEO_F767ZI/ARMC6/mbed-os/targets/TARGET_STM/TARGET_STM32F7/STM32Cube_FW/STM32F7xx_HAL_Driver/stm32f7xx_hal.o
    0x2000031c   0x00000004   Data   RW         9138    .data.SystemCoreClock  BUILD/NUCLEO_F767ZI/ARMC6/mbed-os/targets/TARGET_STM/TARGET_STM32F7/STM32Cube_FW/system_stm32f7xx.o
    0x20000320   0x00000040   Data   RW         2722    .data._ZL11filehandles  BUILD/NUCLEO_F767ZI/ARMC6/mbed-os/platform/source/mbed_retarget.o
    0x20000360   0x0000000c   Data   RW           15    .data.color_pads    BUILD/NUCLEO_F767ZI/ARMC6/libs/CONFIG_PRESETS.o
    0x2000036c   0x00000004   Data   RW         1601    .data.irq_handler   BUILD/NUCLEO_F767ZI/ARMC6/mbed-os/hal/source/mbed_lp_ticker_api.o
    0x20000370   0x00000004   Data   RW         1701    .data.irq_handler   BUILD/NUCLEO_F767ZI/ARMC6/mbed-os/hal/source/mbed_us_ticker_api.o
    0x20000374   0x00000300   Data   RW            8    .data.key_colors    BUILD/NUCLEO_F767ZI/ARMC6/libs/CONFIG_PRESETS.o
    0x20000674   0x00000004   Zero   RW         9949    .bss                c:\ProgramData\Mbed Studio\mbed-studio-tools\ac6\bin\..\lib\armlib\c_w.l(rt_errno_addr.o)
    0x20000678   0x00000054   Zero   RW        10061    .bss                c:\ProgramData\Mbed Studio\mbed-studio-tools\ac6\bin\..\lib\armlib\c_w.l(stdio_streams.o)
    0x200006cc   0x00000054   Zero   RW        10062    .bss                c:\ProgramData\Mbed Studio\mbed-studio-tools\ac6\bin\..\lib\armlib\c_w.l(stdio_streams.o)
    0x20000720   0x00000054   Zero   RW        10063    .bss                c:\ProgramData\Mbed Studio\mbed-studio-tools\ac6\bin\..\lib\armlib\c_w.l(stdio_streams.o)
    0x20000774   0x0000002c   Zero   RW        10112    .bss                c:\ProgramData\Mbed Studio\mbed-studio-tools\ac6\bin\..\lib\armlib\c_w.l(localtime.o)
    0x200007a0   0x00000004   Zero   RW        10229    .bss                c:\ProgramData\Mbed Studio\mbed-studio-tools\ac6\bin\..\lib\armlib\c_w.l(rt_heap_descriptor.o)
    0x200007a4   0x00000004   PAD
    0x200007a8   0x00000060   Zero   RW          102    .bss..L_MergedGlobals  BUILD/NUCLEO_F767ZI/ARMC6/libs/DMX_2_MIDI.o
    0x20000808   0x0000006c   Zero   RW          174    .bss..L_MergedGlobals  BUILD/NUCLEO_F767ZI/ARMC6/libs/DMX_MIDI.o
    0x20000874   0x00000038   Zero   RW          445    .bss..L_MergedGlobals  BUILD/NUCLEO_F767ZI/ARMC6/libs/LCD_DOG.o
    0x200008ac   0x00000002   Zero   RW         1559    .bss..L_MergedGlobals  BUILD/NUCLEO_F767ZI/ARMC6/mbed-os/hal/source/mbed_critical_section_api.o
    0x200008ae   0x00000002   PAD
    0x200008b0   0x00000024   Zero   RW         1838    .bss..L_MergedGlobals  BUILD/NUCLEO_F767ZI/ARMC6/mbed-os/platform/source/CThunkBase.o
    0x200008d4   0x00000010   Zero   RW         1902    .bss..L_MergedGlobals  BUILD/NUCLEO_F767ZI/ARMC6/mbed-os/platform/source/FileBase.o
    0x200008e4   0x0000004c   Zero   RW         2427    .bss..L_MergedGlobals  BUILD/NUCLEO_F767ZI/ARMC6/mbed-os/platform/source/mbed_error.o
    0x20000930   0x00000050   Zero   RW         2489    .bss..L_MergedGlobals  BUILD/NUCLEO_F767ZI/ARMC6/mbed-os/platform/source/mbed_os_timer.o
    0x20000980   0x00000028   Zero   RW         2725    .bss..L_MergedGlobals  BUILD/NUCLEO_F767ZI/ARMC6/mbed-os/platform/source/mbed_retarget.o
    0x200009a8   0x00000008   Zero   RW         2781    .bss..L_MergedGlobals  BUILD/NUCLEO_F767ZI/ARMC6/mbed-os/platform/source/mbed_sdk_boot.o
    0x200009b0   0x00000014   Zero   RW         3807    .bss..L_MergedGlobals  BUILD/NUCLEO_F767ZI/ARMC6/mbed-os/storage/filesystem/fat/ChaN/ff.o
    0x200009c4   0x00000024   Zero   RW         9291    .bss..L_MergedGlobals  BUILD/NUCLEO_F767ZI/ARMC6/mbed-os/targets/TARGET_STM/TARGET_STM32F7/serial_device.o
    0x200009e8   0x00000010   Zero   RW         9476    .bss..L_MergedGlobals  BUILD/NUCLEO_F767ZI/ARMC6/mbed-os/targets/TARGET_STM/can_api.o
    0x200009f8   0x0000000c   Zero   RW         9531    .bss..L_MergedGlobals  BUILD/NUCLEO_F767ZI/ARMC6/mbed-os/targets/TARGET_STM/hal_tick_overrides.o
    0x20000a04   0x00000040   Zero   RW         9669    .bss..L_MergedGlobals  BUILD/NUCLEO_F767ZI/ARMC6/mbed-os/targets/TARGET_STM/lp_ticker.o
    0x20000a44   0x00000024   Zero   RW         9767    .bss..L_MergedGlobals  BUILD/NUCLEO_F767ZI/ARMC6/mbed-os/targets/TARGET_STM/rtc_api.o
    0x20000a68   0x00000050   Zero   RW         9802    .bss..L_MergedGlobals  BUILD/NUCLEO_F767ZI/ARMC6/mbed-os/targets/TARGET_STM/serial_api.o
    0x20000ab8   0x00000058   Zero   RW         9929    .bss..L_MergedGlobals  BUILD/NUCLEO_F767ZI/ARMC6/mbed-os/targets/TARGET_STM/us_ticker.o
    0x20000b10   0x00000038   Zero   RW          175    .bss..L_MergedGlobals.8  BUILD/NUCLEO_F767ZI/ARMC6/libs/DMX_MIDI.o
    0x20000b48   0x00000008   Zero   RW         2721    .bss._ZL16filehandle_mutex  BUILD/NUCLEO_F767ZI/ARMC6/mbed-os/platform/source/mbed_retarget.o
    0x20000b50   0x00000008   Zero   RW         2758    .bss._ZL6_mutex     BUILD/NUCLEO_F767ZI/ARMC6/mbed-os/platform/source/mbed_rtc_time.o
    0x20000b58   0x00000001   Zero   RW         3803    .bss._ZL7CurrVol    BUILD/NUCLEO_F767ZI/ARMC6/mbed-os/storage/filesystem/fat/ChaN/ff.o
    0x20000b59   0x00000003   PAD
    0x20000b5c   0x00000678   Zero   RW         1141    .bss._ZN4mbed3SPI12_peripheralsE  BUILD/NUCLEO_F767ZI/ARMC6/mbed-os/drivers/source/SPI.o
    0x200011d4   0x00000004   Zero   RW         1142    .bss._ZN4mbed3SPI17_peripherals_usedE  BUILD/NUCLEO_F767ZI/ARMC6/mbed-os/drivers/source/SPI.o
    0x200011d8   0x00000008   Zero   RW         3930    .bss._ZN4mbedL10_ffs_mutexE  BUILD/NUCLEO_F767ZI/ARMC6/mbed-os/storage/filesystem/fat/source/FATFileSystem.o
    0x200011e0   0x00000010   Zero   RW         3928    .bss._ZN4mbedL4_ffsE  BUILD/NUCLEO_F767ZI/ARMC6/mbed-os/storage/filesystem/fat/source/FATFileSystem.o
    0x200011f0   0x0000001c   Zero   RW          496    .bss.bp             BUILD/NUCLEO_F767ZI/ARMC6/main.o
    0x2000120c   0x00000004   Zero   RW         2375    .bss.critical_section_reentrancy_counter  BUILD/NUCLEO_F767ZI/ARMC6/mbed-os/platform/source/mbed_critical.o
    0x20001210   0x00000002   Zero   RW         2532    .bss.deep_sleep_lock  BUILD/NUCLEO_F767ZI/ARMC6/mbed-os/platform/source/mbed_power_mgmt.o
    0x20001212   0x00000002   PAD
    0x20001214   0x000000e8   Zero   RW          150    .bss.dmx            BUILD/NUCLEO_F767ZI/ARMC6/libs/DMX_MIDI.o
    0x200012fc   0x00000200   Zero   RW          154    .bss.dmx_data       BUILD/NUCLEO_F767ZI/ARMC6/libs/DMX_MIDI.o
    0x200014fc   0x00000004   PAD
    0x20001500   0x00000038   Zero   RW         1603    .bss.events         BUILD/NUCLEO_F767ZI/ARMC6/mbed-os/hal/source/mbed_lp_ticker_api.o
    0x20001538   0x00000038   Zero   RW         1703    .bss.events         BUILD/NUCLEO_F767ZI/ARMC6/mbed-os/hal/source/mbed_us_ticker_api.o
    0x20001570   0x0000005c   Zero   RW           99    .bss.file_syst      BUILD/NUCLEO_F767ZI/ARMC6/libs/DMX_2_MIDI.o
    0x200015cc   0x00000001   Zero   RW          161    .bss.global_a       BUILD/NUCLEO_F767ZI/ARMC6/libs/DMX_MIDI.o
    0x200015cd   0x00000001   Zero   RW          160    .bss.global_b       BUILD/NUCLEO_F767ZI/ARMC6/libs/DMX_MIDI.o
    0x200015ce   0x00000001   Zero   RW          168    .bss.global_color   BUILD/NUCLEO_F767ZI/ARMC6/libs/DMX_MIDI.o
    0x200015cf   0x00000001   Zero   RW          170    .bss.global_delta   BUILD/NUCLEO_F767ZI/ARMC6/libs/DMX_MIDI.o
    0x200015d0   0x00000001   Zero   RW          157    .bss.global_dimmer  BUILD/NUCLEO_F767ZI/ARMC6/libs/DMX_MIDI.o
    0x200015d1   0x00000001   Zero   RW          159    .bss.global_g       BUILD/NUCLEO_F767ZI/ARMC6/libs/DMX_MIDI.o
    0x200015d2   0x00000001   Zero   RW          164    .bss.global_pan     BUILD/NUCLEO_F767ZI/ARMC6/libs/DMX_MIDI.o
    0x200015d3   0x00000001   Zero   RW          166    .bss.global_pt_speed  BUILD/NUCLEO_F767ZI/ARMC6/libs/DMX_MIDI.o
    0x200015d4   0x00000001   Zero   RW          158    .bss.global_r       BUILD/NUCLEO_F767ZI/ARMC6/libs/DMX_MIDI.o
    0x200015d5   0x00000001   Zero   RW          169    .bss.global_seq_nb  BUILD/NUCLEO_F767ZI/ARMC6/libs/DMX_MIDI.o
    0x200015d6   0x00000001   Zero   RW          167    .bss.global_strobe_speed  BUILD/NUCLEO_F767ZI/ARMC6/libs/DMX_MIDI.o
    0x200015d7   0x00000001   Zero   RW          165    .bss.global_tilt    BUILD/NUCLEO_F767ZI/ARMC6/libs/DMX_MIDI.o
    0x200015d8   0x00000001   Zero   RW          163    .bss.global_uv      BUILD/NUCLEO_F767ZI/ARMC6/libs/DMX_MIDI.o
    0x200015d9   0x00000001   Zero   RW          162    .bss.global_w       BUILD/NUCLEO_F767ZI/ARMC6/libs/DMX_MIDI.o
    0x200015da   0x00000001   Zero   RW         2426    .bss.halt_in_progress  BUILD/NUCLEO_F767ZI/ARMC6/mbed-os/platform/source/mbed_error.o
    0x200015db   0x00000001   Zero   RW         2424    .bss.is_reboot_error_valid  BUILD/NUCLEO_F767ZI/ARMC6/mbed-os/platform/source/mbed_error.o
    0x200015dc   0x00000040   Zero   RW         2425    .bss.last_error_ctx  BUILD/NUCLEO_F767ZI/ARMC6/mbed-os/platform/source/mbed_error.o
    0x2000161c   0x00000074   Zero   RW          443    .bss.lcd_nrf        BUILD/NUCLEO_F767ZI/ARMC6/libs/LCD_DOG.o
    0x20001690   0x00000004   Zero   RW         2715    .bss.mbed_heap_size  BUILD/NUCLEO_F767ZI/ARMC6/mbed-os/platform/source/mbed_retarget.o
    0x20001694   0x00000004   Zero   RW         2714    .bss.mbed_heap_start  BUILD/NUCLEO_F767ZI/ARMC6/mbed-os/platform/source/mbed_retarget.o
    0x20001698   0x00000004   Zero   RW         9687    .bss.mbed_sdk_inited  BUILD/NUCLEO_F767ZI/ARMC6/mbed-os/targets/TARGET_STM/mbed_overrides.o
    0x2000169c   0x000000e8   Zero   RW          151    .bss.midi1          BUILD/NUCLEO_F767ZI/ARMC6/libs/DMX_MIDI.o
    0x20001784   0x000000e8   Zero   RW          152    .bss.midi2          BUILD/NUCLEO_F767ZI/ARMC6/libs/DMX_MIDI.o
    0x2000186c   0x000000e8   Zero   RW          153    .bss.midi3          BUILD/NUCLEO_F767ZI/ARMC6/libs/DMX_MIDI.o
    0x20001954   0x00000001   Zero   RW          156    .bss.mode_global_midi  BUILD/NUCLEO_F767ZI/ARMC6/libs/DMX_MIDI.o
    0x20001955   0x00000003   Zero   RW          448    .bss.mode_midi      BUILD/NUCLEO_F767ZI/ARMC6/libs/MIDI_MODE.o
    0x20001958   0x000000b8   Zero   RW           98    .bss.sd_card        BUILD/NUCLEO_F767ZI/ARMC6/libs/DMX_2_MIDI.o
    0x20001a10   0x00000001   Zero   RW          171    .bss.seq_rgb_cpt    BUILD/NUCLEO_F767ZI/ARMC6/libs/DMX_MIDI.o
    0x20001a11   0x00000011   Zero   RW           71    .bss.spot_          BUILD/NUCLEO_F767ZI/ARMC6/libs/CONFIG_SPOT_MIDI.o
    0x20001a22   0x00000002   PAD
    0x20001a24   0x00000270   Zero   RW           70    .bss.spots          BUILD/NUCLEO_F767ZI/ARMC6/libs/CONFIG_SPOT_MIDI.o
    0x20001c94   0x00000420   Zero   RW         9290    .bss.uart_handlers  BUILD/NUCLEO_F767ZI/ARMC6/mbed-os/targets/TARGET_STM/TARGET_STM32F7/serial_device.o


    Execution Region ARM_LIB_HEAP (Base: 0x200020c0, Size: 0x0007cf40, Max: 0x0007cf40, ABSOLUTE)

    Base Addr    Size         Type   Attr      Idx    E Section Name        Object

    0x200020c0   0x0007cf40   Zero   RW            2    ARM_LIB_HEAP.bss    anon$$obj.o


    Execution Region ARM_LIB_STACK (Base: 0x2007f000, Size: 0x00001000, Max: 0x00001000, ABSOLUTE)

    Base Addr    Size         Type   Attr      Idx    E Section Name        Object

    0x2007f000   0x00001000   Zero   RW            3    ARM_LIB_STACK.bss   anon$$obj.o


==============================================================================

Image component sizes


      Code (inc. data)   RO Data    RW Data    ZI Data      Debug   

     49718       3584       5028        880     522572      46888   Object Totals
         0          0         32          0     516160          0   (incl. Generated)
       126          0          9          0         13          0   (incl. Padding)
      7900        466         14         12        308       7128   Library Totals
        18          0          2          0          4          0   (incl. Padding)

==============================================================================


      Code (inc. data)   RO Data    RW Data    ZI Data      Debug   

     57618       4050       5042        892     522880      48076   Grand Totals
     57618       4050       5042        284     522880      48076   ELF Image Totals (compressed)
     57618       4050       5042        284          0          0   ROM Totals

==============================================================================

    Total RO  Size (Code + RO Data)                62660 (  61.19kB)
    Total RW  Size (RW Data + ZI Data)            523772 ( 511.50kB)
    Total ROM Size (Code + RO Data + RW Data)      62944 (  61.47kB)

==============================================================================

