Component: ARM Compiler 6.16 Tool: armlink [5dfeaa00]

==============================================================================

Memory Map of the image

  Image Entry point : 0x080001f9

  Load Region LR_IROM1 (Base: 0x08000000, Size: 0x0000f55c, Max: 0x00200000, ABSOLUTE, COMPRESSED[0x0000f234])

    Execution Region ER_IROM1 (Base: 0x08000000, Size: 0x0000f1ec, Max: 0x00200000, ABSOLUTE)

    Base Addr    Size         Type   Attr      Idx    E Section Name        Object

    0x08000000   0x000001f8   Data   RO         9168    RESET               BUILD/NUCLEO_F767ZI/ARMC6/mbed-os/targets/TARGET_STM/TARGET_STM32F7/TARGET_STM32F767xI/TOOLCHAIN_ARM/startup_stm32f767xx.o
    0x080001f8   0x00000008   Code   RO        10108  * !!!main             c:\ProgramData\Mbed Studio\mbed-studio-tools\ac6\bin\..\lib\armlib\c_w.l(__main.o)
    0x08000200   0x00000034   Code   RO        10665    !!!scatter          c:\ProgramData\Mbed Studio\mbed-studio-tools\ac6\bin\..\lib\armlib\c_w.l(__scatter.o)
    0x08000234   0x0000005a   Code   RO        10663    !!dczerorl2         c:\ProgramData\Mbed Studio\mbed-studio-tools\ac6\bin\..\lib\armlib\c_w.l(__dczerorl2.o)
    0x0800028e   0x00000002   PAD
    0x08000290   0x0000001c   Code   RO        10667    !!handler_zi        c:\ProgramData\Mbed Studio\mbed-studio-tools\ac6\bin\..\lib\armlib\c_w.l(__scatter_zi.o)
    0x080002ac   0x00000002   Code   RO        10107    .ARM.Collect$$libinit$$00000000  c:\ProgramData\Mbed Studio\mbed-studio-tools\ac6\bin\..\lib\armlib\c_w.l(libinit.o)
    0x080002ae   0x00000004   Code   RO        10287    .ARM.Collect$$libinit$$00000001  c:\ProgramData\Mbed Studio\mbed-studio-tools\ac6\bin\..\lib\armlib\c_w.l(libinit2.o)
    0x080002b2   0x00000000   Code   RO        10290    .ARM.Collect$$libinit$$00000004  c:\ProgramData\Mbed Studio\mbed-studio-tools\ac6\bin\..\lib\armlib\c_w.l(libinit2.o)
    0x080002b2   0x00000008   Code   RO        10291    .ARM.Collect$$libinit$$00000005  c:\ProgramData\Mbed Studio\mbed-studio-tools\ac6\bin\..\lib\armlib\c_w.l(libinit2.o)
    0x080002ba   0x00000000   Code   RO        10293    .ARM.Collect$$libinit$$0000000A  c:\ProgramData\Mbed Studio\mbed-studio-tools\ac6\bin\..\lib\armlib\c_w.l(libinit2.o)
    0x080002ba   0x00000000   Code   RO        10295    .ARM.Collect$$libinit$$0000000C  c:\ProgramData\Mbed Studio\mbed-studio-tools\ac6\bin\..\lib\armlib\c_w.l(libinit2.o)
    0x080002ba   0x00000000   Code   RO        10297    .ARM.Collect$$libinit$$0000000E  c:\ProgramData\Mbed Studio\mbed-studio-tools\ac6\bin\..\lib\armlib\c_w.l(libinit2.o)
    0x080002ba   0x00000000   Code   RO        10300    .ARM.Collect$$libinit$$00000011  c:\ProgramData\Mbed Studio\mbed-studio-tools\ac6\bin\..\lib\armlib\c_w.l(libinit2.o)
    0x080002ba   0x00000000   Code   RO        10302    .ARM.Collect$$libinit$$00000013  c:\ProgramData\Mbed Studio\mbed-studio-tools\ac6\bin\..\lib\armlib\c_w.l(libinit2.o)
    0x080002ba   0x00000000   Code   RO        10304    .ARM.Collect$$libinit$$00000015  c:\ProgramData\Mbed Studio\mbed-studio-tools\ac6\bin\..\lib\armlib\c_w.l(libinit2.o)
    0x080002ba   0x00000000   Code   RO        10306    .ARM.Collect$$libinit$$00000017  c:\ProgramData\Mbed Studio\mbed-studio-tools\ac6\bin\..\lib\armlib\c_w.l(libinit2.o)
    0x080002ba   0x00000000   Code   RO        10308    .ARM.Collect$$libinit$$00000019  c:\ProgramData\Mbed Studio\mbed-studio-tools\ac6\bin\..\lib\armlib\c_w.l(libinit2.o)
    0x080002ba   0x00000000   Code   RO        10310    .ARM.Collect$$libinit$$0000001B  c:\ProgramData\Mbed Studio\mbed-studio-tools\ac6\bin\..\lib\armlib\c_w.l(libinit2.o)
    0x080002ba   0x00000000   Code   RO        10312    .ARM.Collect$$libinit$$0000001D  c:\ProgramData\Mbed Studio\mbed-studio-tools\ac6\bin\..\lib\armlib\c_w.l(libinit2.o)
    0x080002ba   0x00000000   Code   RO        10314    .ARM.Collect$$libinit$$0000001F  c:\ProgramData\Mbed Studio\mbed-studio-tools\ac6\bin\..\lib\armlib\c_w.l(libinit2.o)
    0x080002ba   0x00000000   Code   RO        10316    .ARM.Collect$$libinit$$00000021  c:\ProgramData\Mbed Studio\mbed-studio-tools\ac6\bin\..\lib\armlib\c_w.l(libinit2.o)
    0x080002ba   0x00000000   Code   RO        10318    .ARM.Collect$$libinit$$00000023  c:\ProgramData\Mbed Studio\mbed-studio-tools\ac6\bin\..\lib\armlib\c_w.l(libinit2.o)
    0x080002ba   0x00000004   Code   RO        10319    .ARM.Collect$$libinit$$00000024  c:\ProgramData\Mbed Studio\mbed-studio-tools\ac6\bin\..\lib\armlib\c_w.l(libinit2.o)
    0x080002be   0x00000000   Code   RO        10320    .ARM.Collect$$libinit$$00000025  c:\ProgramData\Mbed Studio\mbed-studio-tools\ac6\bin\..\lib\armlib\c_w.l(libinit2.o)
    0x080002be   0x00000000   Code   RO        10324    .ARM.Collect$$libinit$$0000002C  c:\ProgramData\Mbed Studio\mbed-studio-tools\ac6\bin\..\lib\armlib\c_w.l(libinit2.o)
[...]
    0x08006bd8   0x0000000e   Code   RO         1215    .text._ZN4mbed10SerialBaseD0Ev  BUILD/NUCLEO_F767ZI/ARMC6/mbed-os/drivers/source/SerialBase.o
    0x08006be6   0x00000002   PAD
    0x08006be8   0x00000044   Code   RO         1213    .text._ZN4mbed10SerialBaseD2Ev  BUILD/NUCLEO_F767ZI/ARMC6/mbed-os/drivers/source/SerialBase.o
    0x08006c2c   0x00000020   Code   RO         1279    .text._ZN4mbed10TickerBase5setupENSt3__26chrono8durationIxNS1_5ratioILx1ELx1000000EEEEE  BUILD/NUCLEO_F767ZI/ARMC6/mbed-os/drivers/source/Ticker.o
    0x08006c4c   0x0000002a   Code   RO         1285    .text._ZN4mbed10TickerBase6attachENS_8CallbackIFvvEEENSt3__26chrono8durationIxNS4_5ratioILx1ELx1000000EEEEE  BUILD/NUCLEO_F767ZI/ARMC6/mbed-os/drivers/source/Ticker.o
    0x08006c76   0x0000002a   Code   RO         1277    .text._ZN4mbed10TickerBase6detachEv  BUILD/NUCLEO_F767ZI/ARMC6/mbed-os/drivers/source/Ticker.o
    0x08006ca0   0x00000026   Code   RO         1283    .text._ZN4mbed10TickerBase7handlerEv  BUILD/NUCLEO_F767ZI/ARMC6/mbed-os/drivers/source/Ticker.o
    0x08006cc6   0x00000002   PAD
    0x08006cc8   0x00000020   Code   RO         1275    .text._ZN4mbed10TickerBaseC2EPK13ticker_data_tb  BUILD/NUCLEO_F767ZI/ARMC6/mbed-os/drivers/source/Ticker.o
    0x08006ce8   0x00000014   Code   RO         1376    .text._ZN4mbed10TimerEvent15insert_absoluteENSt3__26chrono10time_pointINS_15TickerDataClockENS2_8durationIxNS1_5ratioILx1ELx1000000EEEEEEE  BUILD/NUCLEO_F767ZI/ARMC6/mbed-os/drivers/source/TimerEvent.o
    0x08006cfc   0x00000006   Code   RO         1366    .text._ZN4mbed10TimerEvent3irqEj  BUILD/NUCLEO_F767ZI/ARMC6/mbed-os/drivers/source/TimerEvent.o
    0x08006d02   0x0000000e   Code   RO         1370    .text._ZN4mbed10TimerEvent6removeEv  BUILD/NUCLEO_F767ZI/ARMC6/mbed-os/drivers/source/TimerEvent.o
    0x08006d10   0x0000002c   Code   RO         1364    .text._ZN4mbed10TimerEventC2EPK13ticker_data_t  BUILD/NUCLEO_F767ZI/ARMC6/mbed-os/drivers/source/TimerEvent.o
    0x08006d3c   0x00000004   Code   RO         3194    .text._ZN4mbed11BlockDevice4syncEv  BUILD/NUCLEO_F767ZI/ARMC6/mbed-os/storage/blockdevice/COMPONENT_SD/source/SDBlockDevice.o
    0x08006d40   0x00000004   Code   RO         3196    .text._ZN4mbed11BlockDevice5eraseEyy  BUILD/NUCLEO_F767ZI/ARMC6/mbed-os/storage/blockdevice/COMPONENT_SD/source/SDBlockDevice.o
    0x08006d44   0x0000001c   Code   RO         3895    .text._ZN4mbed13FATFileSystem10dir_rewindEPv  BUILD/NUCLEO_F767ZI/ARMC6/mbed-os/storage/filesystem/fat/source/FATFileSystem.o
    0x08006d60   0x00000024   Code   RO         3869    .text._ZN4mbed13FATFileSystem10file_closeEPv  BUILD/NUCLEO_F767ZI/ARMC6/mbed-os/storage/filesystem/fat/source/FATFileSystem.o
    0x08006d84   0x00000026   Code   RO         3873    .text._ZN4mbed13FATFileSystem10file_writeEPvPKvj  BUILD/NUCLEO_F767ZI/ARMC6/mbed-os/storage/filesystem/fat/source/FATFileSystem.o
    0x08006daa   0x00000048   Code   RO         3883    .text._ZN4mbed13FATFileSystem13file_truncateEPvl  BUILD/NUCLEO_F767ZI/ARMC6/mbed-os/storage/filesystem/fat/source/FATFileSystem.o
    0x08006df2   0x00000002   PAD
    0x08006df4   0x00000008   Code   RO         3849    .text._ZN4mbed13FATFileSystem4lockEv  BUILD/NUCLEO_F767ZI/ARMC6/mbed-os/storage/filesystem/fat/source/FATFileSystem.o
    0x08006dfc   0x00000080   Code   RO         3863    .text._ZN4mbed13FATFileSystem4statEPKcP4stat  BUILD/NUCLEO_F767ZI/ARMC6/mbed-os/storage/filesystem/fat/source/FATFileSystem.o
    0x08006e7c   0x00000034   Code   RO         3861    .text._ZN4mbed13FATFileSystem5mkdirEPKcj  BUILD/NUCLEO_F767ZI/ARMC6/mbed-os/storage/filesystem/fat/source/FATFileSystem.o
    0x08006eb0   0x0000000a   Code   RO         3839    .text._ZN4mbed13FATFileSystem5mountEPNS_11BlockDeviceE  BUILD/NUCLEO_F767ZI/ARMC6/mbed-os/storage/filesystem/fat/source/FATFileSystem.o
    0x08006eba   0x00000002   PAD
    0x08006ebc   0x00000070   Code   RO         3841    .text._ZN4mbed13FATFileSystem5mountEPNS_11BlockDeviceEb  BUILD/NUCLEO_F767ZI/ARMC6/mbed-os/storage/filesystem/fat/source/FATFileSystem.o
    0x08006f2c   0x00000170   Code   RO         3847    .text._ZN4mbed13FATFileSystem6formatEPNS_11BlockDeviceEy  BUILD/NUCLEO_F767ZI/ARMC6/mbed-os/storage/filesystem/fat/source/FATFileSystem.o
    0x0800709c   0x00000044   Code   RO         3855    .text._ZN4mbed13FATFileSystem6removeEPKc  BUILD/NUCLEO_F767ZI/ARMC6/mbed-os/storage/filesystem/fat/source/FATFileSystem.o
    0x080070e0   0x0000005a   Code   RO         3859    .text._ZN4mbed13FATFileSystem6renameEPKcS2_  BUILD/NUCLEO_F767ZI/ARMC6/mbed-os/storage/filesystem/fat/source/FATFileSystem.o
    0x0800713a   0x00000002   PAD
    0x0800713c   0x0000000c   Code   RO         3851    .text._ZN4mbed13FATFileSystem6unlockEv  BUILD/NUCLEO_F767ZI/ARMC6/mbed-os/storage/filesystem/fat/source/FATFileSystem.o
    0x08007148   0x00000064   Code   RO         3865    .text._ZN4mbed13FATFileSystem7statvfsEPKcP7statvfs  BUILD/NUCLEO_F767ZI/ARMC6/mbed-os/storage/filesystem/fat/source/FATFileSystem.o
    0x080071ac   0x0000006c   Code   RO         3845    .text._ZN4mbed13FATFileSystem7unmountEv  BUILD/NUCLEO_F767ZI/ARMC6/mbed-os/storage/filesystem/fat/source/FATFileSystem.o
    0x08007218   0x00000060   Code   RO         3885    .text._ZN4mbed13FATFileSystem8dir_openEPPvPKc  BUILD/NUCLEO_F767ZI/ARMC6/mbed-os/storage/filesystem/fat/source/FATFileSystem.o
    0x08007278   0x0000005e   Code   RO         3889    .text._ZN4mbed13FATFileSystem8dir_readEPvP6dirent  BUILD/NUCLEO_F767ZI/ARMC6/mbed-os/storage/filesystem/fat/source/FATFileSystem.o
    0x080072d6   0x0000004e   Code   RO         3891    .text._ZN4mbed13FATFileSystem8dir_seekEPvl  BUILD/NUCLEO_F767ZI/ARMC6/mbed-os/storage/filesystem/fat/source/FATFileSystem.o
    0x08007324   0x00000012   Code   RO         3893    .text._ZN4mbed13FATFileSystem8dir_tellEPv  BUILD/NUCLEO_F767ZI/ARMC6/mbed-os/storage/filesystem/fat/source/FATFileSystem.o
    0x08007336   0x00000008   Code   RO         3924    .text._ZN4mbed13FATFileSystem8reformatEPNS_11BlockDeviceE  BUILD/NUCLEO_F767ZI/ARMC6/mbed-os/storage/filesystem/fat/source/FATFileSystem.o
    0x0800733e   0x00000002   PAD
    0x08007340   0x00000064   Code   RO         3853    .text._ZN4mbed13FATFileSystem8reformatEPNS_11BlockDeviceEi  BUILD/NUCLEO_F767ZI/ARMC6/mbed-os/storage/filesystem/fat/source/FATFileSystem.o
    0x080073a4   0x00000024   Code   RO         3887    .text._ZN4mbed13FATFileSystem9dir_closeEPv  BUILD/NUCLEO_F767ZI/ARMC6/mbed-os/storage/filesystem/fat/source/FATFileSystem.o
    0x080073c8   0x0000008e   Code   RO         3867    .text._ZN4mbed13FATFileSystem9file_openEPPvPKci  BUILD/NUCLEO_F767ZI/ARMC6/mbed-os/storage/filesystem/fat/source/FATFileSystem.o
    0x08007456   0x00000026   Code   RO         3871    .text._ZN4mbed13FATFileSystem9file_readEPvS1_j  BUILD/NUCLEO_F767ZI/ARMC6/mbed-os/storage/filesystem/fat/source/FATFileSystem.o
    0x0800747c   0x00000044   Code   RO         3877    .text._ZN4mbed13FATFileSystem9file_seekEPvli  BUILD/NUCLEO_F767ZI/ARMC6/mbed-os/storage/filesystem/fat/source/FATFileSystem.o
    0x080074c0   0x00000012   Code   RO         3881    .text._ZN4mbed13FATFileSystem9file_sizeEPv  BUILD/NUCLEO_F767ZI/ARMC6/mbed-os/storage/filesystem/fat/source/FATFileSystem.o
    0x080074d2   0x0000001e   Code   RO         3875    .text._ZN4mbed13FATFileSystem9file_syncEPv  BUILD/NUCLEO_F767ZI/ARMC6/mbed-os/storage/filesystem/fat/source/FATFileSystem.o
    0x080074f0   0x00000012   Code   RO         3879    .text._ZN4mbed13FATFileSystem9file_tellEPv  BUILD/NUCLEO_F767ZI/ARMC6/mbed-os/storage/filesystem/fat/source/FATFileSystem.o
    0x08007502   0x00000002   PAD
    0x08007504   0x00000038   Code   RO         3829    .text._ZN4mbed13FATFileSystemC2EPKcPNS_11BlockDeviceE  BUILD/NUCLEO_F767ZI/ARMC6/mbed-os/storage/filesystem/fat/source/FATFileSystem.o
    0x0800753c   0x0000000e   Code   RO         3835    .text._ZN4mbed13FATFileSystemD0Ev  BUILD/NUCLEO_F767ZI/ARMC6/mbed-os/storage/filesystem/fat/source/FATFileSystem.o
    0x0800754a   0x00000002   PAD
    0x0800754c   0x00000028   Code   RO         3831    .text._ZN4mbed13FATFileSystemD2Ev  BUILD/NUCLEO_F767ZI/ARMC6/mbed-os/storage/filesystem/fat/source/FATFileSystem.o
    0x08007574   0x0000002c   Code   RO         4039    .text._ZN4mbed14FileSystemLikeC2EPKc  BUILD/NUCLEO_F767ZI/ARMC6/mbed-os/storage/filesystem/source/FileSystem.o
    0x080075a0   0x00000002   Code   RO         4053    .text._ZN4mbed14FileSystemLikeD0Ev  BUILD/NUCLEO_F767ZI/ARMC6/mbed-os/storage/filesystem/source/FileSystem.o
    0x080075a2   0x0000000e   Code   RO         4045    .text._ZN4mbed14FileSystemLikeD2Ev  BUILD/NUCLEO_F767ZI/ARMC6/mbed-os/storage/filesystem/source/FileSystem.o
    0x080075b0   0x00000006   Code   RO         1381    .text._ZN4mbed15TickerDataClock11set_handlerEPFvjE  BUILD/NUCLEO_F767ZI/ARMC6/mbed-os/drivers/source/TimerEvent.o
    0x080075b6   0x00000006   Code   RO         1383    .text._ZN4mbed15TickerDataClock12insert_eventEP14ticker_event_sNSt3__26chrono10time_pointIS0_NS4_8durationIxNS3_5ratioILx1ELx1000000EEEEEEEj  BUILD/NUCLEO_F767ZI/ARMC6/mbed-os/drivers/source/TimerEvent.o
    0x080075bc   0x00000006   Code   RO         1385    .text._ZN4mbed15TickerDataClock12remove_eventEP14ticker_event_s  BUILD/NUCLEO_F767ZI/ARMC6/mbed-os/drivers/source/TimerEvent.o
    0x080075c2   0x00000002   PAD
    0x080075c4   0x00000004   Code   RO         1929    .text._ZN4mbed16FileSystemHandle4openEPPNS_9DirHandleEPKc  BUILD/NUCLEO_F767ZI/ARMC6/mbed-os/platform/source/FileSystemHandle.o
    0x080075c8   0x00000004   Code   RO         1935    .text._ZN4mbed16FileSystemHandle4statEPKcP4stat  BUILD/NUCLEO_F767ZI/ARMC6/mbed-os/platform/source/FileSystemHandle.o
    0x080075cc   0x00000004   Code   RO         1937    .text._ZN4mbed16FileSystemHandle5mkdirEPKcj  BUILD/NUCLEO_F767ZI/ARMC6/mbed-os/platform/source/FileSystemHandle.o
    0x080075d0   0x00000004   Code   RO         1931    .text._ZN4mbed16FileSystemHandle6removeEPKc  BUILD/NUCLEO_F767ZI/ARMC6/mbed-os/platform/source/FileSystemHandle.o
    0x080075d4   0x00000004   Code   RO         1933    .text._ZN4mbed16FileSystemHandle6renameEPKcS2_  BUILD/NUCLEO_F767ZI/ARMC6/mbed-os/platform/source/FileSystemHandle.o
    0x080075d8   0x00000008   Code   RO         1939    .text._ZN4mbed16FileSystemHandle7statvfsEPKcP7statvfs  BUILD/NUCLEO_F767ZI/ARMC6/mbed-os/platform/source/FileSystemHandle.o
    0x080075e0   0x00000002   Code   RO         1945    .text._ZN4mbed16FileSystemHandleD0Ev  BUILD/NUCLEO_F767ZI/ARMC6/mbed-os/platform/source/FileSystemHandle.o
    0x080075e2   0x00000002   Code   RO         1943    .text._ZN4mbed16FileSystemHandleD2Ev  BUILD/NUCLEO_F767ZI/ARMC6/mbed-os/platform/source/FileSystemHandle.o
    0x080075e4   0x0000000a   Code   RO         1405    .text._ZN4mbed16UnbufferedSerial12enable_inputEb  BUILD/NUCLEO_F767ZI/ARMC6/mbed-os/drivers/source/UnbufferedSerial.o
    0x080075ee   0x0000000a   Code   RO         1409    .text._ZN4mbed16UnbufferedSerial13enable_outputEb  BUILD/NUCLEO_F767ZI/ARMC6/mbed-os/drivers/source/UnbufferedSerial.o
    0x080075f8   0x00000028   Code   RO         1397    .text._ZN4mbed16UnbufferedSerial4readEPvj  BUILD/NUCLEO_F767ZI/ARMC6/mbed-os/drivers/source/UnbufferedSerial.o
    0x08007620   0x00000008   Code   RO         1423    .text._ZN4mbed16UnbufferedSerial4seekEli  BUILD/NUCLEO_F767ZI/ARMC6/mbed-os/drivers/source/UnbufferedSerial.o
    0x08007628   0x00000006   Code   RO         1425    .text._ZN4mbed16UnbufferedSerial4sizeEv  BUILD/NUCLEO_F767ZI/ARMC6/mbed-os/drivers/source/UnbufferedSerial.o
    0x0800762e   0x00000004   Code   RO         1429    .text._ZN4mbed16UnbufferedSerial5closeEv  BUILD/NUCLEO_F767ZI/ARMC6/mbed-os/drivers/source/UnbufferedSerial.o
    0x08007632   0x00000042   Code   RO         1393    .text._ZN4mbed16UnbufferedSerial5writeEPKvj  BUILD/NUCLEO_F767ZI/ARMC6/mbed-os/drivers/source/UnbufferedSerial.o
    0x08007674   0x00000004   Code   RO         1427    .text._ZN4mbed16UnbufferedSerial6isattyEv  BUILD/NUCLEO_F767ZI/ARMC6/mbed-os/drivers/source/UnbufferedSerial.o
    0x08007678   0x00000010   Code   RO         1389    .text._ZN4mbed16UnbufferedSerialC2E7PinNameS1_i  BUILD/NUCLEO_F767ZI/ARMC6/mbed-os/drivers/source/UnbufferedSerial.o
    0x08007688   0x0000000e   Code   RO         1421    .text._ZN4mbed16UnbufferedSerialD0Ev  BUILD/NUCLEO_F767ZI/ARMC6/mbed-os/drivers/source/UnbufferedSerial.o
    0x08007696   0x00000004   Code   RO         1419    .text._ZN4mbed16UnbufferedSerialD2Ev  BUILD/NUCLEO_F767ZI/ARMC6/mbed-os/drivers/source/UnbufferedSerial.o
    0x0800769a   0x00000002   PAD
    0x0800769c   0x00000070   Code   RO         2546    .text._ZN4mbed16mbed_file_handleEi  BUILD/NUCLEO_F767ZI/ARMC6/mbed-os/platform/source/mbed_retarget.o
    0x0800770c   0x00000038   Code   RO         2526    .text._ZN4mbed17remove_filehandleEPNS_10FileHandleE  BUILD/NUCLEO_F767ZI/ARMC6/mbed-os/platform/source/mbed_retarget.o
    0x08007744   0x0000000c   Code   RO         1848    .text._ZN4mbed19CriticalSectionLockC2Ev  BUILD/NUCLEO_F767ZI/ARMC6/mbed-os/platform/source/CriticalSectionLock.o
    0x08007750   0x0000000c   Code   RO         1850    .text._ZN4mbed19CriticalSectionLockD2Ev  BUILD/NUCLEO_F767ZI/ARMC6/mbed-os/platform/source/CriticalSectionLock.o
    0x0800775c   0x00000026   Code   RO         3937    .text._ZN4mbed3Dir4openEPNS_10FileSystemEPKc  BUILD/NUCLEO_F767ZI/ARMC6/mbed-os/storage/filesystem/source/Dir.o
    0x08007782   0x00000020   Code   RO         3941    .text._ZN4mbed3Dir4readEP6dirent  BUILD/NUCLEO_F767ZI/ARMC6/mbed-os/storage/filesystem/source/Dir.o
    0x080077a2   0x00000010   Code   RO         3943    .text._ZN4mbed3Dir4seekEl  BUILD/NUCLEO_F767ZI/ARMC6/mbed-os/storage/filesystem/source/Dir.o
    0x080077b2   0x0000000c   Code   RO         3949    .text._ZN4mbed3Dir4sizeEv  BUILD/NUCLEO_F767ZI/ARMC6/mbed-os/storage/filesystem/source/Dir.o
    0x080077be   0x0000000c   Code   RO         3945    .text._ZN4mbed3Dir4tellEv  BUILD/NUCLEO_F767ZI/ARMC6/mbed-os/storage/filesystem/source/Dir.o
    0x080077ca   0x0000001c   Code   RO         3939    .text._ZN4mbed3Dir5closeEv  BUILD/NUCLEO_F767ZI/ARMC6/mbed-os/storage/filesystem/source/Dir.o
    0x080077e6   0x0000000c   Code   RO         3947    .text._ZN4mbed3Dir6rewindEv  BUILD/NUCLEO_F767ZI/ARMC6/mbed-os/storage/filesystem/source/Dir.o
    0x080077f2   0x00000002   PAD
    0x080077f4   0x00000010   Code   RO         3929    .text._ZN4mbed3DirC2Ev  BUILD/NUCLEO_F767ZI/ARMC6/mbed-os/storage/filesystem/source/Dir.o
    0x08007804   0x0000000e   Code   RO         3935    .text._ZN4mbed3DirD0Ev  BUILD/NUCLEO_F767ZI/ARMC6/mbed-os/storage/filesystem/source/Dir.o
    0x08007812   0x00000002   PAD
    0x08007814   0x0000001c   Code   RO         3933    .text._ZN4mbed3DirD2Ev  BUILD/NUCLEO_F767ZI/ARMC6/mbed-os/storage/filesystem/source/Dir.o
    0x08007830   0x00000058   Code   RO         1058    .text._ZN4mbed3SPI13_do_constructEv  BUILD/NUCLEO_F767ZI/ARMC6/mbed-os/drivers/source/SPI.o
    0x08007888   0x0000001e   Code   RO         1096    .text._ZN4mbed3SPI23set_default_write_valueEc  BUILD/NUCLEO_F767ZI/ARMC6/mbed-os/drivers/source/SPI.o
    0x080078a6   0x00000008   Code   RO         1092    .text._ZN4mbed3SPI4lockEv  BUILD/NUCLEO_F767ZI/ARMC6/mbed-os/drivers/source/SPI.o
    0x080078ae   0x00000032   Code   RO         1088    .text._ZN4mbed3SPI5writeEPKciPci  BUILD/NUCLEO_F767ZI/ARMC6/mbed-os/drivers/source/SPI.o
    0x080078e0   0x00000020   Code   RO         1082    .text._ZN4mbed3SPI5writeEi  BUILD/NUCLEO_F767ZI/ARMC6/mbed-os/drivers/source/SPI.o
    0x08007900   0x0000003e   Code   RO         1076    .text._ZN4mbed3SPI6formatEii  BUILD/NUCLEO_F767ZI/ARMC6/mbed-os/drivers/source/SPI.o
    0x0800793e   0x0000002c   Code   RO         1084    .text._ZN4mbed3SPI6selectEv  BUILD/NUCLEO_F767ZI/ARMC6/mbed-os/drivers/source/SPI.o
    0x0800796a   0x00000008   Code   RO         1094    .text._ZN4mbed3SPI6unlockEv  BUILD/NUCLEO_F767ZI/ARMC6/mbed-os/drivers/source/SPI.o
    0x08007972   0x00000002   PAD
    0x08007974   0x00000040   Code   RO         1068    .text._ZN4mbed3SPI7_lookupE7SPIName  BUILD/NUCLEO_F767ZI/ARMC6/mbed-os/drivers/source/SPI.o
    0x080079b4   0x00000034   Code   RO         1078    .text._ZN4mbed3SPI8_acquireEv  BUILD/NUCLEO_F767ZI/ARMC6/mbed-os/drivers/source/SPI.o
    0x080079e8   0x0000001e   Code   RO         1056    .text._ZN4mbed3SPI8_do_initEPS0_  BUILD/NUCLEO_F767ZI/ARMC6/mbed-os/drivers/source/SPI.o
    0x08007a06   0x00000026   Code   RO         1086    .text._ZN4mbed3SPI8deselectEv  BUILD/NUCLEO_F767ZI/ARMC6/mbed-os/drivers/source/SPI.o
    0x08007a2c   0x00000014   Code   RO         1090    .text._ZN4mbed3SPI9_set_sselEi  BUILD/NUCLEO_F767ZI/ARMC6/mbed-os/drivers/source/SPI.o
    0x08007a40   0x00000036   Code   RO         1080    .text._ZN4mbed3SPI9frequencyEi  BUILD/NUCLEO_F767ZI/ARMC6/mbed-os/drivers/source/SPI.o
    0x08007a76   0x00000002   PAD
    0x08007a78   0x00000040   Code   RO         1054    .text._ZN4mbed3SPIC2E7PinNameS1_S1_S1_  BUILD/NUCLEO_F767ZI/ARMC6/mbed-os/drivers/source/SPI.o
    0x08007ab8   0x0000004c   Code   RO         1060    .text._ZN4mbed3SPIC2E7PinNameS1_S1_S1_NS_15use_gpio_ssel_tE  BUILD/NUCLEO_F767ZI/ARMC6/mbed-os/drivers/source/SPI.o
    0x08007b04   0x0000000e   Code   RO         1074    .text._ZN4mbed3SPID0Ev  BUILD/NUCLEO_F767ZI/ARMC6/mbed-os/drivers/source/SPI.o
    0x08007b12   0x00000002   PAD
    0x08007b14   0x0000003c   Code   RO         1072    .text._ZN4mbed3SPID2Ev  BUILD/NUCLEO_F767ZI/ARMC6/mbed-os/drivers/source/SPI.o
    0x08007b50   0x00000026   Code   RO         3962    .text._ZN4mbed4File4openEPNS_10FileSystemEPKci  BUILD/NUCLEO_F767ZI/ARMC6/mbed-os/storage/filesystem/source/File.o
    0x08007b76   0x00000012   Code   RO         3966    .text._ZN4mbed4File4readEPvj  BUILD/NUCLEO_F767ZI/ARMC6/mbed-os/storage/filesystem/source/File.o
    0x08007b88   0x00000012   Code   RO         3974    .text._ZN4mbed4File4seekEli  BUILD/NUCLEO_F767ZI/ARMC6/mbed-os/storage/filesystem/source/File.o
    0x08007b9a   0x0000000c   Code   RO         3980    .text._ZN4mbed4File4sizeEv  BUILD/NUCLEO_F767ZI/ARMC6/mbed-os/storage/filesystem/source/File.o
    0x08007ba6   0x0000000c   Code   RO         3970    .text._ZN4mbed4File4syncEv  BUILD/NUCLEO_F767ZI/ARMC6/mbed-os/storage/filesystem/source/File.o
    0x08007bb2   0x0000000c   Code   RO         3976    .text._ZN4mbed4File4tellEv  BUILD/NUCLEO_F767ZI/ARMC6/mbed-os/storage/filesystem/source/File.o
    0x08007bbe   0x0000001c   Code   RO         3964    .text._ZN4mbed4File5closeEv  BUILD/NUCLEO_F767ZI/ARMC6/mbed-os/storage/filesystem/source/File.o
    0x08007bda   0x00000012   Code   RO         3968    .text._ZN4mbed4File5writeEPKvj  BUILD/NUCLEO_F767ZI/ARMC6/mbed-os/storage/filesystem/source/File.o
    0x08007bec   0x0000000c   Code   RO         3972    .text._ZN4mbed4File6isattyEv  BUILD/NUCLEO_F767ZI/ARMC6/mbed-os/storage/filesystem/source/File.o
    0x08007bf8   0x0000000c   Code   RO         3978    .text._ZN4mbed4File6rewindEv  BUILD/NUCLEO_F767ZI/ARMC6/mbed-os/storage/filesystem/source/File.o
    0x08007c04   0x00000010   Code   RO         3982    .text._ZN4mbed4File8truncateEl  BUILD/NUCLEO_F767ZI/ARMC6/mbed-os/storage/filesystem/source/File.o
    0x08007c14   0x00000010   Code   RO         3954    .text._ZN4mbed4FileC2Ev  BUILD/NUCLEO_F767ZI/ARMC6/mbed-os/storage/filesystem/source/File.o
    0x08007c24   0x0000000e   Code   RO         3960    .text._ZN4mbed4FileD0Ev  BUILD/NUCLEO_F767ZI/ARMC6/mbed-os/storage/filesystem/source/File.o
    0x08007c32   0x00000002   PAD
    0x08007c34   0x0000001c   Code   RO         3958    .text._ZN4mbed4FileD2Ev  BUILD/NUCLEO_F767ZI/ARMC6/mbed-os/storage/filesystem/source/File.o
    0x08007c50   0x00000026   Code   RO          974    .text._ZN4mbed4impl7MbedCRCILj79764919ELh32ELNS_7CrcModeE2EE20compute_partial_stopEPj  BUILD/NUCLEO_F767ZI/ARMC6/mbed-os/drivers/source/MbedCRC.o
    0x08007c76   0x00000020   Code   RO          972    .text._ZN4mbed4impl7MbedCRCILj79764919ELh32ELNS_7CrcModeE2EE7computeEPKvjPj  BUILD/NUCLEO_F767ZI/ARMC6/mbed-os/drivers/source/MbedCRC.o
    0x08007c96   0x00000016   Code   RO         1354    .text._ZN4mbed5TimerC2Ev  BUILD/NUCLEO_F767ZI/ARMC6/mbed-os/drivers/source/Timer.o
    0x08007cac   0x00000020   Code   RO         1291    .text._ZN4mbed6TickerC2Ev  BUILD/NUCLEO_F767ZI/ARMC6/mbed-os/drivers/source/Ticker.o
    0x08007ccc   0x00000016   Code   RO         4065    .text._ZN4mbed7ManagedINS_3DirEE5closeEv  BUILD/NUCLEO_F767ZI/ARMC6/mbed-os/storage/filesystem/source/FileSystem.o
    0x08007ce2   0x00000002   PAD
    0x08007ce4   0x00000014   Code   RO         4043    .text._ZN4mbed7ManagedINS_3DirEEC2Ev  BUILD/NUCLEO_F767ZI/ARMC6/mbed-os/storage/filesystem/source/FileSystem.o
    0x08007cf8   0x0000000e   Code   RO         4063    .text._ZN4mbed7ManagedINS_3DirEED0Ev  BUILD/NUCLEO_F767ZI/ARMC6/mbed-os/storage/filesystem/source/FileSystem.o
    0x08007d06   0x00000016   Code   RO         4061    .text._ZN4mbed7ManagedINS_4FileEE5closeEv  BUILD/NUCLEO_F767ZI/ARMC6/mbed-os/storage/filesystem/source/FileSystem.o
    0x08007d1c   0x00000014   Code   RO         4041    .text._ZN4mbed7ManagedINS_4FileEEC2Ev  BUILD/NUCLEO_F767ZI/ARMC6/mbed-os/storage/filesystem/source/FileSystem.o
    0x08007d30   0x0000000e   Code   RO         4059    .text._ZN4mbed7ManagedINS_4FileEED0Ev  BUILD/NUCLEO_F767ZI/ARMC6/mbed-os/storage/filesystem/source/FileSystem.o
    0x08007d3e   0x00000006   Code   RO         3926    .text._ZN4mbed8CallbackIFvPKcEE11target_callIPS3_EEvPKNS_6detail12CallbackBaseES2_  BUILD/NUCLEO_F767ZI/ARMC6/mbed-os/storage/filesystem/fat/source/FATFileSystem.o
    0x08007d44   0x00000004   Code   RO          105    .text._ZN4mbed8CallbackIFvvEE11target_callIPS1_EEvPKNS_6detail12CallbackBaseE  BUILD/NUCLEO_F767ZI/ARMC6/libs/DMX_2_MIDI.o
    0x08007d48   0x0000006c   Code   RO         1882    .text._ZN4mbed8FileBase6lookupEPKcj  BUILD/NUCLEO_F767ZI/ARMC6/mbed-os/platform/source/FileBase.o
    0x08007db4   0x00000040   Code   RO         1872    .text._ZN4mbed8FileBaseC2EPKcNS_8PathTypeE  BUILD/NUCLEO_F767ZI/ARMC6/mbed-os/platform/source/FileBase.o
    0x08007df4   0x0000000e   Code   RO         1878    .text._ZN4mbed8FileBaseD0Ev  BUILD/NUCLEO_F767ZI/ARMC6/mbed-os/platform/source/FileBase.o
    0x08007e02   0x00000002   PAD
    0x08007e04   0x00000050   Code   RO         1874    .text._ZN4mbed8FileBaseD2Ev  BUILD/NUCLEO_F767ZI/ARMC6/mbed-os/platform/source/FileBase.o
    0x08007e54   0x00000018   Code   RO         1919    .text._ZN4mbed8FilePath10fileSystemEv  BUILD/NUCLEO_F767ZI/ARMC6/mbed-os/platform/source/FilePath.o
    0x08007e6c   0x00000018   Code   RO         1917    .text._ZN4mbed8FilePath12isFileSystemEv  BUILD/NUCLEO_F767ZI/ARMC6/mbed-os/platform/source/FilePath.o
    0x08007e84   0x00000018   Code   RO         1923    .text._ZN4mbed8FilePath4fileEv  BUILD/NUCLEO_F767ZI/ARMC6/mbed-os/platform/source/FilePath.o
    0x08007e9c   0x0000000a   Code   RO         1925    .text._ZN4mbed8FilePath6existsEv  BUILD/NUCLEO_F767ZI/ARMC6/mbed-os/platform/source/FilePath.o
    0x08007ea6   0x00000016   Code   RO         1921    .text._ZN4mbed8FilePath6isFileEv  BUILD/NUCLEO_F767ZI/ARMC6/mbed-os/platform/source/FilePath.o
    0x08007ebc   0x0000003c   Code   RO         1913    .text._ZN4mbed8FilePathC2EPKc  BUILD/NUCLEO_F767ZI/ARMC6/mbed-os/platform/source/FilePath.o
    0x08007ef8   0x0000001c   Code   RO         2472    .text._ZN4mbed8internal13init_os_timerEv  BUILD/NUCLEO_F767ZI/ARMC6/mbed-os/platform/source/mbed_os_timer.o
    0x08007f14   0x00000054   Code   RO         2482    .text._ZN4mbed8internal18do_sleep_operationINS0_18timed_predicate_opEEEvRT_  BUILD/NUCLEO_F767ZI/ARMC6/mbed-os/platform/source/mbed_os_timer.o
    0x08007f68   0x00000016   Code   RO         2494    .text._ZN4mbed8internal18timed_predicate_op13sleep_prepareEv  BUILD/NUCLEO_F767ZI/ARMC6/mbed-os/platform/source/mbed_os_timer.o
    0x08007f7e   0x00000002   PAD
    0x08007f80   0x00000010   Code   RO         2484    .text._ZN4mbed8internal18timed_predicate_opD2Ev  BUILD/NUCLEO_F767ZI/ARMC6/mbed-os/platform/source/mbed_os_timer.o
    0x08007f90   0x00000052   Code   RO         2478    .text._ZN4mbed8internal34do_timed_sleep_relative_or_foreverENSt3__26chrono8durationIjNS1_5ratioILx1ELx1000EEEEEPFbPvES7_  BUILD/NUCLEO_F767ZI/ARMC6/mbed-os/platform/source/mbed_os_timer.o
    0x08007fe2   0x00000002   PAD
    0x08007fe4   0x00000010   Code   RO         2496    .text._ZN4mbed8internal7OsClock13set_wake_timeENSt3__26chrono10time_pointIS1_NS3_8durationIxNS2_5ratioILx1ELx1000EEEEEEE  BUILD/NUCLEO_F767ZI/ARMC6/mbed-os/platform/source/mbed_os_timer.o
    0x08007ff4   0x0000001a   Code   RO         2490    .text._ZN4mbed8internal7OsClock3nowEv  BUILD/NUCLEO_F767ZI/ARMC6/mbed-os/platform/source/mbed_os_timer.o
    0x0800800e   0x0000001a   Code   RO         2084    .text._ZN4mbed8internal8SysTimerINSt3__25ratioILx1ELx1000EEELb1EE11cancel_wakeEv  BUILD/NUCLEO_F767ZI/ARMC6/mbed-os/platform/source/SysTimer.o
    0x08008028   0x00000076   Code   RO         2088    .text._ZN4mbed8internal8SysTimerINSt3__25ratioILx1ELx1000EEELb1EE13set_wake_timeENS2_6chrono10time_pointIS5_NS6_8durationIyS4_EEEE  BUILD/NUCLEO_F767ZI/ARMC6/mbed-os/platform/source/SysTimer.o
    0x0800809e   0x00000004   Code   RO         2102    .text._ZN4mbed8internal8SysTimerINSt3__25ratioILx1ELx1000EEELb1EE14_schedule_tickEv  BUILD/NUCLEO_F767ZI/ARMC6/mbed-os/platform/source/SysTimer.o
    0x080080a2   0x00000012   Code   RO         2090    .text._ZN4mbed8internal8SysTimerINSt3__25ratioILx1ELx1000EEELb1EE19update_and_get_tickEv  BUILD/NUCLEO_F767ZI/ARMC6/mbed-os/platform/source/SysTimer.o
    0x080080b4   0x00000038   Code   RO         2120    .text._ZN4mbed8internal8SysTimerINSt3__25ratioILx1ELx1000EEELb1EE7handlerEv  BUILD/NUCLEO_F767ZI/ARMC6/mbed-os/platform/source/SysTimer.o
    0x080080ec   0x0000001c   Code   RO         2076    .text._ZN4mbed8internal8SysTimerINSt3__25ratioILx1ELx1000EEELb1EEC2EPK13ticker_data_t  BUILD/NUCLEO_F767ZI/ARMC6/mbed-os/platform/source/SysTimer.o
    0x08008108   0x00000018   Code   RO          491    .text._ZN4mbed9DigitalInC2E7PinName  BUILD/NUCLEO_F767ZI/ARMC6/main.o
    0x08008120   0x00000032   Code   RO         1338    .text._ZN4mbed9TimerBase4stopEv  BUILD/NUCLEO_F767ZI/ARMC6/mbed-os/drivers/source/Timer.o
    0x08008152   0x00000022   Code   RO         1328    .text._ZN4mbed9TimerBase5resetEv  BUILD/NUCLEO_F767ZI/ARMC6/mbed-os/drivers/source/Timer.o
    0x08008174   0x0000002c   Code   RO         1336    .text._ZN4mbed9TimerBase5startEv  BUILD/NUCLEO_F767ZI/ARMC6/mbed-os/drivers/source/Timer.o
    0x080081a0   0x0000001e   Code   RO         1326    .text._ZN4mbed9TimerBaseC2EPK13ticker_data_tb  BUILD/NUCLEO_F767ZI/ARMC6/mbed-os/drivers/source/Timer.o
    0x080081be   0x00000014   Code   RO         1334    .text._ZN4mbed9TimerBaseD2Ev  BUILD/NUCLEO_F767ZI/ARMC6/mbed-os/drivers/source/Timer.o
    0x080081d2   0x00000002   PAD
    0x080081d4   0x00000014   Code   RO         3843    .text._ZN4mbedL15fat_error_remapE7FRESULT  BUILD/NUCLEO_F767ZI/ARMC6/mbed-os/storage/filesystem/fat/source/FATFileSystem.o
    0x080081e8   0x00000050   Code   RO         3857    .text._ZN4mbedL15fat_path_prefixEiPKc  BUILD/NUCLEO_F767ZI/ARMC6/mbed-os/storage/filesystem/fat/source/FATFileSystem.o
    0x08008238   0x00000020   Code   RO         3823    .text._ZN4mbedL20disk_get_sector_sizeEh  BUILD/NUCLEO_F767ZI/ARMC6/mbed-os/storage/filesystem/fat/source/FATFileSystem.o
    0x08008258   0x00000008   Code   RO         3897    .text._ZN4mbedL8dodeleteEPKc  BUILD/NUCLEO_F767ZI/ARMC6/mbed-os/storage/filesystem/fat/source/FATFileSystem.o
    0x08008260   0x00000004   Code   RO         3089    .text._ZN4rtos10ThisThread9sleep_forENSt3__26chrono8durationIjNS1_5ratioILx1ELx1000EEEEE  BUILD/NUCLEO_F767ZI/ARMC6/mbed-os/rtos/source/ThisThread.o
    0x08008264   0x00000028   Code   RO         1269    .text._ZN6CThunkIN4mbed10SerialBaseEE10trampolineEP10CThunkBase  BUILD/NUCLEO_F767ZI/ARMC6/mbed-os/drivers/source/SerialBase.o
    0x0800828c   0x00000014   Code   RO         1265    .text._ZN6CThunkIN4mbed10SerialBaseEED2Ev  BUILD/NUCLEO_F767ZI/ARMC6/mbed-os/drivers/source/SerialBase.o
    0x080082a0   0x00000028   Code   RO         1150    .text._ZN6CThunkIN4mbed3SPIEE10trampolineEP10CThunkBase  BUILD/NUCLEO_F767ZI/ARMC6/mbed-os/drivers/source/SPI.o
    0x080082c8   0x00000014   Code   RO         1140    .text._ZN6CThunkIN4mbed3SPIEED2Ev  BUILD/NUCLEO_F767ZI/ARMC6/mbed-os/drivers/source/SPI.o
    0x080082dc   0x00000006   Code   RO          302    .text._ZN9DMX_spots10getPTSpeedEv  BUILD/NUCLEO_F767ZI/ARMC6/libs/DMX_SPOTS.o
    0x080082e2   0x00000008   Code   RO          234    .text._ZN9DMX_spots10setChanRGBEhhh  BUILD/NUCLEO_F767ZI/ARMC6/libs/DMX_SPOTS.o
    0x080082ea   0x00000006   Code   RO          312    .text._ZN9DMX_spots10setPTSpeedEh  BUILD/NUCLEO_F767ZI/ARMC6/libs/DMX_SPOTS.o
    0x080082f0   0x000000cc   Code   RO          342    .text._ZN9DMX_spots10updateDataEPh  BUILD/NUCLEO_F767ZI/ARMC6/libs/DMX_SPOTS.o
    0x080083bc   0x00000022   Code   RO          204    .text._ZN9DMX_spots13setModeNoFuncEv  BUILD/NUCLEO_F767ZI/ARMC6/libs/DMX_SPOTS.o
    0x080083de   0x0000000e   Code   RO          198    .text._ZN9DMX_spots16setChanSoundModeEhhhh  BUILD/NUCLEO_F767ZI/ARMC6/libs/DMX_SPOTS.o
    0x080083ec   0x00000006   Code   RO          264    .text._ZN9DMX_spots4getAEv  BUILD/NUCLEO_F767ZI/ARMC6/libs/DMX_SPOTS.o
    0x080083f2   0x00000006   Code   RO          252    .text._ZN9DMX_spots4getBEv  BUILD/NUCLEO_F767ZI/ARMC6/libs/DMX_SPOTS.o
    0x080083f8   0x00000006   Code   RO          250    .text._ZN9DMX_spots4getGEv  BUILD/NUCLEO_F767ZI/ARMC6/libs/DMX_SPOTS.o
    0x080083fe   0x00000006   Code   RO          248    .text._ZN9DMX_spots4getREv  BUILD/NUCLEO_F767ZI/ARMC6/libs/DMX_SPOTS.o
    0x08008404   0x00000006   Code   RO          262    .text._ZN9DMX_spots4getWEv  BUILD/NUCLEO_F767ZI/ARMC6/libs/DMX_SPOTS.o
    0x0800840a   0x00000006   Code   RO          270    .text._ZN9DMX_spots4setAEh  BUILD/NUCLEO_F767ZI/ARMC6/libs/DMX_SPOTS.o
    0x08008410   0x00000006   Code   RO          258    .text._ZN9DMX_spots4setBEh  BUILD/NUCLEO_F767ZI/ARMC6/libs/DMX_SPOTS.o
    0x08008416   0x00000006   Code   RO          256    .text._ZN9DMX_spots4setGEh  BUILD/NUCLEO_F767ZI/ARMC6/libs/DMX_SPOTS.o
    0x0800841c   0x00000006   Code   RO          254    .text._ZN9DMX_spots4setREh  BUILD/NUCLEO_F767ZI/ARMC6/libs/DMX_SPOTS.o
    0x08008422   0x00000006   Code   RO          268    .text._ZN9DMX_spots4setWEh  BUILD/NUCLEO_F767ZI/ARMC6/libs/DMX_SPOTS.o
    0x08008428   0x00000006   Code   RO          266    .text._ZN9DMX_spots5getUVEv  BUILD/NUCLEO_F767ZI/ARMC6/libs/DMX_SPOTS.o
    0x0800842e   0x00000006   Code   RO          272    .text._ZN9DMX_spots5setUVEh  BUILD/NUCLEO_F767ZI/ARMC6/libs/DMX_SPOTS.o
    0x08008434   0x00000004   Code   RO          182    .text._ZN9DMX_spots6getAddEv  BUILD/NUCLEO_F767ZI/ARMC6/libs/DMX_SPOTS.o
    0x08008438   0x00000006   Code   RO          294    .text._ZN9DMX_spots6getPanEv  BUILD/NUCLEO_F767ZI/ARMC6/libs/DMX_SPOTS.o
    0x0800843e   0x00000006   Code   RO          304    .text._ZN9DMX_spots6setPanEh  BUILD/NUCLEO_F767ZI/ARMC6/libs/DMX_SPOTS.o
    0x08008444   0x00000024   Code   RO          260    .text._ZN9DMX_spots6setRGBEhhh  BUILD/NUCLEO_F767ZI/ARMC6/libs/DMX_SPOTS.o
    0x08008468   0x00000006   Code   RO          298    .text._ZN9DMX_spots7getTiltEv  BUILD/NUCLEO_F767ZI/ARMC6/libs/DMX_SPOTS.o
    0x0800846e   0x00000006   Code   RO          202    .text._ZN9DMX_spots7setModeEh  BUILD/NUCLEO_F767ZI/ARMC6/libs/DMX_SPOTS.o
    0x08008474   0x00000006   Code   RO          308    .text._ZN9DMX_spots7setTiltEh  BUILD/NUCLEO_F767ZI/ARMC6/libs/DMX_SPOTS.o
    0x0800847a   0x00000004   Code   RO          190    .text._ZN9DMX_spots8getGroupEv  BUILD/NUCLEO_F767ZI/ARMC6/libs/DMX_SPOTS.o
    0x0800847e   0x00000006   Code   RO          218    .text._ZN9DMX_spots9setDimmerEh  BUILD/NUCLEO_F767ZI/ARMC6/libs/DMX_SPOTS.o
    0x08008484   0x00000012   Code   RO          176    .text._ZN9DMX_spotsC2Ev  BUILD/NUCLEO_F767ZI/ARMC6/libs/DMX_SPOTS.o
    0x08008496   0x00000002   PAD
    0x08008498   0x00000034   Code   RO         2536    .text._ZNK12DirectSerial4pollEs  BUILD/NUCLEO_F767ZI/ARMC6/mbed-os/platform/source/mbed_retarget.o
    0x080084cc   0x0000001c   Code   RO         1138    .text._ZNK12SingletonPtrIN4mbed14CircularBufferINS0_11TransactionINS0_3SPIEEELj2EjEEE3getEv  BUILD/NUCLEO_F767ZI/ARMC6/mbed-os/drivers/source/SPI.o
    0x080084e8   0x00000014   Code   RO          521    .text._ZNK12SingletonPtrIN4rtos5MutexEE3getEv  BUILD/NUCLEO_F767ZI/ARMC6/mbed-os/drivers/source/AnalogIn.o
    0x080084fc   0x00000008   Code   RO         3147    .text._ZNK13SDBlockDevice13get_read_sizeEv  BUILD/NUCLEO_F767ZI/ARMC6/mbed-os/storage/blockdevice/COMPONENT_SD/source/SDBlockDevice.o
    0x08008504   0x00000008   Code   RO         3149    .text._ZNK13SDBlockDevice16get_program_sizeEv  BUILD/NUCLEO_F767ZI/ARMC6/mbed-os/storage/blockdevice/COMPONENT_SD/source/SDBlockDevice.o
    0x0800850c   0x0000000e   Code   RO         3151    .text._ZNK13SDBlockDevice4sizeEv  BUILD/NUCLEO_F767ZI/ARMC6/mbed-os/storage/blockdevice/COMPONENT_SD/source/SDBlockDevice.o
    0x0800851a   0x00000002   PAD
    0x0800851c   0x00000008   Code   RO         3153    .text._ZNK13SDBlockDevice8get_typeEv  BUILD/NUCLEO_F767ZI/ARMC6/mbed-os/storage/blockdevice/COMPONENT_SD/source/SDBlockDevice.o
    0x08008524   0x00000004   Code   RO         1447    .text._ZNK4mbed10FileHandle11is_blockingEv  BUILD/NUCLEO_F767ZI/ARMC6/mbed-os/drivers/source/UnbufferedSerial.o
    0x08008528   0x00000004   Code   RO         1910    .text._ZNK4mbed10FileHandle4pollEs  BUILD/NUCLEO_F767ZI/ARMC6/mbed-os/platform/source/FileHandle.o
    0x0800852c   0x0000006a   Code   RO         3204    .text._ZNK4mbed11BlockDevice13is_valid_readEyy  BUILD/NUCLEO_F767ZI/ARMC6/mbed-os/storage/blockdevice/COMPONENT_SD/source/SDBlockDevice.o
    0x08008596   0x00000006   Code   RO         3198    .text._ZNK4mbed11BlockDevice14get_erase_sizeEv  BUILD/NUCLEO_F767ZI/ARMC6/mbed-os/storage/blockdevice/COMPONENT_SD/source/SDBlockDevice.o
    0x0800859c   0x00000006   Code   RO         3200    .text._ZNK4mbed11BlockDevice14get_erase_sizeEy  BUILD/NUCLEO_F767ZI/ARMC6/mbed-os/storage/blockdevice/COMPONENT_SD/source/SDBlockDevice.o
    0x080085a2   0x00000068   Code   RO         3208    .text._ZNK4mbed11BlockDevice14is_valid_eraseEyy  BUILD/NUCLEO_F767ZI/ARMC6/mbed-os/storage/blockdevice/COMPONENT_SD/source/SDBlockDevice.o
    0x0800860a   0x00000006   Code   RO         3202    .text._ZNK4mbed11BlockDevice15get_erase_valueEv  BUILD/NUCLEO_F767ZI/ARMC6/mbed-os/storage/blockdevice/COMPONENT_SD/source/SDBlockDevice.o
    0x08008610   0x0000006a   Code   RO         3206    .text._ZNK4mbed11BlockDevice16is_valid_programEyy  BUILD/NUCLEO_F767ZI/ARMC6/mbed-os/storage/blockdevice/COMPONENT_SD/source/SDBlockDevice.o
    0x0800867a   0x00000010   Code   RO         2078    .text._ZNK4mbed15TickerDataClock3nowEv  BUILD/NUCLEO_F767ZI/ARMC6/mbed-os/platform/source/SysTimer.o
    0x0800868a   0x00000030   Code   RO         1401    .text._ZNK4mbed16UnbufferedSerial4pollEs  BUILD/NUCLEO_F767ZI/ARMC6/mbed-os/drivers/source/UnbufferedSerial.o
    0x080086ba   0x00000002   PAD
    0x080086bc   0x00000058   Code   RO          976    .text._ZNK4mbed4impl7MbedCRCILj79764919ELh32ELNS_7CrcModeE2EE18do_compute_partialILS2_2EEENSt3__29enable_ifIXeqT_LS2_2EEiE4typeEPKhjPj  BUILD/NUCLEO_F767ZI/ARMC6/mbed-os/drivers/source/MbedCRC.o
    0x08008714   0x00000024   Code   RO         2492    .text._ZNK4mbed8internal18timed_predicate_op14wake_conditionEv  BUILD/NUCLEO_F767ZI/ARMC6/mbed-os/platform/source/mbed_os_timer.o
    0x08008738   0x0000003a   Code   RO         2114    .text._ZNK4mbed8internal8SysTimerINSt3__25ratioILx1ELx1000EEELb1EE14_elapsed_ticksEv  BUILD/NUCLEO_F767ZI/ARMC6/mbed-os/platform/source/SysTimer.o
    0x08008772   0x00000026   Code   RO         1344    .text._ZNK4mbed9TimerBase12elapsed_timeEv  BUILD/NUCLEO_F767ZI/ARMC6/mbed-os/drivers/source/Timer.o
    0x08008798   0x00000030   Code   RO         1340    .text._ZNK4mbed9TimerBase9slicetimeEv  BUILD/NUCLEO_F767ZI/ARMC6/mbed-os/drivers/source/Timer.o
    0x080087c8   0x0000000c   Code   RO         1407    .text._ZThn228_N4mbed16UnbufferedSerial12enable_inputEb  BUILD/NUCLEO_F767ZI/ARMC6/mbed-os/drivers/source/UnbufferedSerial.o
    0x080087d4   0x0000000c   Code   RO         1411    .text._ZThn228_N4mbed16UnbufferedSerial13enable_outputEb  BUILD/NUCLEO_F767ZI/ARMC6/mbed-os/drivers/source/UnbufferedSerial.o
    0x080087e0   0x00000006   Code   RO         1399    .text._ZThn228_N4mbed16UnbufferedSerial4readEPvj  BUILD/NUCLEO_F767ZI/ARMC6/mbed-os/drivers/source/UnbufferedSerial.o
    0x080087e6   0x00000002   PAD
    0x080087e8   0x00000008   Code   RO         1435    .text._ZThn228_N4mbed16UnbufferedSerial4seekEli  BUILD/NUCLEO_F767ZI/ARMC6/mbed-os/drivers/source/UnbufferedSerial.o
    0x080087f0   0x00000006   Code   RO         1443    .text._ZThn228_N4mbed16UnbufferedSerial4sizeEv  BUILD/NUCLEO_F767ZI/ARMC6/mbed-os/drivers/source/UnbufferedSerial.o
    0x080087f6   0x00000004   Code   RO         1437    .text._ZThn228_N4mbed16UnbufferedSerial5closeEv  BUILD/NUCLEO_F767ZI/ARMC6/mbed-os/drivers/source/UnbufferedSerial.o
    0x080087fa   0x00000006   Code   RO         1395    .text._ZThn228_N4mbed16UnbufferedSerial5writeEPKvj  BUILD/NUCLEO_F767ZI/ARMC6/mbed-os/drivers/source/UnbufferedSerial.o
    0x08008800   0x00000004   Code   RO         1441    .text._ZThn228_N4mbed16UnbufferedSerial6isattyEv  BUILD/NUCLEO_F767ZI/ARMC6/mbed-os/drivers/source/UnbufferedSerial.o
    0x08008804   0x00000006   Code   RO         1433    .text._ZThn228_N4mbed16UnbufferedSerialD0Ev  BUILD/NUCLEO_F767ZI/ARMC6/mbed-os/drivers/source/UnbufferedSerial.o
    0x0800880a   0x00000006   Code   RO         1431    .text._ZThn228_N4mbed16UnbufferedSerialD1Ev  BUILD/NUCLEO_F767ZI/ARMC6/mbed-os/drivers/source/UnbufferedSerial.o
    0x08008810   0x00000006   Code   RO         1403    .text._ZThn228_NK4mbed16UnbufferedSerial4pollEs  BUILD/NUCLEO_F767ZI/ARMC6/mbed-os/drivers/source/UnbufferedSerial.o
    0x08008816   0x00000002   Code   RO         4051    .text._ZThn4_N4mbed10FileSystemD0Ev  BUILD/NUCLEO_F767ZI/ARMC6/mbed-os/storage/filesystem/source/FileSystem.o
    0x08008818   0x00000004   Code   RO         4049    .text._ZThn4_N4mbed10FileSystemD1Ev  BUILD/NUCLEO_F767ZI/ARMC6/mbed-os/storage/filesystem/source/FileSystem.o
    0x0800881c   0x00000006   Code   RO         3837    .text._ZThn4_N4mbed13FATFileSystemD0Ev  BUILD/NUCLEO_F767ZI/ARMC6/mbed-os/storage/filesystem/fat/source/FATFileSystem.o
    0x08008822   0x00000006   Code   RO         3833    .text._ZThn4_N4mbed13FATFileSystemD1Ev  BUILD/NUCLEO_F767ZI/ARMC6/mbed-os/storage/filesystem/fat/source/FATFileSystem.o
    0x08008828   0x00000002   Code   RO         4057    .text._ZThn4_N4mbed14FileSystemLikeD0Ev  BUILD/NUCLEO_F767ZI/ARMC6/mbed-os/storage/filesystem/source/FileSystem.o
    0x0800882a   0x00000004   Code   RO         4055    .text._ZThn4_N4mbed14FileSystemLikeD1Ev  BUILD/NUCLEO_F767ZI/ARMC6/mbed-os/storage/filesystem/source/FileSystem.o
    0x0800882e   0x00000004   Code   RO         2680    .text._ZdaPv        BUILD/NUCLEO_F767ZI/ARMC6/mbed-os/platform/source/mbed_retarget.o
    0x08008832   0x00000004   Code   RO         2624    .text._ZdlPv        BUILD/NUCLEO_F767ZI/ARMC6/mbed-os/platform/source/mbed_retarget.o
    0x08008836   0x00000002   PAD
    0x08008838   0x0000001c   Code   RO         2674    .text._Znaj         BUILD/NUCLEO_F767ZI/ARMC6/mbed-os/platform/source/mbed_retarget.o
    0x08008854   0x00000020   Code   RO         2672    .text._Znwj         BUILD/NUCLEO_F767ZI/ARMC6/mbed-os/platform/source/mbed_retarget.o
    0x08008874   0x00000024   Code   RO         2411    .text.__NVIC_SystemReset  BUILD/NUCLEO_F767ZI/ARMC6/mbed-os/platform/source/mbed_error.o
    0x08008898   0x00000022   Code   RO         2666    .text.__cxa_guard_acquire  BUILD/NUCLEO_F767ZI/ARMC6/mbed-os/platform/source/mbed_retarget.o
    0x080088ba   0x00000002   PAD
    0x080088bc   0x00000028   Code   RO        10202    .text.__cxa_pure_virtual  c:\ProgramData\Mbed Studio\mbed-studio-tools\ac6\bin\..\lib\libcxx\libcppabi_w.l(cxa_virtual.cpp.o)
    0x080088e4   0x00000004   Code   RO         2602    .text.__user_setup_stackheap  BUILD/NUCLEO_F767ZI/ARMC6/mbed-os/platform/source/mbed_retarget.o
    0x080088e8   0x00000026   Code   RO         1563    .text._gpio_init_in  BUILD/NUCLEO_F767ZI/ARMC6/mbed-os/hal/source/mbed_gpio.o
    0x0800890e   0x00000030   Code   RO         1569    .text._gpio_init_out  BUILD/NUCLEO_F767ZI/ARMC6/mbed-os/hal/source/mbed_gpio.o
    0x0800893e   0x00000002   PAD
    0x08008940   0x0000002c   Code   RO         2598    .text._mbed_user_setup_stackheap  BUILD/NUCLEO_F767ZI/ARMC6/mbed-os/platform/source/mbed_retarget.o
    0x0800896c   0x00000004   Code   RO         2767    .text._platform_post_stackheap_init  BUILD/NUCLEO_F767ZI/ARMC6/mbed-os/platform/source/mbed_sdk_boot.o
    0x08008970   0x00000108   Code   RO         2455    .text._rtc_localtime  BUILD/NUCLEO_F767ZI/ARMC6/mbed-os/platform/source/mbed_mktime.o
    0x08008a78   0x000000c8   Code   RO         2453    .text._rtc_maketime  BUILD/NUCLEO_F767ZI/ARMC6/mbed-os/platform/source/mbed_mktime.o
    0x08008b40   0x00000004   Code   RO         2566    .text._sys_close    BUILD/NUCLEO_F767ZI/ARMC6/mbed-os/platform/source/mbed_retarget.o
    0x08008b44   0x00000002   Code   RO         2576    .text._sys_exit     BUILD/NUCLEO_F767ZI/ARMC6/mbed-os/platform/source/mbed_retarget.o
    0x08008b46   0x00000026   Code   RO         2596    .text._sys_flen     BUILD/NUCLEO_F767ZI/ARMC6/mbed-os/platform/source/mbed_retarget.o
    0x08008b6c   0x00000004   Code   RO         2584    .text._sys_istty    BUILD/NUCLEO_F767ZI/ARMC6/mbed-os/platform/source/mbed_retarget.o
    0x08008b70   0x00000084   Code   RO         2560    .text._sys_open     BUILD/NUCLEO_F767ZI/ARMC6/mbed-os/platform/source/mbed_retarget.o
    0x08008bf4   0x00000006   Code   RO         2586    .text._sys_seek     BUILD/NUCLEO_F767ZI/ARMC6/mbed-os/platform/source/mbed_retarget.o
    0x08008bfa   0x00000002   PAD
    0x08008bfc   0x000000c0   Code   RO         2570    .text._sys_write    BUILD/NUCLEO_F767ZI/ARMC6/mbed-os/platform/source/mbed_retarget.o
    0x08008cbc   0x00000014   Code   RO         2578    .text._ttywrch      BUILD/NUCLEO_F767ZI/ARMC6/mbed-os/platform/source/mbed_retarget.o
    0x08008cd0   0x00000014   Code   RO         2800    .text._wait_us_ticks  BUILD/NUCLEO_F767ZI/ARMC6/mbed-os/platform/source/mbed_wait_api_no_rtos.o
    0x08008ce4   0x00000004   Code   RO        10379    .text.abort_message  c:\ProgramData\Mbed Studio\mbed-studio-tools\ac6\bin\..\lib\libcxx\libcppabi_w.l(abort_message.cpp.o)
    0x08008ce8   0x00000002   Code   RO         1689    .text.block_us_ticker_free  BUILD/NUCLEO_F767ZI/ARMC6/mbed-os/hal/source/mbed_us_ticker_api.o
    0x08008cea   0x00000002   PAD
    0x08008cec   0x000000fc   Code   RO         9440    .text.can_irq       BUILD/NUCLEO_F767ZI/ARMC6/mbed-os/targets/TARGET_STM/can_api.o
    0x08008de8   0x00000038   Code   RO         2568    .text.close         BUILD/NUCLEO_F767ZI/ARMC6/mbed-os/platform/source/mbed_retarget.o
    0x08008e20   0x0000000c   Code   RO         2356    .text.core_util_are_interrupts_enabled  BUILD/NUCLEO_F767ZI/ARMC6/mbed-os/platform/source/mbed_critical.o
    0x08008e2c   0x00000012   Code   RO         2259    .text.core_util_atomic_decr_u16  BUILD/NUCLEO_F767ZI/ARMC6/mbed-os/platform/source/mbed_atomic_impl.o
    0x08008e3e   0x00000010   Code   RO         2245    .text.core_util_atomic_exchange_u8  BUILD/NUCLEO_F767ZI/ARMC6/mbed-os/platform/source/mbed_atomic_impl.o
    0x08008e4e   0x00000014   Code   RO         2243    .text.core_util_atomic_flag_test_and_set  BUILD/NUCLEO_F767ZI/ARMC6/mbed-os/platform/source/mbed_atomic_impl.o
    0x08008e62   0x00000012   Code   RO         2253    .text.core_util_atomic_incr_u16  BUILD/NUCLEO_F767ZI/ARMC6/mbed-os/platform/source/mbed_atomic_impl.o
    0x08008e74   0x00000016   Code   RO         2305    .text.core_util_atomic_load_u64  BUILD/NUCLEO_F767ZI/ARMC6/mbed-os/platform/source/mbed_atomic_impl.o
    0x08008e8a   0x00000002   PAD
    0x08008e8c   0x00000010   Code   RO         2362    .text.core_util_critical_section_enter  BUILD/NUCLEO_F767ZI/ARMC6/mbed-os/platform/source/mbed_critical.o
    0x08008e9c   0x00000018   Code   RO         2364    .text.core_util_critical_section_exit  BUILD/NUCLEO_F767ZI/ARMC6/mbed-os/platform/source/mbed_critical.o
    0x08008eb4   0x00000004   Code   RO         2360    .text.core_util_in_critical_section  BUILD/NUCLEO_F767ZI/ARMC6/mbed-os/platform/source/mbed_critical.o
    0x08008eb8   0x0000000c   Code   RO         2358    .text.core_util_is_isr_active  BUILD/NUCLEO_F767ZI/ARMC6/mbed-os/platform/source/mbed_critical.o
    0x08008ec4   0x00000014   Code   RO         3819    .text.disk_initialize  BUILD/NUCLEO_F767ZI/ARMC6/mbed-os/storage/filesystem/fat/source/FATFileSystem.o
    0x08008ed8   0x000000ac   Code   RO         3827    .text.disk_ioctl    BUILD/NUCLEO_F767ZI/ARMC6/mbed-os/storage/filesystem/fat/source/FATFileSystem.o
    0x08008f84   0x00000034   Code   RO         3821    .text.disk_read     BUILD/NUCLEO_F767ZI/ARMC6/mbed-os/storage/filesystem/fat/source/FATFileSystem.o
    0x08008fb8   0x0000005c   Code   RO         3825    .text.disk_write    BUILD/NUCLEO_F767ZI/ARMC6/mbed-os/storage/filesystem/fat/source/FATFileSystem.o
    0x08009014   0x00000024   Code   RO         2369    .text.error         BUILD/NUCLEO_F767ZI/ARMC6/mbed-os/platform/source/mbed_error.o
    0x08009038   0x0000001c   Code   RO         1673    .text.exact_log2    BUILD/NUCLEO_F767ZI/ARMC6/mbed-os/hal/source/mbed_ticker_api.o
    0x08009054   0x0000002c   Code   RO         2642    .text.exit          BUILD/NUCLEO_F767ZI/ARMC6/mbed-os/platform/source/mbed_retarget.o
    0x08009080   0x0000001e   Code   RO         3718    .text.f_close       BUILD/NUCLEO_F767ZI/ARMC6/mbed-os/storage/filesystem/fat/ChaN/ff.o
    0x0800909e   0x00000012   Code   RO         3730    .text.f_closedir    BUILD/NUCLEO_F767ZI/ARMC6/mbed-os/storage/filesystem/fat/ChaN/ff.o
    0x080090b0   0x000000ca   Code   RO         3742    .text.f_getfree     BUILD/NUCLEO_F767ZI/ARMC6/mbed-os/storage/filesystem/fat/ChaN/ff.o
    0x0800917a   0x0000010e   Code   RO         3724    .text.f_lseek       BUILD/NUCLEO_F767ZI/ARMC6/mbed-os/storage/filesystem/fat/ChaN/ff.o
    0x08009288   0x00000122   Code   RO         3750    .text.f_mkdir       BUILD/NUCLEO_F767ZI/ARMC6/mbed-os/storage/filesystem/fat/ChaN/ff.o
    0x080093aa   0x00000002   PAD
    0x080093ac   0x0000080c   Code   RO         3756    .text.f_mkfs        BUILD/NUCLEO_F767ZI/ARMC6/mbed-os/storage/filesystem/fat/ChaN/ff.o
    0x08009bb8   0x00000050   Code   RO         3676    .text.f_mount       BUILD/NUCLEO_F767ZI/ARMC6/mbed-os/storage/filesystem/fat/ChaN/ff.o
    0x08009c08   0x000001fa   Code   RO         3682    .text.f_open        BUILD/NUCLEO_F767ZI/ARMC6/mbed-os/storage/filesystem/fat/ChaN/ff.o
    0x08009e02   0x00000088   Code   RO         3726    .text.f_opendir     BUILD/NUCLEO_F767ZI/ARMC6/mbed-os/storage/filesystem/fat/ChaN/ff.o
    0x08009e8a   0x0000013e   Code   RO         3704    .text.f_read        BUILD/NUCLEO_F767ZI/ARMC6/mbed-os/storage/filesystem/fat/ChaN/ff.o
    0x08009fc8   0x0000005a   Code   RO         3732    .text.f_readdir     BUILD/NUCLEO_F767ZI/ARMC6/mbed-os/storage/filesystem/fat/ChaN/ff.o
    0x0800a022   0x00000132   Code   RO         3754    .text.f_rename      BUILD/NUCLEO_F767ZI/ARMC6/mbed-os/storage/filesystem/fat/ChaN/ff.o
    0x0800a154   0x00000058   Code   RO         3740    .text.f_stat        BUILD/NUCLEO_F767ZI/ARMC6/mbed-os/storage/filesystem/fat/ChaN/ff.o
    0x0800a1ac   0x00000068   Code   RO         3714    .text.f_sync        BUILD/NUCLEO_F767ZI/ARMC6/mbed-os/storage/filesystem/fat/ChaN/ff.o
    0x0800a214   0x00000076   Code   RO         3744    .text.f_truncate    BUILD/NUCLEO_F767ZI/ARMC6/mbed-os/storage/filesystem/fat/ChaN/ff.o
    0x0800a28a   0x000000d8   Code   RO         3746    .text.f_unlink      BUILD/NUCLEO_F767ZI/ARMC6/mbed-os/storage/filesystem/fat/ChaN/ff.o
    0x0800a362   0x0000018e   Code   RO         3708    .text.f_write       BUILD/NUCLEO_F767ZI/ARMC6/mbed-os/storage/filesystem/fat/ChaN/ff.o
    0x0800a4f0   0x00000004   Code   RO         3813    .text.ff_memalloc   BUILD/NUCLEO_F767ZI/ARMC6/mbed-os/storage/filesystem/fat/source/FATFileSystem.o
    0x0800a4f4   0x00000004   Code   RO         3815    .text.ff_memfree    BUILD/NUCLEO_F767ZI/ARMC6/mbed-os/storage/filesystem/fat/source/FATFileSystem.o
    0x0800a4f8   0x00000024   Code   RO         3803    .text.ff_oem2uni    BUILD/NUCLEO_F767ZI/ARMC6/mbed-os/storage/filesystem/fat/ChaN/ffunicode.o
    0x0800a51c   0x00000040   Code   RO         3801    .text.ff_uni2oem    BUILD/NUCLEO_F767ZI/ARMC6/mbed-os/storage/filesystem/fat/ChaN/ffunicode.o
    0x0800a55c   0x00000088   Code   RO         3805    .text.ff_wtoupper   BUILD/NUCLEO_F767ZI/ARMC6/mbed-os/storage/filesystem/fat/ChaN/ffunicode.o
    0x0800a5e4   0x00000028   Code   RO         2594    .text.fsync         BUILD/NUCLEO_F767ZI/ARMC6/mbed-os/platform/source/mbed_retarget.o
    0x0800a60c   0x0000003a   Code   RO         3811    .text.get_fattime   BUILD/NUCLEO_F767ZI/ARMC6/mbed-os/storage/filesystem/fat/source/FATFileSystem.o
    0x0800a646   0x00000002   PAD
    0x0800a648   0x00000008   Code   RO         1585    .text.get_lp_ticker_data  BUILD/NUCLEO_F767ZI/ARMC6/mbed-os/hal/source/mbed_lp_ticker_api.o
    0x0800a650   0x00000074   Code   RO         9787    .text.get_uart_index  BUILD/NUCLEO_F767ZI/ARMC6/mbed-os/targets/TARGET_STM/serial_api.o
    0x0800a6c4   0x00000008   Code   RO         1683    .text.get_us_ticker_data  BUILD/NUCLEO_F767ZI/ARMC6/mbed-os/hal/source/mbed_us_ticker_api.o
    0x0800a6cc   0x00000040   Code   RO         2741    .text.gettimeofday  BUILD/NUCLEO_F767ZI/ARMC6/mbed-os/platform/source/mbed_rtc_time.o
    0x0800a70c   0x0000002a   Code   RO         9478    .text.gpio_dir      BUILD/NUCLEO_F767ZI/ARMC6/mbed-os/targets/TARGET_STM/gpio_api.o
    0x0800a736   0x00000002   PAD
    0x0800a738   0x00000044   Code   RO         9474    .text.gpio_init     BUILD/NUCLEO_F767ZI/ARMC6/mbed-os/targets/TARGET_STM/gpio_api.o
    0x0800a77c   0x00000006   Code   RO         1559    .text.gpio_init_in  BUILD/NUCLEO_F767ZI/ARMC6/mbed-os/hal/source/mbed_gpio.o
    0x0800a782   0x00000006   Code   RO         1565    .text.gpio_init_out  BUILD/NUCLEO_F767ZI/ARMC6/mbed-os/hal/source/mbed_gpio.o
    0x0800a788   0x00000008   Code   RO         1567    .text.gpio_init_out_ex  BUILD/NUCLEO_F767ZI/ARMC6/mbed-os/hal/source/mbed_gpio.o
    0x0800a790   0x00000008   Code   RO         9476    .text.gpio_mode     BUILD/NUCLEO_F767ZI/ARMC6/mbed-os/targets/TARGET_STM/gpio_api.o
    0x0800a798   0x00000018   Code   RO         9472    .text.gpio_set      BUILD/NUCLEO_F767ZI/ARMC6/mbed-os/targets/TARGET_STM/gpio_api.o
    0x0800a7b0   0x00000014   Code   RO         1557    .text.gpio_write    BUILD/NUCLEO_F767ZI/ARMC6/mbed-os/hal/source/mbed_gpio.o
    0x0800a7c4   0x00000018   Code   RO         1544    .text.hal_critical_section_enter  BUILD/NUCLEO_F767ZI/ARMC6/mbed-os/hal/source/mbed_critical_section_api.o
    0x0800a7dc   0x00000010   Code   RO         1546    .text.hal_critical_section_exit  BUILD/NUCLEO_F767ZI/ARMC6/mbed-os/hal/source/mbed_critical_section_api.o
    0x0800a7ec   0x00000110   Code   RO         9798    .text.hal_deepsleep  BUILD/NUCLEO_F767ZI/ARMC6/mbed-os/targets/TARGET_STM/sleep.o
    0x0800a8fc   0x0000000c   Code   RO         1548    .text.hal_in_critical_section  BUILD/NUCLEO_F767ZI/ARMC6/mbed-os/hal/source/mbed_critical_section_api.o
    0x0800a908   0x00000020   Code   RO         9796    .text.hal_sleep     BUILD/NUCLEO_F767ZI/ARMC6/mbed-os/targets/TARGET_STM/sleep.o
    0x0800a928   0x0000007c   Code   RO         2371    .text.handle_error  BUILD/NUCLEO_F767ZI/ARMC6/mbed-os/platform/source/mbed_error.o
    0x0800a9a4   0x000000ac   Code   RO         9899    .text.init_32bit_timer  BUILD/NUCLEO_F767ZI/ARMC6/mbed-os/targets/TARGET_STM/us_ticker.o
    0x0800aa50   0x00000048   Code   RO         9806    .text.init_spi      BUILD/NUCLEO_F767ZI/ARMC6/mbed-os/targets/TARGET_STM/stm_spi_api.o
    0x0800aa98   0x0000006c   Code   RO         9767    .text.init_uart     BUILD/NUCLEO_F767ZI/ARMC6/mbed-os/targets/TARGET_STM/serial_api.o
    0x0800ab04   0x000000e4   Code   RO         1645    .text.initialize    BUILD/NUCLEO_F767ZI/ARMC6/mbed-os/hal/source/mbed_ticker_api.o
    0x0800abe8   0x00000050   Code   RO         1655    .text.insert_event  BUILD/NUCLEO_F767ZI/ARMC6/mbed-os/hal/source/mbed_ticker_api.o
    0x0800ac38   0x00000028   Code   RO         2554    .text.isatty        BUILD/NUCLEO_F767ZI/ARMC6/mbed-os/platform/source/mbed_retarget.o
    0x0800ac60   0x00000024   Code   RO         9653    .text.lp_ticker_clear_interrupt  BUILD/NUCLEO_F767ZI/ARMC6/mbed-os/targets/TARGET_STM/lp_ticker.o
    0x0800ac84   0x00000050   Code   RO         9645    .text.lp_ticker_disable_interrupt  BUILD/NUCLEO_F767ZI/ARMC6/mbed-os/targets/TARGET_STM/lp_ticker.o
    0x0800acd4   0x00000024   Code   RO         9655    .text.lp_ticker_fire_interrupt  BUILD/NUCLEO_F767ZI/ARMC6/mbed-os/targets/TARGET_STM/lp_ticker.o
    0x0800acf8   0x00000004   Code   RO         9657    .text.lp_ticker_free  BUILD/NUCLEO_F767ZI/ARMC6/mbed-os/targets/TARGET_STM/lp_ticker.o
    0x0800acfc   0x00000008   Code   RO         9641    .text.lp_ticker_get_info  BUILD/NUCLEO_F767ZI/ARMC6/mbed-os/targets/TARGET_STM/lp_ticker.o
    0x0800ad04   0x00000184   Code   RO         9643    .text.lp_ticker_init  BUILD/NUCLEO_F767ZI/ARMC6/mbed-os/targets/TARGET_STM/lp_ticker.o
    0x0800ae88   0x00000014   Code   RO         1589    .text.lp_ticker_irq_handler  BUILD/NUCLEO_F767ZI/ARMC6/mbed-os/hal/source/mbed_lp_ticker_api.o
    0x0800ae9c   0x00000010   Code   RO         9649    .text.lp_ticker_read  BUILD/NUCLEO_F767ZI/ARMC6/mbed-os/targets/TARGET_STM/lp_ticker.o
    0x0800aeac   0x000000b0   Code   RO         9651    .text.lp_ticker_set_interrupt  BUILD/NUCLEO_F767ZI/ARMC6/mbed-os/targets/TARGET_STM/lp_ticker.o
    0x0800af5c   0x0000002a   Code   RO         2588    .text.lseek         BUILD/NUCLEO_F767ZI/ARMC6/mbed-os/platform/source/mbed_retarget.o
    0x0800af86   0x00000002   PAD
    0x0800af88   0x00000110   Code   RO          483    .text.main          BUILD/NUCLEO_F767ZI/ARMC6/main.o
    0x0800b098   0x00000028   Code   RO         2759    .text.mbed_copy_nvic  BUILD/NUCLEO_F767ZI/ARMC6/mbed-os/platform/source/mbed_sdk_boot.o
    0x0800b0c0   0x00000064   Code   RO         2345    .text.mbed_die      BUILD/NUCLEO_F767ZI/ARMC6/mbed-os/platform/source/mbed_board.o
    0x0800b124   0x00000068   Code   RO         2391    .text.mbed_error    BUILD/NUCLEO_F767ZI/ARMC6/mbed-os/platform/source/mbed_error.o
    0x0800b18c   0x00000068   Code   RO         2379    .text.mbed_error_initialize  BUILD/NUCLEO_F767ZI/ARMC6/mbed-os/platform/source/mbed_error.o
    0x0800b1f4   0x00000018   Code   RO         2347    .text.mbed_error_printf  BUILD/NUCLEO_F767ZI/ARMC6/mbed-os/platform/source/mbed_board.o
    0x0800b20c   0x0000004c   Code   RO         2351    .text.mbed_error_puts  BUILD/NUCLEO_F767ZI/ARMC6/mbed-os/platform/source/mbed_board.o
    0x0800b258   0x00000034   Code   RO         2349    .text.mbed_error_vprintf  BUILD/NUCLEO_F767ZI/ARMC6/mbed-os/platform/source/mbed_board.o
    0x0800b28c   0x000000f4   Code   RO         2222    .text.mbed_fault_handler  BUILD/NUCLEO_F767ZI/ARMC6/mbed-os/platform/source/TARGET_CORTEX_M/mbed_fault_handler.o
    0x0800b380   0x00000030   Code   RO         2373    .text.mbed_halt_system  BUILD/NUCLEO_F767ZI/ARMC6/mbed-os/platform/source/mbed_error.o
    0x0800b3b0   0x00000012   Code   RO         2761    .text.mbed_init     BUILD/NUCLEO_F767ZI/ARMC6/mbed-os/platform/source/mbed_sdk_boot.o
    0x0800b3c2   0x00000006   PAD
    0x0800b3c8   0x000004f8   Code   RO         2943    .text.mbed_minimal_formatted_string  BUILD/NUCLEO_F767ZI/ARMC6/mbed-os/platform/source/minimal-printf/mbed_printf_implementation.o
    0x0800b8c0   0x00000160   Code   RO         2947    .text.mbed_minimal_formatted_string_integer  BUILD/NUCLEO_F767ZI/ARMC6/mbed-os/platform/source/minimal-printf/mbed_printf_implementation.o
    0x0800ba20   0x0000003c   Code   RO         2949    .text.mbed_minimal_putchar  BUILD/NUCLEO_F767ZI/ARMC6/mbed-os/platform/source/minimal-printf/mbed_printf_implementation.o
    0x0800ba5c   0x000000c0   Code   RO         9674    .text.mbed_sdk_init  BUILD/NUCLEO_F767ZI/ARMC6/mbed-os/targets/TARGET_STM/mbed_overrides.o
    0x0800bb1c   0x0000001e   Code   RO          963    .text.mbed_tiny_compute_crc32  BUILD/NUCLEO_F767ZI/ARMC6/mbed-os/drivers/source/MbedCRC.o
    0x0800bb3a   0x0000000a   Code   RO         9828    .text.msp_wait_readable  BUILD/NUCLEO_F767ZI/ARMC6/mbed-os/targets/TARGET_STM/stm_spi_api.o
    0x0800bb44   0x0000000a   Code   RO         9826    .text.msp_wait_writable  BUILD/NUCLEO_F767ZI/ARMC6/mbed-os/targets/TARGET_STM/stm_spi_api.o
    0x0800bb4e   0x00000002   PAD
    0x0800bb50   0x00000084   Code   RO         2562    .text.open          BUILD/NUCLEO_F767ZI/ARMC6/mbed-os/platform/source/mbed_retarget.o
    0x0800bbd4   0x00000024   Code   RO         2945    .text.parse_string_to_integer  BUILD/NUCLEO_F767ZI/ARMC6/mbed-os/platform/source/minimal-printf/mbed_printf_implementation.o
    0x0800bbf8   0x000000e0   Code   RO         9682    .text.pin_function  BUILD/NUCLEO_F767ZI/ARMC6/mbed-os/targets/TARGET_STM/pinmap.o
    0x0800bcd8   0x00000078   Code   RO         9686    .text.pin_mode      BUILD/NUCLEO_F767ZI/ARMC6/mbed-os/targets/TARGET_STM/pinmap.o
    0x0800bd50   0x00000022   Code   RO         1606    .text.pinmap_find_function  BUILD/NUCLEO_F767ZI/ARMC6/mbed-os/hal/source/mbed_pinmap_common.o
    0x0800bd72   0x00000022   Code   RO         1602    .text.pinmap_find_peripheral  BUILD/NUCLEO_F767ZI/ARMC6/mbed-os/hal/source/mbed_pinmap_common.o
    0x0800bd94   0x00000024   Code   RO         1600    .text.pinmap_merge  BUILD/NUCLEO_F767ZI/ARMC6/mbed-os/hal/source/mbed_pinmap_common.o
    0x0800bdb8   0x00000028   Code   RO         1604    .text.pinmap_peripheral  BUILD/NUCLEO_F767ZI/ARMC6/mbed-os/hal/source/mbed_pinmap_common.o
    0x0800bde0   0x0000015c   Code   RO         2224    .text.print_context_info  BUILD/NUCLEO_F767ZI/ARMC6/mbed-os/platform/source/TARGET_CORTEX_M/mbed_fault_handler.o
    0x0800bf3c   0x00000014   Code   RO         9915    .text.restore_timer_ctx  BUILD/NUCLEO_F767ZI/ARMC6/mbed-os/targets/TARGET_STM/us_ticker.o
    0x0800bf50   0x0000014c   Code   RO         9748    .text.rtc_init      BUILD/NUCLEO_F767ZI/ARMC6/mbed-os/targets/TARGET_STM/rtc_api.o
    0x0800c09c   0x00000010   Code   RO         9756    .text.rtc_isenabled  BUILD/NUCLEO_F767ZI/ARMC6/mbed-os/targets/TARGET_STM/rtc_api.o
    0x0800c0ac   0x00000078   Code   RO         9752    .text.rtc_read      BUILD/NUCLEO_F767ZI/ARMC6/mbed-os/targets/TARGET_STM/rtc_api.o
    0x0800c124   0x000000cc   Code   RO         9754    .text.rtc_write     BUILD/NUCLEO_F767ZI/ARMC6/mbed-os/targets/TARGET_STM/rtc_api.o
    0x0800c1f0   0x0000001c   Code   RO         9913    .text.save_timer_ctx  BUILD/NUCLEO_F767ZI/ARMC6/mbed-os/targets/TARGET_STM/us_ticker.o
    0x0800c20c   0x000000ca   Code   RO         1651    .text.schedule_interrupt  BUILD/NUCLEO_F767ZI/ARMC6/mbed-os/hal/source/mbed_ticker_api.o
    0x0800c2d6   0x00000006   Code   RO         9765    .text.serial_baud   BUILD/NUCLEO_F767ZI/ARMC6/mbed-os/targets/TARGET_STM/serial_api.o
    0x0800c2dc   0x000000b8   Code   RO         9769    .text.serial_format  BUILD/NUCLEO_F767ZI/ARMC6/mbed-os/targets/TARGET_STM/serial_api.o
    0x0800c394   0x00000154   Code   RO         9763    .text.serial_free   BUILD/NUCLEO_F767ZI/ARMC6/mbed-os/targets/TARGET_STM/serial_api.o
    0x0800c4e8   0x00000068   Code   RO         9245    .text.serial_getc   BUILD/NUCLEO_F767ZI/ARMC6/mbed-os/targets/TARGET_STM/TARGET_STM32F7/serial_device.o
    0x0800c550   0x000001f4   Code   RO         9761    .text.serial_init   BUILD/NUCLEO_F767ZI/ARMC6/mbed-os/targets/TARGET_STM/serial_api.o
    0x0800c744   0x0000000e   Code   RO         1720    .text.serial_init_direct  BUILD/NUCLEO_F767ZI/ARMC6/mbed-os/hal/source/static_pinmap.o
    0x0800c752   0x00000002   PAD
    0x0800c754   0x00000014   Code   RO         9225    .text.serial_irq_handler  BUILD/NUCLEO_F767ZI/ARMC6/mbed-os/targets/TARGET_STM/TARGET_STM32F7/serial_device.o
    0x0800c768   0x0000011c   Code   RO         9227    .text.serial_irq_set  BUILD/NUCLEO_F767ZI/ARMC6/mbed-os/targets/TARGET_STM/TARGET_STM32F7/serial_device.o
    0x0800c884   0x000000b4   Code   RO         9789    .text.serial_is_tx_ongoing  BUILD/NUCLEO_F767ZI/ARMC6/mbed-os/targets/TARGET_STM/serial_api.o
    0x0800c938   0x00000024   Code   RO         9247    .text.serial_putc   BUILD/NUCLEO_F767ZI/ARMC6/mbed-os/targets/TARGET_STM/TARGET_STM32F7/serial_device.o
    0x0800c95c   0x00000020   Code   RO         9779    .text.serial_readable  BUILD/NUCLEO_F767ZI/ARMC6/mbed-os/targets/TARGET_STM/serial_api.o
    0x0800c97c   0x00000018   Code   RO         9781    .text.serial_writable  BUILD/NUCLEO_F767ZI/ARMC6/mbed-os/targets/TARGET_STM/serial_api.o
    0x0800c994   0x00000010   Code   RO         2743    .text.set_time      BUILD/NUCLEO_F767ZI/ARMC6/mbed-os/platform/source/mbed_rtc_time.o
    0x0800c9a4   0x0000002c   Code   RO         2739    .text.settimeofday  BUILD/NUCLEO_F767ZI/ARMC6/mbed-os/platform/source/mbed_rtc_time.o
    0x0800c9d0   0x00000024   Code   RO         2511    .text.sleep_manager_lock_deep_sleep_internal  BUILD/NUCLEO_F767ZI/ARMC6/mbed-os/platform/source/mbed_power_mgmt.o
    0x0800c9f4   0x00000020   Code   RO         2519    .text.sleep_manager_sleep_auto  BUILD/NUCLEO_F767ZI/ARMC6/mbed-os/platform/source/mbed_power_mgmt.o
    0x0800ca14   0x00000030   Code   RO         2513    .text.sleep_manager_unlock_deep_sleep_internal  BUILD/NUCLEO_F767ZI/ARMC6/mbed-os/platform/source/mbed_power_mgmt.o
    0x0800ca44   0x00000018   Code   RO         9808    .text.spi_flush_rx  BUILD/NUCLEO_F767ZI/ARMC6/mbed-os/targets/TARGET_STM/stm_spi_api.o
    0x0800ca5c   0x0000009c   Code   RO         9816    .text.spi_format    BUILD/NUCLEO_F767ZI/ARMC6/mbed-os/targets/TARGET_STM/stm_spi_api.o
    0x0800caf8   0x00000050   Code   RO         9820    .text.spi_frequency  BUILD/NUCLEO_F767ZI/ARMC6/mbed-os/targets/TARGET_STM/stm_spi_api.o
    0x0800cb48   0x00000020   Code   RO         9818    .text.spi_get_baudrate  BUILD/NUCLEO_F767ZI/ARMC6/mbed-os/targets/TARGET_STM/stm_spi_api.o
    0x0800cb68   0x00000074   Code   RO         9285    .text.spi_get_clock_freq  BUILD/NUCLEO_F767ZI/ARMC6/mbed-os/targets/TARGET_STM/TARGET_STM32F7/spi_api.o
    0x0800cbdc   0x0000004c   Code   RO         9810    .text.spi_get_peripheral_name  BUILD/NUCLEO_F767ZI/ARMC6/mbed-os/targets/TARGET_STM/stm_spi_api.o
    0x0800cc28   0x0000023c   Code   RO         9812    .text.spi_init      BUILD/NUCLEO_F767ZI/ARMC6/mbed-os/targets/TARGET_STM/stm_spi_api.o
    0x0800ce64   0x000000ba   Code   RO         9830    .text.spi_master_block_write  BUILD/NUCLEO_F767ZI/ARMC6/mbed-os/targets/TARGET_STM/stm_spi_api.o
    0x0800cf1e   0x00000002   PAD
    0x0800cf20   0x00000100   Code   RO         9824    .text.spi_master_one_wire_transfer  BUILD/NUCLEO_F767ZI/ARMC6/mbed-os/targets/TARGET_STM/stm_spi_api.o
    0x0800d020   0x0000007e   Code   RO         9822    .text.spi_master_write  BUILD/NUCLEO_F767ZI/ARMC6/mbed-os/targets/TARGET_STM/stm_spi_api.o
    0x0800d09e   0x0000003a   Code   RO         9684    .text.stm_pin_PullConfig  BUILD/NUCLEO_F767ZI/ARMC6/mbed-os/targets/TARGET_STM/pinmap.o
    0x0800d0d8   0x00000004   Code   RO         2393    .text.system_reset  BUILD/NUCLEO_F767ZI/ARMC6/mbed-os/platform/source/mbed_error.o
    0x0800d0dc   0x00000008   Code   RO         2790    .text.thread_sleep_for  BUILD/NUCLEO_F767ZI/ARMC6/mbed-os/platform/source/mbed_thread.o
    0x0800d0e4   0x00000024   Code   RO         1657    .text.ticker_insert_event_us  BUILD/NUCLEO_F767ZI/ARMC6/mbed-os/hal/source/mbed_ticker_api.o
    0x0800d108   0x0000005e   Code   RO         1647    .text.ticker_irq_handler  BUILD/NUCLEO_F767ZI/ARMC6/mbed-os/hal/source/mbed_ticker_api.o
    0x0800d166   0x00000020   Code   RO         1663    .text.ticker_read_us  BUILD/NUCLEO_F767ZI/ARMC6/mbed-os/hal/source/mbed_ticker_api.o
    0x0800d186   0x00000030   Code   RO         1659    .text.ticker_remove_event  BUILD/NUCLEO_F767ZI/ARMC6/mbed-os/hal/source/mbed_ticker_api.o
    0x0800d1b6   0x0000001a   Code   RO         1643    .text.ticker_set_handler  BUILD/NUCLEO_F767ZI/ARMC6/mbed-os/hal/source/mbed_ticker_api.o
    0x0800d1d0   0x00000012   Code   RO         2745    .text.time          BUILD/NUCLEO_F767ZI/ARMC6/mbed-os/platform/source/mbed_rtc_time.o
    0x0800d1e2   0x00000002   PAD
    0x0800d1e4   0x00000024   Code   RO         9897    .text.timer_irq_handler  BUILD/NUCLEO_F767ZI/ARMC6/mbed-os/targets/TARGET_STM/us_ticker.o
    0x0800d208   0x0000000c   Code   RO         9229    .text.uart1_irq     BUILD/NUCLEO_F767ZI/ARMC6/mbed-os/targets/TARGET_STM/TARGET_STM32F7/serial_device.o
    0x0800d214   0x0000000c   Code   RO         9231    .text.uart2_irq     BUILD/NUCLEO_F767ZI/ARMC6/mbed-os/targets/TARGET_STM/TARGET_STM32F7/serial_device.o
    0x0800d220   0x0000000c   Code   RO         9233    .text.uart3_irq     BUILD/NUCLEO_F767ZI/ARMC6/mbed-os/targets/TARGET_STM/TARGET_STM32F7/serial_device.o
    0x0800d22c   0x0000000c   Code   RO         9235    .text.uart4_irq     BUILD/NUCLEO_F767ZI/ARMC6/mbed-os/targets/TARGET_STM/TARGET_STM32F7/serial_device.o
    0x0800d238   0x0000000c   Code   RO         9237    .text.uart5_irq     BUILD/NUCLEO_F767ZI/ARMC6/mbed-os/targets/TARGET_STM/TARGET_STM32F7/serial_device.o
    0x0800d244   0x0000000c   Code   RO         9239    .text.uart6_irq     BUILD/NUCLEO_F767ZI/ARMC6/mbed-os/targets/TARGET_STM/TARGET_STM32F7/serial_device.o
    0x0800d250   0x0000000c   Code   RO         9241    .text.uart7_irq     BUILD/NUCLEO_F767ZI/ARMC6/mbed-os/targets/TARGET_STM/TARGET_STM32F7/serial_device.o
    0x0800d25c   0x0000000c   Code   RO         9243    .text.uart8_irq     BUILD/NUCLEO_F767ZI/ARMC6/mbed-os/targets/TARGET_STM/TARGET_STM32F7/serial_device.o
    0x0800d268   0x00000074   Code   RO         9273    .text.uart_irq      BUILD/NUCLEO_F767ZI/ARMC6/mbed-os/targets/TARGET_STM/TARGET_STM32F7/serial_device.o
    0x0800d2dc   0x0000007c   Code   RO         1649    .text.update_present_time  BUILD/NUCLEO_F767ZI/ARMC6/mbed-os/hal/source/mbed_ticker_api.o
    0x0800d358   0x0000000c   Code   RO         9911    .text.us_ticker_clear_interrupt  BUILD/NUCLEO_F767ZI/ARMC6/mbed-os/targets/TARGET_STM/us_ticker.o
    0x0800d364   0x00000010   Code   RO         9909    .text.us_ticker_disable_interrupt  BUILD/NUCLEO_F767ZI/ARMC6/mbed-os/targets/TARGET_STM/us_ticker.o
    0x0800d374   0x0000001c   Code   RO         9907    .text.us_ticker_fire_interrupt  BUILD/NUCLEO_F767ZI/ARMC6/mbed-os/targets/TARGET_STM/us_ticker.o
    0x0800d390   0x00000008   Code   RO         9895    .text.us_ticker_get_info  BUILD/NUCLEO_F767ZI/ARMC6/mbed-os/targets/TARGET_STM/us_ticker.o
    0x0800d398   0x00000014   Code   RO         9901    .text.us_ticker_init  BUILD/NUCLEO_F767ZI/ARMC6/mbed-os/targets/TARGET_STM/us_ticker.o
    0x0800d3ac   0x00000014   Code   RO         1687    .text.us_ticker_irq_handler  BUILD/NUCLEO_F767ZI/ARMC6/mbed-os/hal/source/mbed_us_ticker_api.o
    0x0800d3c0   0x0000000c   Code   RO         9903    .text.us_ticker_read  BUILD/NUCLEO_F767ZI/ARMC6/mbed-os/targets/TARGET_STM/us_ticker.o
    0x0800d3cc   0x0000001c   Code   RO         9905    .text.us_ticker_set_interrupt  BUILD/NUCLEO_F767ZI/ARMC6/mbed-os/targets/TARGET_STM/us_ticker.o
    0x0800d3e8   0x00000028   Code   RO         2804    .text.wait_ns       BUILD/NUCLEO_F767ZI/ARMC6/mbed-os/platform/source/mbed_wait_api_no_rtos.o
    0x0800d410   0x0000002a   Code   RO         2574    .text.write         BUILD/NUCLEO_F767ZI/ARMC6/mbed-os/platform/source/mbed_retarget.o
    0x0800d43a   0x0000001a   Code   RO        10039    i.fputc             c:\ProgramData\Mbed Studio\mbed-studio-tools\ac6\bin\..\lib\armlib\c_w.l(fputc.o)
    0x0800d454   0x00000150   Code   RO        10116    x$fpl$dadd          c:\ProgramData\Mbed Studio\mbed-studio-tools\ac6\bin\..\lib\armlib\fz_wm.l(daddsub_clz.o)
    0x0800d5a4   0x00000018   Code   RO        10490    x$fpl$dcmpinf       c:\ProgramData\Mbed Studio\mbed-studio-tools\ac6\bin\..\lib\armlib\fz_wm.l(dcmpi.o)
    0x0800d5bc   0x000002b4   Code   RO        10125    x$fpl$ddiv          c:\ProgramData\Mbed Studio\mbed-studio-tools\ac6\bin\..\lib\armlib\fz_wm.l(ddiv.o)
    0x0800d870   0x00000078   Code   RO        10344    x$fpl$deqf          c:\ProgramData\Mbed Studio\mbed-studio-tools\ac6\bin\..\lib\armlib\fz_wm.l(deqf.o)
    0x0800d8e8   0x0000005e   Code   RO        10128    x$fpl$dfix          c:\ProgramData\Mbed Studio\mbed-studio-tools\ac6\bin\..\lib\armlib\fz_wm.l(dfix.o)
    0x0800d946   0x00000002   PAD
    0x0800d948   0x000000a2   Code   RO        10146    x$fpl$dfltll        c:\ProgramData\Mbed Studio\mbed-studio-tools\ac6\bin\..\lib\armlib\fz_wm.l(dfltll_clz.o)
    0x0800d9ea   0x00000026   Code   RO        10140    x$fpl$dfltu         c:\ProgramData\Mbed Studio\mbed-studio-tools\ac6\bin\..\lib\armlib\fz_wm.l(dflt_clz.o)
    0x0800da10   0x00000078   Code   RO        10346    x$fpl$dgeqf         c:\ProgramData\Mbed Studio\mbed-studio-tools\ac6\bin\..\lib\armlib\fz_wm.l(dgeqf.o)
    0x0800da88   0x00000078   Code   RO        10348    x$fpl$dleqf         c:\ProgramData\Mbed Studio\mbed-studio-tools\ac6\bin\..\lib\armlib\fz_wm.l(dleqf.o)
    0x0800db00   0x00000154   Code   RO        10150    x$fpl$dmul          c:\ProgramData\Mbed Studio\mbed-studio-tools\ac6\bin\..\lib\armlib\fz_wm.l(dmul.o)
    0x0800dc54   0x0000009c   Code   RO        10350    x$fpl$dnaninf       c:\ProgramData\Mbed Studio\mbed-studio-tools\ac6\bin\..\lib\armlib\fz_wm.l(dnaninf.o)
    0x0800dcf0   0x0000000c   Code   RO        10352    x$fpl$dretinf       c:\ProgramData\Mbed Studio\mbed-studio-tools\ac6\bin\..\lib\armlib\fz_wm.l(dretinf.o)
    0x0800dcfc   0x000001dc   Code   RO        10118    x$fpl$dsub          c:\ProgramData\Mbed Studio\mbed-studio-tools\ac6\bin\..\lib\armlib\fz_wm.l(daddsub_clz.o)
    0x0800ded8   0x00000054   Code   RO        10122    x$fpl$fcmp          c:\ProgramData\Mbed Studio\mbed-studio-tools\ac6\bin\..\lib\armlib\fz_wm.l(dcmp.o)
    0x0800df2c   0x0000001a   Code   RO        10492    x$fpl$fpinit        c:\ProgramData\Mbed Studio\mbed-studio-tools\ac6\bin\..\lib\armlib\fz_wm.l(fpinit.o)
    0x0800df46   0x00000002   PAD
    0x0800df48   0x000000c2   Code   RO        10132    x$fpl$llsfromd      c:\ProgramData\Mbed Studio\mbed-studio-tools\ac6\bin\..\lib\armlib\fz_wm.l(dfixll.o)
    0x0800e00a   0x00000000   Code   RO        10358    x$fpl$usenofp       c:\ProgramData\Mbed Studio\mbed-studio-tools\ac6\bin\..\lib\armlib\fz_wm.l(usenofp.o)
    0x0800e00a   0x0000000c   Data   RO        10468    .constdata          c:\ProgramData\Mbed Studio\mbed-studio-tools\ac6\bin\..\lib\armlib\c_w.l(_monlen.o)
    0x0800e016   0x00000002   PAD
    0x0800e018   0x00000000   Data   RO         2771    .rodata             BUILD/NUCLEO_F767ZI/ARMC6/mbed-os/platform/source/mbed_sdk_boot.o
    0x0800e018   0x00000050   Data   RO         3922    .rodata..Lswitch.table._ZN4mbedL15fat_error_remapE7FRESULT  BUILD/NUCLEO_F767ZI/ARMC6/mbed-os/storage/filesystem/fat/source/FATFileSystem.o
    0x0800e068   0x00000010   Data   RO         9130    .rodata.AHBPrescTable  BUILD/NUCLEO_F767ZI/ARMC6/mbed-os/targets/TARGET_STM/TARGET_STM32F7/STM32Cube_FW/system_stm32f7xx.o
    0x0800e078   0x00000008   Data   RO         9131    .rodata.APBPrescTable  BUILD/NUCLEO_F767ZI/ARMC6/mbed-os/targets/TARGET_STM/TARGET_STM32F7/STM32Cube_FW/system_stm32f7xx.o
    0x0800e080   0x000000a8   Data   RO         9145    .rodata.PinMap_SPI_MISO  BUILD/NUCLEO_F767ZI/ARMC6/mbed-os/targets/TARGET_STM/TARGET_STM32F7/TARGET_STM32F767xI/TARGET_NUCLEO_F767ZI/PeripheralPins.o
    0x0800e128   0x000000d8   Data   RO         9144    .rodata.PinMap_SPI_MOSI  BUILD/NUCLEO_F767ZI/ARMC6/mbed-os/targets/TARGET_STM/TARGET_STM32F7/TARGET_STM32F767xI/TARGET_NUCLEO_F767ZI/PeripheralPins.o
    0x0800e200   0x000000cc   Data   RO         9146    .rodata.PinMap_SPI_SCLK  BUILD/NUCLEO_F767ZI/ARMC6/mbed-os/targets/TARGET_STM/TARGET_STM32F7/TARGET_STM32F767xI/TARGET_NUCLEO_F767ZI/PeripheralPins.o
    0x0800e2cc   0x000000c0   Data   RO         9147    .rodata.PinMap_SPI_SSEL  BUILD/NUCLEO_F767ZI/ARMC6/mbed-os/targets/TARGET_STM/TARGET_STM32F7/TARGET_STM32F767xI/TARGET_NUCLEO_F767ZI/PeripheralPins.o
    0x0800e38c   0x00000108   Data   RO         9141    .rodata.PinMap_UART_RX  BUILD/NUCLEO_F767ZI/ARMC6/mbed-os/targets/TARGET_STM/TARGET_STM32F7/TARGET_STM32F767xI/TARGET_NUCLEO_F767ZI/PeripheralPins.o
    0x0800e494   0x00000108   Data   RO         9140    .rodata.PinMap_UART_TX  BUILD/NUCLEO_F767ZI/ARMC6/mbed-os/targets/TARGET_STM/TARGET_STM32F7/TARGET_STM32F767xI/TARGET_NUCLEO_F767ZI/PeripheralPins.o
    0x0800e59c   0x00000011   Data   RO           74    .rodata._ZL12spotLEDPARTY  BUILD/NUCLEO_F767ZI/ARMC6/libs/CONFIG_SPOT_MIDI.o
    0x0800e5ad   0x00000011   Data   RO           75    .rodata._ZL12spotRenkLVPT  BUILD/NUCLEO_F767ZI/ARMC6/libs/CONFIG_SPOT_MIDI.o
    0x0800e5be   0x00000080   Data   RO         3796    .rodata._ZL5ExCvt   BUILD/NUCLEO_F767ZI/ARMC6/mbed-os/storage/filesystem/fat/ChaN/ff.o
    0x0800e63e   0x00000100   Data   RO         3807    .rodata._ZL5uc437   BUILD/NUCLEO_F767ZI/ARMC6/mbed-os/storage/filesystem/fat/ChaN/ffunicode.o
    0x0800e73e   0x0000000d   Data   RO         3797    .rodata._ZL6LfnOfs  BUILD/NUCLEO_F767ZI/ARMC6/mbed-os/storage/filesystem/fat/ChaN/ff.o
    0x0800e74b   0x00000042   Data   RO           17    .rodata._ZL6colors  BUILD/NUCLEO_F767ZI/ARMC6/libs/CONFIG_PRESETS.o
    0x0800e78d   0x00000011   Data   RO           73    .rodata._ZL7spotTMH  BUILD/NUCLEO_F767ZI/ARMC6/libs/CONFIG_SPOT_MIDI.o
    0x0800e79e   0x00000011   Data   RO           76    .rodata._ZL8spotSLS7  BUILD/NUCLEO_F767ZI/ARMC6/libs/CONFIG_SPOT_MIDI.o
    0x0800e7af   0x00000001   PAD
    0x0800e7b0   0x00000060   Data   RO           72    .rodata._ZL9type_spot  BUILD/NUCLEO_F767ZI/ARMC6/libs/CONFIG_SPOT_MIDI.o
    0x0800e810   0x00000060   Data   RO          480    .rodata._ZL9type_spot  BUILD/NUCLEO_F767ZI/ARMC6/libs/SPECIFIC_ANNIV.o
    0x0800e870   0x00000050   Data   RO         2707    .rodata._ZTV12DirectSerial  BUILD/NUCLEO_F767ZI/ARMC6/mbed-os/platform/source/mbed_retarget.o
    0x0800e8c0   0x00000064   Data   RO         3192    .rodata._ZTV13SDBlockDevice  BUILD/NUCLEO_F767ZI/ARMC6/mbed-os/storage/blockdevice/COMPONENT_SD/source/SDBlockDevice.o
    0x0800e924   0x00000090   Data   RO         4037    .rodata._ZTVN4mbed10FileSystemE  BUILD/NUCLEO_F767ZI/ARMC6/mbed-os/storage/filesystem/source/FileSystem.o
    0x0800e9b4   0x00000018   Data   RO         1263    .rodata._ZTVN4mbed10SerialBaseE  BUILD/NUCLEO_F767ZI/ARMC6/mbed-os/drivers/source/SerialBase.o
    0x0800e9cc   0x0000000c   Data   RO         1303    .rodata._ZTVN4mbed10TickerBaseE  BUILD/NUCLEO_F767ZI/ARMC6/mbed-os/drivers/source/Ticker.o
    0x0800e9d8   0x0000000c   Data   RO         1387    .rodata._ZTVN4mbed10TimerEventE  BUILD/NUCLEO_F767ZI/ARMC6/mbed-os/drivers/source/TimerEvent.o
    0x0800e9e4   0x000000a0   Data   RO         3920    .rodata._ZTVN4mbed13FATFileSystemE  BUILD/NUCLEO_F767ZI/ARMC6/mbed-os/storage/filesystem/fat/source/FATFileSystem.o
    0x0800ea84   0x0000003c   Data   RO         4067    .rodata._ZTVN4mbed14FileSystemLikeE  BUILD/NUCLEO_F767ZI/ARMC6/mbed-os/storage/filesystem/source/FileSystem.o
    0x0800eac0   0x0000002c   Data   RO         1941    .rodata._ZTVN4mbed16FileSystemHandleE  BUILD/NUCLEO_F767ZI/ARMC6/mbed-os/platform/source/FileSystemHandle.o
    0x0800eaec   0x0000008c   Data   RO         1417    .rodata._ZTVN4mbed16UnbufferedSerialE  BUILD/NUCLEO_F767ZI/ARMC6/mbed-os/drivers/source/UnbufferedSerial.o
    0x0800eb78   0x0000002c   Data   RO         3951    .rodata._ZTVN4mbed3DirE  BUILD/NUCLEO_F767ZI/ARMC6/mbed-os/storage/filesystem/source/Dir.o
    0x0800eba4   0x00000020   Data   RO         1134    .rodata._ZTVN4mbed3SPIE  BUILD/NUCLEO_F767ZI/ARMC6/mbed-os/drivers/source/SPI.o
    0x0800ebc4   0x00000054   Data   RO         3988    .rodata._ZTVN4mbed4FileE  BUILD/NUCLEO_F767ZI/ARMC6/mbed-os/storage/filesystem/source/File.o
    0x0800ec18   0x0000000c   Data   RO         1305    .rodata._ZTVN4mbed6TickerE  BUILD/NUCLEO_F767ZI/ARMC6/mbed-os/drivers/source/Ticker.o
    0x0800ec24   0x0000002c   Data   RO         4069    .rodata._ZTVN4mbed7ManagedINS_3DirEEE  BUILD/NUCLEO_F767ZI/ARMC6/mbed-os/storage/filesystem/source/FileSystem.o
    0x0800ec50   0x00000054   Data   RO         4068    .rodata._ZTVN4mbed7ManagedINS_4FileEEE  BUILD/NUCLEO_F767ZI/ARMC6/mbed-os/storage/filesystem/source/FileSystem.o
    0x0800eca4   0x00000010   Data   RO         1892    .rodata._ZTVN4mbed8FileBaseE  BUILD/NUCLEO_F767ZI/ARMC6/mbed-os/platform/source/FileBase.o
    0x0800ecb4   0x0000000c   Data   RO         2216    .rodata._ZTVN4mbed8internal8SysTimerINSt3__25ratioILx1ELx1000EEELb1EEE  BUILD/NUCLEO_F767ZI/ARMC6/mbed-os/platform/source/SysTimer.o
    0x0800ecc0   0x00000018   Data   RO         2714    .rodata._ZZL15default_consolevE14console_pinmap  BUILD/NUCLEO_F767ZI/ARMC6/mbed-os/platform/source/mbed_retarget.o
    0x0800ecd8   0x00000008   Data   RO         2704    .rodata.__stderr_name  BUILD/NUCLEO_F767ZI/ARMC6/mbed-os/platform/source/mbed_retarget.o
    0x0800ece0   0x00000007   Data   RO         2702    .rodata.__stdin_name  BUILD/NUCLEO_F767ZI/ARMC6/mbed-os/platform/source/mbed_retarget.o
    0x0800ece7   0x00000008   Data   RO         2703    .rodata.__stdout_name  BUILD/NUCLEO_F767ZI/ARMC6/mbed-os/platform/source/mbed_retarget.o
    0x0800ecef   0x00000001   PAD
    0x0800ecf0   0x00000020   Data   RO         8386    .rodata.cst16       BUILD/NUCLEO_F767ZI/ARMC6/mbed-os/targets/TARGET_STM/TARGET_STM32F7/STM32Cube_FW/STM32F7xx_HAL_Driver/stm32f7xx_hal_uart.o
    0x0800ed10   0x0000000a   Data   RO         2806    .rodata.delay_loop_code  BUILD/NUCLEO_F767ZI/ARMC6/mbed-os/platform/source/mbed_wait_api_no_rtos.o
    0x0800ed1a   0x00000002   PAD
    0x0800ed1c   0x00000040   Data   RO         9688    .rodata.ll_pin_defines  BUILD/NUCLEO_F767ZI/ARMC6/mbed-os/targets/TARGET_STM/pinmap.o
    0x0800ed5c   0x00000008   Data   RO         1591    .rodata.lp_data     BUILD/NUCLEO_F767ZI/ARMC6/mbed-os/hal/source/mbed_lp_ticker_api.o
    0x0800ed64   0x00000024   Data   RO         1593    .rodata.lp_interface  BUILD/NUCLEO_F767ZI/ARMC6/mbed-os/hal/source/mbed_lp_ticker_api.o
    0x0800ed88   0x00000008   Data   RO         9659    .rodata.lp_ticker_get_info.info  BUILD/NUCLEO_F767ZI/ARMC6/mbed-os/targets/TARGET_STM/lp_ticker.o
    0x0800ed90   0x00000060   Data   RO         2457    .rodata.seconds_before_month  BUILD/NUCLEO_F767ZI/ARMC6/mbed-os/platform/source/mbed_mktime.o
    0x0800edf0   0x000000c8   Data   RO         2228    .rodata.str1.1      BUILD/NUCLEO_F767ZI/ARMC6/mbed-os/platform/source/TARGET_CORTEX_M/mbed_fault_handler.o
    0x0800eeb8   0x0000001c   Data   RO         3795    .rodata.str2.2      BUILD/NUCLEO_F767ZI/ARMC6/mbed-os/storage/filesystem/fat/ChaN/ff.o
    0x0800eed4   0x000002ae   Data   RO         3808    .rodata.str2.2      BUILD/NUCLEO_F767ZI/ARMC6/mbed-os/storage/filesystem/fat/ChaN/ffunicode.o
    0x0800f182   0x00000002   PAD
    0x0800f184   0x00000008   Data   RO         1691    .rodata.us_data     BUILD/NUCLEO_F767ZI/ARMC6/mbed-os/hal/source/mbed_us_ticker_api.o
    0x0800f18c   0x00000024   Data   RO         1693    .rodata.us_interface  BUILD/NUCLEO_F767ZI/ARMC6/mbed-os/hal/source/mbed_us_ticker_api.o
    0x0800f1b0   0x00000008   Data   RO         9919    .rodata.us_ticker_get_info.info  BUILD/NUCLEO_F767ZI/ARMC6/mbed-os/targets/TARGET_STM/us_ticker.o
    0x0800f1b8   0x00000020   Data   RO        10662    Region$$Table       anon$$obj.o
    0x0800f1d8   0x00000004   Data   RO           77    .init_array         BUILD/NUCLEO_F767ZI/ARMC6/libs/CONFIG_SPOT_MIDI.o
    0x0800f1dc   0x00000004   Data   RO          101    .init_array         BUILD/NUCLEO_F767ZI/ARMC6/libs/DMX_2_MIDI.o
    0x0800f1e0   0x00000004   Data   RO          168    .init_array         BUILD/NUCLEO_F767ZI/ARMC6/libs/DMX_MIDI.o
    0x0800f1e4   0x00000004   Data   RO          439    .init_array         BUILD/NUCLEO_F767ZI/ARMC6/libs/LCD_DOG.o
    0x0800f1e8   0x00000004   Data   RO          488    .init_array         BUILD/NUCLEO_F767ZI/ARMC6/main.o
    0x0800f1ec   0x00000000   Data   RO        10111    .init_array         c:\ProgramData\Mbed Studio\mbed-studio-tools\ac6\bin\..\lib\armlib\c_w.l(init_aeabi.o)


    Execution Region RW_m_crash_data (Base: 0x200001f8, Size: 0x00000100, Max: 0x00000100, ABSOLUTE)

    Base Addr    Size         Type   Attr      Idx    E Section Name        Object

    0x200001f8   0x00000100   Zero   RW            1    RW_m_crash_data.bss  anon$$obj.o


    Execution Region RW_IRAM1 (Base: 0x200002f8, Size: 0x00001dac, Max: 0x0007ed08, ABSOLUTE, COMPRESSED[0x00000048])

    Base Addr    Size         Type   Attr      Idx    E Section Name        Object

    0x200002f8   0x00000004   Data   RW        10055    .data               c:\ProgramData\Mbed Studio\mbed-studio-tools\ac6\bin\..\lib\armlib\c_w.l(stdio_streams.o)
    0x200002fc   0x00000004   Data   RW        10056    .data               c:\ProgramData\Mbed Studio\mbed-studio-tools\ac6\bin\..\lib\armlib\c_w.l(stdio_streams.o)
    0x20000300   0x00000004   Data   RW        10057    .data               c:\ProgramData\Mbed Studio\mbed-studio-tools\ac6\bin\..\lib\armlib\c_w.l(stdio_streams.o)
    0x20000304   0x00000010   Data   RW         2750    .data..L_MergedGlobals  BUILD/NUCLEO_F767ZI/ARMC6/mbed-os/platform/source/mbed_rtc_time.o
    0x20000314   0x00000008   Data   RW         4190    .data..L_MergedGlobals  BUILD/NUCLEO_F767ZI/ARMC6/mbed-os/targets/TARGET_STM/TARGET_STM32F7/STM32Cube_FW/STM32F7xx_HAL_Driver/stm32f7xx_hal.o
    0x2000031c   0x00000004   Data   RW         9129    .data.SystemCoreClock  BUILD/NUCLEO_F767ZI/ARMC6/mbed-os/targets/TARGET_STM/TARGET_STM32F7/STM32Cube_FW/system_stm32f7xx.o
    0x20000320   0x00000040   Data   RW         2713    .data._ZL11filehandles  BUILD/NUCLEO_F767ZI/ARMC6/mbed-os/platform/source/mbed_retarget.o
    0x20000360   0x00000004   Data   RW         1592    .data.irq_handler   BUILD/NUCLEO_F767ZI/ARMC6/mbed-os/hal/source/mbed_lp_ticker_api.o
    0x20000364   0x00000004   Data   RW         1692    .data.irq_handler   BUILD/NUCLEO_F767ZI/ARMC6/mbed-os/hal/source/mbed_us_ticker_api.o
    0x20000368   0x00000300   Data   RW            7    .data.key_colors    BUILD/NUCLEO_F767ZI/ARMC6/libs/CONFIG_PRESETS.o
    0x20000668   0x00000004   Zero   RW         9940    .bss                c:\ProgramData\Mbed Studio\mbed-studio-tools\ac6\bin\..\lib\armlib\c_w.l(rt_errno_addr.o)
    0x2000066c   0x00000054   Zero   RW        10052    .bss                c:\ProgramData\Mbed Studio\mbed-studio-tools\ac6\bin\..\lib\armlib\c_w.l(stdio_streams.o)
    0x200006c0   0x00000054   Zero   RW        10053    .bss                c:\ProgramData\Mbed Studio\mbed-studio-tools\ac6\bin\..\lib\armlib\c_w.l(stdio_streams.o)
    0x20000714   0x00000054   Zero   RW        10054    .bss                c:\ProgramData\Mbed Studio\mbed-studio-tools\ac6\bin\..\lib\armlib\c_w.l(stdio_streams.o)
    0x20000768   0x0000002c   Zero   RW        10103    .bss                c:\ProgramData\Mbed Studio\mbed-studio-tools\ac6\bin\..\lib\armlib\c_w.l(localtime.o)
    0x20000794   0x00000004   Zero   RW        10220    .bss                c:\ProgramData\Mbed Studio\mbed-studio-tools\ac6\bin\..\lib\armlib\c_w.l(rt_heap_descriptor.o)
    0x20000798   0x00000060   Zero   RW          102    .bss..L_MergedGlobals  BUILD/NUCLEO_F767ZI/ARMC6/libs/DMX_2_MIDI.o
    0x200007f8   0x0000006c   Zero   RW          169    .bss..L_MergedGlobals  BUILD/NUCLEO_F767ZI/ARMC6/libs/DMX_MIDI.o
    0x20000864   0x00000038   Zero   RW          440    .bss..L_MergedGlobals  BUILD/NUCLEO_F767ZI/ARMC6/libs/LCD_DOG.o
    0x2000089c   0x00000002   Zero   RW         1550    .bss..L_MergedGlobals  BUILD/NUCLEO_F767ZI/ARMC6/mbed-os/hal/source/mbed_critical_section_api.o
    0x2000089e   0x00000002   PAD
    0x200008a0   0x00000024   Zero   RW         1829    .bss..L_MergedGlobals  BUILD/NUCLEO_F767ZI/ARMC6/mbed-os/platform/source/CThunkBase.o
    0x200008c4   0x00000010   Zero   RW         1893    .bss..L_MergedGlobals  BUILD/NUCLEO_F767ZI/ARMC6/mbed-os/platform/source/FileBase.o
    0x200008d4   0x0000004c   Zero   RW         2418    .bss..L_MergedGlobals  BUILD/NUCLEO_F767ZI/ARMC6/mbed-os/platform/source/mbed_error.o
    0x20000920   0x00000050   Zero   RW         2480    .bss..L_MergedGlobals  BUILD/NUCLEO_F767ZI/ARMC6/mbed-os/platform/source/mbed_os_timer.o
    0x20000970   0x00000028   Zero   RW         2716    .bss..L_MergedGlobals  BUILD/NUCLEO_F767ZI/ARMC6/mbed-os/platform/source/mbed_retarget.o
    0x20000998   0x00000008   Zero   RW         2772    .bss..L_MergedGlobals  BUILD/NUCLEO_F767ZI/ARMC6/mbed-os/platform/source/mbed_sdk_boot.o
    0x200009a0   0x00000014   Zero   RW         3798    .bss..L_MergedGlobals  BUILD/NUCLEO_F767ZI/ARMC6/mbed-os/storage/filesystem/fat/ChaN/ff.o
    0x200009b4   0x00000024   Zero   RW         9282    .bss..L_MergedGlobals  BUILD/NUCLEO_F767ZI/ARMC6/mbed-os/targets/TARGET_STM/TARGET_STM32F7/serial_device.o
    0x200009d8   0x00000010   Zero   RW         9467    .bss..L_MergedGlobals  BUILD/NUCLEO_F767ZI/ARMC6/mbed-os/targets/TARGET_STM/can_api.o
    0x200009e8   0x0000000c   Zero   RW         9522    .bss..L_MergedGlobals  BUILD/NUCLEO_F767ZI/ARMC6/mbed-os/targets/TARGET_STM/hal_tick_overrides.o
    0x200009f4   0x00000040   Zero   RW         9660    .bss..L_MergedGlobals  BUILD/NUCLEO_F767ZI/ARMC6/mbed-os/targets/TARGET_STM/lp_ticker.o
    0x20000a34   0x00000024   Zero   RW         9758    .bss..L_MergedGlobals  BUILD/NUCLEO_F767ZI/ARMC6/mbed-os/targets/TARGET_STM/rtc_api.o
    0x20000a58   0x00000050   Zero   RW         9793    .bss..L_MergedGlobals  BUILD/NUCLEO_F767ZI/ARMC6/mbed-os/targets/TARGET_STM/serial_api.o
    0x20000aa8   0x00000058   Zero   RW         9920    .bss..L_MergedGlobals  BUILD/NUCLEO_F767ZI/ARMC6/mbed-os/targets/TARGET_STM/us_ticker.o
    0x20000b00   0x00000038   Zero   RW          170    .bss..L_MergedGlobals.8  BUILD/NUCLEO_F767ZI/ARMC6/libs/DMX_MIDI.o
    0x20000b38   0x00000008   Zero   RW         2712    .bss._ZL16filehandle_mutex  BUILD/NUCLEO_F767ZI/ARMC6/mbed-os/platform/source/mbed_retarget.o
    0x20000b40   0x00000008   Zero   RW         2749    .bss._ZL6_mutex     BUILD/NUCLEO_F767ZI/ARMC6/mbed-os/platform/source/mbed_rtc_time.o
    0x20000b48   0x00000001   Zero   RW         3794    .bss._ZL7CurrVol    BUILD/NUCLEO_F767ZI/ARMC6/mbed-os/storage/filesystem/fat/ChaN/ff.o
    0x20000b49   0x00000003   PAD
    0x20000b4c   0x00000678   Zero   RW         1132    .bss._ZN4mbed3SPI12_peripheralsE  BUILD/NUCLEO_F767ZI/ARMC6/mbed-os/drivers/source/SPI.o
    0x200011c4   0x00000004   Zero   RW         1133    .bss._ZN4mbed3SPI17_peripherals_usedE  BUILD/NUCLEO_F767ZI/ARMC6/mbed-os/drivers/source/SPI.o
    0x200011c8   0x00000008   Zero   RW         3921    .bss._ZN4mbedL10_ffs_mutexE  BUILD/NUCLEO_F767ZI/ARMC6/mbed-os/storage/filesystem/fat/source/FATFileSystem.o
    0x200011d0   0x00000010   Zero   RW         3919    .bss._ZN4mbedL4_ffsE  BUILD/NUCLEO_F767ZI/ARMC6/mbed-os/storage/filesystem/fat/source/FATFileSystem.o
    0x200011e0   0x0000001c   Zero   RW          487    .bss.bp             BUILD/NUCLEO_F767ZI/ARMC6/main.o
    0x200011fc   0x00000004   Zero   RW         2366    .bss.critical_section_reentrancy_counter  BUILD/NUCLEO_F767ZI/ARMC6/mbed-os/platform/source/mbed_critical.o
    0x20001200   0x00000002   Zero   RW         2523    .bss.deep_sleep_lock  BUILD/NUCLEO_F767ZI/ARMC6/mbed-os/platform/source/mbed_power_mgmt.o
    0x20001202   0x00000002   PAD
    0x20001204   0x000000e8   Zero   RW          148    .bss.dmx            BUILD/NUCLEO_F767ZI/ARMC6/libs/DMX_MIDI.o
    0x200012ec   0x00000200   Zero   RW          152    .bss.dmx_data       BUILD/NUCLEO_F767ZI/ARMC6/libs/DMX_MIDI.o
    0x200014ec   0x00000004   PAD
    0x200014f0   0x00000038   Zero   RW         1594    .bss.events         BUILD/NUCLEO_F767ZI/ARMC6/mbed-os/hal/source/mbed_lp_ticker_api.o
    0x20001528   0x00000038   Zero   RW         1694    .bss.events         BUILD/NUCLEO_F767ZI/ARMC6/mbed-os/hal/source/mbed_us_ticker_api.o
    0x20001560   0x0000005c   Zero   RW           99    .bss.file_syst      BUILD/NUCLEO_F767ZI/ARMC6/libs/DMX_2_MIDI.o
    0x200015bc   0x00000001   Zero   RW          159    .bss.global_a       BUILD/NUCLEO_F767ZI/ARMC6/libs/DMX_MIDI.o
    0x200015bd   0x00000001   Zero   RW          158    .bss.global_b       BUILD/NUCLEO_F767ZI/ARMC6/libs/DMX_MIDI.o
    0x200015be   0x00000001   Zero   RW          166    .bss.global_delta   BUILD/NUCLEO_F767ZI/ARMC6/libs/DMX_MIDI.o
    0x200015bf   0x00000001   Zero   RW          155    .bss.global_dimmer  BUILD/NUCLEO_F767ZI/ARMC6/libs/DMX_MIDI.o
    0x200015c0   0x00000001   Zero   RW          157    .bss.global_g       BUILD/NUCLEO_F767ZI/ARMC6/libs/DMX_MIDI.o
    0x200015c1   0x00000001   Zero   RW          162    .bss.global_pan     BUILD/NUCLEO_F767ZI/ARMC6/libs/DMX_MIDI.o
    0x200015c2   0x00000001   Zero   RW          164    .bss.global_pt_speed  BUILD/NUCLEO_F767ZI/ARMC6/libs/DMX_MIDI.o
    0x200015c3   0x00000001   Zero   RW          156    .bss.global_r       BUILD/NUCLEO_F767ZI/ARMC6/libs/DMX_MIDI.o
    0x200015c4   0x00000001   Zero   RW          165    .bss.global_strobe_speed  BUILD/NUCLEO_F767ZI/ARMC6/libs/DMX_MIDI.o
    0x200015c5   0x00000001   Zero   RW          163    .bss.global_tilt    BUILD/NUCLEO_F767ZI/ARMC6/libs/DMX_MIDI.o
    0x200015c6   0x00000001   Zero   RW          161    .bss.global_uv      BUILD/NUCLEO_F767ZI/ARMC6/libs/DMX_MIDI.o
    0x200015c7   0x00000001   Zero   RW          160    .bss.global_w       BUILD/NUCLEO_F767ZI/ARMC6/libs/DMX_MIDI.o
    0x200015c8   0x00000001   Zero   RW         2417    .bss.halt_in_progress  BUILD/NUCLEO_F767ZI/ARMC6/mbed-os/platform/source/mbed_error.o
    0x200015c9   0x00000001   Zero   RW         2415    .bss.is_reboot_error_valid  BUILD/NUCLEO_F767ZI/ARMC6/mbed-os/platform/source/mbed_error.o
    0x200015ca   0x00000002   PAD
    0x200015cc   0x00000040   Zero   RW         2416    .bss.last_error_ctx  BUILD/NUCLEO_F767ZI/ARMC6/mbed-os/platform/source/mbed_error.o
    0x2000160c   0x00000074   Zero   RW          438    .bss.lcd_nrf        BUILD/NUCLEO_F767ZI/ARMC6/libs/LCD_DOG.o
    0x20001680   0x00000004   Zero   RW         2706    .bss.mbed_heap_size  BUILD/NUCLEO_F767ZI/ARMC6/mbed-os/platform/source/mbed_retarget.o
    0x20001684   0x00000004   Zero   RW         2705    .bss.mbed_heap_start  BUILD/NUCLEO_F767ZI/ARMC6/mbed-os/platform/source/mbed_retarget.o
    0x20001688   0x00000004   Zero   RW         9678    .bss.mbed_sdk_inited  BUILD/NUCLEO_F767ZI/ARMC6/mbed-os/targets/TARGET_STM/mbed_overrides.o
    0x2000168c   0x000000e8   Zero   RW          149    .bss.midi1          BUILD/NUCLEO_F767ZI/ARMC6/libs/DMX_MIDI.o
    0x20001774   0x000000e8   Zero   RW          150    .bss.midi2          BUILD/NUCLEO_F767ZI/ARMC6/libs/DMX_MIDI.o
    0x2000185c   0x000000e8   Zero   RW          151    .bss.midi3          BUILD/NUCLEO_F767ZI/ARMC6/libs/DMX_MIDI.o
    0x20001944   0x00000001   Zero   RW          154    .bss.mode_global_midi  BUILD/NUCLEO_F767ZI/ARMC6/libs/DMX_MIDI.o
    0x20001945   0x00000003   Zero   RW          443    .bss.mode_midi      BUILD/NUCLEO_F767ZI/ARMC6/libs/MIDI_MODE.o
    0x20001948   0x000000b8   Zero   RW           98    .bss.sd_card        BUILD/NUCLEO_F767ZI/ARMC6/libs/DMX_2_MIDI.o
    0x20001a00   0x00000001   Zero   RW          167    .bss.seq_rgb_cpt    BUILD/NUCLEO_F767ZI/ARMC6/libs/DMX_MIDI.o
    0x20001a01   0x00000011   Zero   RW           71    .bss.spot_          BUILD/NUCLEO_F767ZI/ARMC6/libs/CONFIG_SPOT_MIDI.o
    0x20001a12   0x00000002   PAD
    0x20001a14   0x00000270   Zero   RW           70    .bss.spots          BUILD/NUCLEO_F767ZI/ARMC6/libs/CONFIG_SPOT_MIDI.o
    0x20001c84   0x00000420   Zero   RW         9281    .bss.uart_handlers  BUILD/NUCLEO_F767ZI/ARMC6/mbed-os/targets/TARGET_STM/TARGET_STM32F7/serial_device.o


    Execution Region ARM_LIB_HEAP (Base: 0x200020b0, Size: 0x0007cf50, Max: 0x0007cf50, ABSOLUTE)

    Base Addr    Size         Type   Attr      Idx    E Section Name        Object

    0x200020b0   0x0007cf50   Zero   RW            2    ARM_LIB_HEAP.bss    anon$$obj.o


    Execution Region ARM_LIB_STACK (Base: 0x2007f000, Size: 0x00001000, Max: 0x00001000, ABSOLUTE)

    Base Addr    Size         Type   Attr      Idx    E Section Name        Object

    0x2007f000   0x00001000   Zero   RW            3    ARM_LIB_STACK.bss   anon$$obj.o


==============================================================================

Image component sizes


      Code (inc. data)   RO Data    RW Data    ZI Data      Debug   

     48950       3318       5068        868     522588      46768   Object Totals
         0          0         32          0     516176          0   (incl. Generated)
       126          0          6          0         15          0   (incl. Padding)
      7900        466         14         12        304       7128   Library Totals
        18          0          2          0          0          0   (incl. Padding)

==============================================================================


      Code (inc. data)   RO Data    RW Data    ZI Data      Debug   

     56850       3784       5082        880     522892      47956   Grand Totals
     56850       3784       5082         72     522892      47956   ELF Image Totals (compressed)
     56850       3784       5082         72          0          0   ROM Totals

==============================================================================

    Total RO  Size (Code + RO Data)                61932 (  60.48kB)
    Total RW  Size (RW Data + ZI Data)            523772 ( 511.50kB)
    Total ROM Size (Code + RO Data + RW Data)      62004 (  60.55kB)

==============================================================================

