Component: ARM Compiler 6.16 Tool: armlink [5dfeaa00]

==============================================================================

Memory Map of the image

  Image Entry point : 0x08000189

  Load Region LR_IROM1 (Base: 0x08000000, Size: 0x00006338, Max: 0x00100000, ABSOLUTE)

    Execution Region ER_IROM1 (Base: 0x08000000, Size: 0x0000631c, Max: 0x00100000, ABSOLUTE)

    Base Addr    Size         Type   Attr      Idx    E Section Name        Object

    0x08000000   0x00000188   Data   RO         7812    RESET               BUILD/NUCLEO_L476RG/ARMC6/mbed-os/targets/TARGET_STM/TARGET_STM32L4/TARGET_STM32L476xG/TOOLCHAIN_ARM/startup_stm32l476xx.o
    0x08000188   0x00000000   Code   RO         8506  * .ARM.Collect$$$$00000000  c:\ProgramData\Mbed Studio\mbed-studio-tools\ac6\bin\..\lib\armlib\mc_w.l(entry.o)
    0x08000188   0x00000004   Code   RO         8639    .ARM.Collect$$$$00000003  c:\ProgramData\Mbed Studio\mbed-studio-tools\ac6\bin\..\lib\armlib\mc_w.l(entry4.o)
    0x0800018c   0x00000004   Code   RO         8642    .ARM.Collect$$$$00000004  c:\ProgramData\Mbed Studio\mbed-studio-tools\ac6\bin\..\lib\armlib\mc_w.l(entry5.o)
    0x08000190   0x00000004   Code   RO         8508    .ARM.Collect$$$$00000006  c:\ProgramData\Mbed Studio\mbed-studio-tools\ac6\bin\..\lib\armlib\mc_w.l(entry6b.o)
    0x08000194   0x00000000   Code   RO         8644    .ARM.Collect$$$$00000008  c:\ProgramData\Mbed Studio\mbed-studio-tools\ac6\bin\..\lib\armlib\mc_w.l(entry7b.o)
    0x08000194   0x00000004   Code   RO         8645    .ARM.Collect$$$$00000009  c:\ProgramData\Mbed Studio\mbed-studio-tools\ac6\bin\..\lib\armlib\mc_w.l(entry8a.o)
    0x08000198   0x00000000   Code   RO         8646    .ARM.Collect$$$$0000000A  c:\ProgramData\Mbed Studio\mbed-studio-tools\ac6\bin\..\lib\armlib\mc_w.l(entry8b.o)
    0x08000198   0x00000008   Code   RO         8647    .ARM.Collect$$$$0000000B  c:\ProgramData\Mbed Studio\mbed-studio-tools\ac6\bin\..\lib\armlib\mc_w.l(entry9a.o)
    0x080001a0   0x00000000   Code   RO         8649    .ARM.Collect$$$$0000000D  c:\ProgramData\Mbed Studio\mbed-studio-tools\ac6\bin\..\lib\armlib\mc_w.l(entry10a.o)
    0x080001a0   0x00000000   Code   RO         8651    .ARM.Collect$$$$0000000F  c:\ProgramData\Mbed Studio\mbed-studio-tools\ac6\bin\..\lib\armlib\mc_w.l(entry11a.o)
    0x080001a0   0x00000004   Code   RO         8640    .ARM.Collect$$$$00002714  c:\ProgramData\Mbed Studio\mbed-studio-tools\ac6\bin\..\lib\armlib\mc_w.l(entry4.o)
    0x080001a4   0x0000005c   Code   RO         1739    .text               BUILD/NUCLEO_L476RG/ARMC6/mbed-os/platform/source/TARGET_CORTEX_M/TOOLCHAIN_ARM/except.o
    0x08000200   0x00000024   Code   RO         7813    .text               BUILD/NUCLEO_L476RG/ARMC6/mbed-os/targets/TARGET_STM/TARGET_STM32L4/TARGET_STM32L476xG/TOOLCHAIN_ARM/startup_stm32l476xx.o
    0x08000224   0x00000020   Code   RO         8519    .text               c:\ProgramData\Mbed Studio\mbed-studio-tools\ac6\bin\..\lib\armlib\mc_w.l(initio_oe.o)
    0x08000244   0x00000028   Code   RO         8525    .text               c:\ProgramData\Mbed Studio\mbed-studio-tools\ac6\bin\..\lib\armlib\mc_w.l(fputc_fp.o)
    0x0800026c   0x00000062   Code   RO         8535    .text               c:\ProgramData\Mbed Studio\mbed-studio-tools\ac6\bin\..\lib\armlib\mc_w.l(uldiv.o)
    0x080002ce   0x0000001e   Code   RO         8539    .text               c:\ProgramData\Mbed Studio\mbed-studio-tools\ac6\bin\..\lib\armlib\mc_w.l(llshl.o)
    0x080002ec   0x00000020   Code   RO         8541    .text               c:\ProgramData\Mbed Studio\mbed-studio-tools\ac6\bin\..\lib\armlib\mc_w.l(llushr.o)
    0x0800030c   0x00000024   Code   RO         8543    .text               c:\ProgramData\Mbed Studio\mbed-studio-tools\ac6\bin\..\lib\armlib\mc_w.l(memcpya.o)
    0x08000330   0x00000024   Code   RO         8545    .text               c:\ProgramData\Mbed Studio\mbed-studio-tools\ac6\bin\..\lib\armlib\mc_w.l(memseta.o)
    0x08000354   0x0000000e   Code   RO         8551    .text               c:\ProgramData\Mbed Studio\mbed-studio-tools\ac6\bin\..\lib\armlib\mc_w.l(strlen.o)
    0x08000362   0x0000001c   Code   RO         8553    .text               c:\ProgramData\Mbed Studio\mbed-studio-tools\ac6\bin\..\lib\armlib\mc_w.l(strcmp.o)
    0x0800037e   0x00000002   PAD
    0x08000380   0x00000020   Code   RO         8606    .text               c:\ProgramData\Mbed Studio\mbed-studio-tools\ac6\bin\..\lib\armlib\mc_w.l(cpp_init.o)
    0x080003a0   0x0000014e   Code   RO         8608    .text               c:\ProgramData\Mbed Studio\mbed-studio-tools\ac6\bin\..\lib\armlib\mf_w.l(dadd.o)
    0x080004ee   0x00000032   Code   RO         8612    .text               c:\ProgramData\Mbed Studio\mbed-studio-tools\ac6\bin\..\lib\armlib\mf_w.l(dfixui.o)
    0x08000520   0x00000026   Code   RO         8614    .text               c:\ProgramData\Mbed Studio\mbed-studio-tools\ac6\bin\..\lib\armlib\mf_w.l(f2d.o)
    0x08000546   0x00000024   Code   RO         8654    .text               c:\ProgramData\Mbed Studio\mbed-studio-tools\ac6\bin\..\lib\armlib\mc_w.l(llsshr.o)
    0x0800056a   0x00000000   Code   RO         8676    .text               c:\ProgramData\Mbed Studio\mbed-studio-tools\ac6\bin\..\lib\armlib\mc_w.l(iusefp.o)
    0x0800056a   0x000000ba   Code   RO         8684    .text               c:\ProgramData\Mbed Studio\mbed-studio-tools\ac6\bin\..\lib\armlib\mf_w.l(depilogue.o)
    0x08000624   0x00000024   Code   RO         8694    .text               c:\ProgramData\Mbed Studio\mbed-studio-tools\ac6\bin\..\lib\armlib\mc_w.l(init.o)
    0x08000648   0x00000024   Code   RO         2280    .text.$Sub$$__2sprintf  BUILD/NUCLEO_L476RG/ARMC6/mbed-os/platform/source/minimal-printf/mbed_printf_armlink_overrides.o
    0x0800066c   0x00000002   Code   RO         2232    .text.$Sub$$__cpp_initialize__aeabi_  BUILD/NUCLEO_L476RG/ARMC6/mbed-os/platform/source/mbed_sdk_boot.o
    0x0800066e   0x00000004   Code   RO         2308    .text.$Sub$$_printf_d  BUILD/NUCLEO_L476RG/ARMC6/mbed-os/platform/source/minimal-printf/mbed_printf_armlink_overrides.o
    0x08000672   0x00000004   Code   RO         2336    .text.$Sub$$_printf_int_dec  BUILD/NUCLEO_L476RG/ARMC6/mbed-os/platform/source/minimal-printf/mbed_printf_armlink_overrides.o
    0x08000676   0x00000004   Code   RO         2382    .text.$Sub$$_printf_percent  BUILD/NUCLEO_L476RG/ARMC6/mbed-os/platform/source/minimal-printf/mbed_printf_armlink_overrides.o
    0x0800067a   0x00000002   PAD
    0x0800067c   0x0000004c   Code   RO         2238    .text.$Sub$$main    BUILD/NUCLEO_L476RG/ARMC6/mbed-os/platform/source/mbed_sdk_boot.o
    0x080006c8   0x0000000c   Code   RO         2434    .text.$Sub$$vsnprintf  BUILD/NUCLEO_L476RG/ARMC6/mbed-os/platform/source/minimal-printf/mbed_printf_wrapper.o
    0x080006d4   0x00000004   Code   RO         7984    .text.CAN1_RX0_IRQHandler  BUILD/NUCLEO_L476RG/ARMC6/mbed-os/targets/TARGET_STM/can_api.o
    0x080006d8   0x00000004   Code   RO         7990    .text.CAN1_SCE_IRQHandler  BUILD/NUCLEO_L476RG/ARMC6/mbed-os/targets/TARGET_STM/can_api.o
    0x080006dc   0x00000004   Code   RO         7988    .text.CAN1_TX_IRQHandler  BUILD/NUCLEO_L476RG/ARMC6/mbed-os/targets/TARGET_STM/can_api.o
    0x080006e0   0x0000006c   Code   RO         8050    .text.HAL_GetTick   BUILD/NUCLEO_L476RG/ARMC6/mbed-os/targets/TARGET_STM/hal_tick_overrides.o
    0x0800074c   0x0000001c   Code   RO         3087    .text.HAL_Init      BUILD/NUCLEO_L476RG/ARMC6/mbed-os/targets/TARGET_STM/TARGET_STM32L4/STM32Cube_FW/STM32L4xx_HAL_Driver/stm32l4xx_hal.o
    0x08000768   0x0000000a   Code   RO         8048    .text.HAL_InitTick  BUILD/NUCLEO_L476RG/ARMC6/mbed-os/targets/TARGET_STM/hal_tick_overrides.o
    0x08000772   0x0000003e   Code   RO         4447    .text.HAL_LPTIM_Counter_Start  BUILD/NUCLEO_L476RG/ARMC6/mbed-os/targets/TARGET_STM/TARGET_STM32L4/STM32Cube_FW/STM32L4xx_HAL_Driver/stm32l4xx_hal_lptim.o
    0x080007b0   0x000000d0   Code   RO         4393    .text.HAL_LPTIM_Init  BUILD/NUCLEO_L476RG/ARMC6/mbed-os/targets/TARGET_STM/TARGET_STM32L4/STM32Cube_FW/STM32L4xx_HAL_Driver/stm32l4xx_hal_lptim.o
    0x08000880   0x00000020   Code   RO         3377    .text.HAL_NVIC_SetPriorityGrouping  BUILD/NUCLEO_L476RG/ARMC6/mbed-os/targets/TARGET_STM/TARGET_STM32L4/STM32Cube_FW/STM32L4xx_HAL_Driver/stm32l4xx_hal_cortex.o
    0x080008a0   0x00000040   Code   RO         4995    .text.HAL_PWREx_DisableLowPowerRunMode  BUILD/NUCLEO_L476RG/ARMC6/mbed-os/targets/TARGET_STM/TARGET_STM32L4/STM32Cube_FW/STM32L4xx_HAL_Driver/stm32l4xx_hal_pwr_ex.o
    0x080008e0   0x0000000c   Code   RO         4993    .text.HAL_PWREx_EnableLowPowerRunMode  BUILD/NUCLEO_L476RG/ARMC6/mbed-os/targets/TARGET_STM/TARGET_STM32L4/STM32Cube_FW/STM32L4xx_HAL_Driver/stm32l4xx_hal_pwr_ex.o
    0x080008ec   0x00000010   Code   RO         4949    .text.HAL_PWREx_EnableVddIO2  BUILD/NUCLEO_L476RG/ARMC6/mbed-os/targets/TARGET_STM/TARGET_STM32L4/STM32Cube_FW/STM32L4xx_HAL_Driver/stm32l4xx_hal_pwr_ex.o
    0x080008fc   0x00000028   Code   RO         5001    .text.HAL_PWREx_EnterSTOP2Mode  BUILD/NUCLEO_L476RG/ARMC6/mbed-os/targets/TARGET_STM/TARGET_STM32L4/STM32Cube_FW/STM32L4xx_HAL_Driver/stm32l4xx_hal_pwr_ex.o
    0x08000924   0x0000000c   Code   RO         4937    .text.HAL_PWREx_GetVoltageRange  BUILD/NUCLEO_L476RG/ARMC6/mbed-os/targets/TARGET_STM/TARGET_STM32L4/STM32Cube_FW/STM32L4xx_HAL_Driver/stm32l4xx_hal_pwr_ex.o
    0x08000930   0x00000010   Code   RO         4905    .text.HAL_PWR_EnableBkUpAccess  BUILD/NUCLEO_L476RG/ARMC6/mbed-os/targets/TARGET_STM/TARGET_STM32L4/STM32Cube_FW/STM32L4xx_HAL_Driver/stm32l4xx_hal_pwr.o
    0x08000940   0x00000044   Code   RO         4919    .text.HAL_PWR_EnterSLEEPMode  BUILD/NUCLEO_L476RG/ARMC6/mbed-os/targets/TARGET_STM/TARGET_STM32L4/STM32Cube_FW/STM32L4xx_HAL_Driver/stm32l4xx_hal_pwr.o
    0x08000984   0x00000010   Code   RO         5233    .text.HAL_RCCEx_EnableMSIPLLMode  BUILD/NUCLEO_L476RG/ARMC6/mbed-os/targets/TARGET_STM/TARGET_STM32L4/STM32Cube_FW/STM32L4xx_HAL_Driver/stm32l4xx_hal_rcc_ex.o
    0x08000994   0x00000304   Code   RO         5195    .text.HAL_RCCEx_PeriphCLKConfig  BUILD/NUCLEO_L476RG/ARMC6/mbed-os/targets/TARGET_STM/TARGET_STM32L4/STM32Cube_FW/STM32L4xx_HAL_Driver/stm32l4xx_hal_rcc_ex.o
    0x08000c98   0x00000124   Code   RO         5161    .text.HAL_RCC_ClockConfig  BUILD/NUCLEO_L476RG/ARMC6/mbed-os/targets/TARGET_STM/TARGET_STM32L4/STM32Cube_FW/STM32L4xx_HAL_Driver/stm32l4xx_hal_rcc.o
    0x08000dbc   0x0000003c   Code   RO         5173    .text.HAL_RCC_GetClockConfig  BUILD/NUCLEO_L476RG/ARMC6/mbed-os/targets/TARGET_STM/TARGET_STM32L4/STM32Cube_FW/STM32L4xx_HAL_Driver/stm32l4xx_hal_rcc.o
    0x08000df8   0x000000c4   Code   RO         5171    .text.HAL_RCC_GetOscConfig  BUILD/NUCLEO_L476RG/ARMC6/mbed-os/targets/TARGET_STM/TARGET_STM32L4/STM32Cube_FW/STM32L4xx_HAL_Driver/stm32l4xx_hal_rcc.o
    0x08000ebc   0x00000014   Code   RO         5167    .text.HAL_RCC_GetPCLK1Freq  BUILD/NUCLEO_L476RG/ARMC6/mbed-os/targets/TARGET_STM/TARGET_STM32L4/STM32Cube_FW/STM32L4xx_HAL_Driver/stm32l4xx_hal_rcc.o
    0x08000ed0   0x00000020   Code   RO         5169    .text.HAL_RCC_GetPCLK2Freq  BUILD/NUCLEO_L476RG/ARMC6/mbed-os/targets/TARGET_STM/TARGET_STM32L4/STM32Cube_FW/STM32L4xx_HAL_Driver/stm32l4xx_hal_rcc.o
    0x08000ef0   0x000000a0   Code   RO         5159    .text.HAL_RCC_GetSysClockFreq  BUILD/NUCLEO_L476RG/ARMC6/mbed-os/targets/TARGET_STM/TARGET_STM32L4/STM32Cube_FW/STM32L4xx_HAL_Driver/stm32l4xx_hal_rcc.o
    0x08000f90   0x000004ec   Code   RO         5155    .text.HAL_RCC_OscConfig  BUILD/NUCLEO_L476RG/ARMC6/mbed-os/targets/TARGET_STM/TARGET_STM32L4/STM32Cube_FW/STM32L4xx_HAL_Driver/stm32l4xx_hal_rcc.o
    0x0800147c   0x00000094   Code   RO         6722    .text.HAL_TIMEx_PWMN_Start  BUILD/NUCLEO_L476RG/ARMC6/mbed-os/targets/TARGET_STM/TARGET_STM32L4/STM32Cube_FW/STM32L4xx_HAL_Driver/stm32l4xx_hal_tim_ex.o
    0x08001510   0x0000001e   Code   RO         6302    .text.HAL_TIM_OC_Init  BUILD/NUCLEO_L476RG/ARMC6/mbed-os/targets/TARGET_STM/TARGET_STM32L4/STM32Cube_FW/STM32L4xx_HAL_Driver/stm32l4xx_hal_tim.o
    0x0800152e   0x00000002   PAD
    0x08001530   0x00000100   Code   RO         6310    .text.HAL_TIM_OC_Start  BUILD/NUCLEO_L476RG/ARMC6/mbed-os/targets/TARGET_STM/TARGET_STM32L4/STM32Cube_FW/STM32L4xx_HAL_Driver/stm32l4xx_hal_tim.o
    0x08001630   0x000000ac   Code   RO         6440    .text.HAL_TIM_PWM_ConfigChannel  BUILD/NUCLEO_L476RG/ARMC6/mbed-os/targets/TARGET_STM/TARGET_STM32L4/STM32Cube_FW/STM32L4xx_HAL_Driver/stm32l4xx_hal_tim.o
    0x080016dc   0x0000001e   Code   RO         6328    .text.HAL_TIM_PWM_Init  BUILD/NUCLEO_L476RG/ARMC6/mbed-os/targets/TARGET_STM/TARGET_STM32L4/STM32Cube_FW/STM32L4xx_HAL_Driver/stm32l4xx_hal_tim.o
    0x080016fa   0x00000002   PAD
    0x080016fc   0x00000124   Code   RO         6336    .text.HAL_TIM_PWM_Start  BUILD/NUCLEO_L476RG/ARMC6/mbed-os/targets/TARGET_STM/TARGET_STM32L4/STM32Cube_FW/STM32L4xx_HAL_Driver/stm32l4xx_hal_tim.o
    0x08001820   0x00000020   Code   RO         7075    .text.HAL_UARTEx_DisableClockStopMode  BUILD/NUCLEO_L476RG/ARMC6/mbed-os/targets/TARGET_STM/TARGET_STM32L4/STM32Cube_FW/STM32L4xx_HAL_Driver/stm32l4xx_hal_uart_ex.o
    0x08001840   0x00000020   Code   RO         7083    .text.HAL_UARTEx_DisableStopMode  BUILD/NUCLEO_L476RG/ARMC6/mbed-os/targets/TARGET_STM/TARGET_STM32L4/STM32Cube_FW/STM32L4xx_HAL_Driver/stm32l4xx_hal_uart_ex.o
    0x08001860   0x00000020   Code   RO         7081    .text.HAL_UARTEx_EnableStopMode  BUILD/NUCLEO_L476RG/ARMC6/mbed-os/targets/TARGET_STM/TARGET_STM32L4/STM32Cube_FW/STM32L4xx_HAL_Driver/stm32l4xx_hal_uart_ex.o
    0x08001880   0x00000038   Code   RO         6886    .text.HAL_UART_Init  BUILD/NUCLEO_L476RG/ARMC6/mbed-os/targets/TARGET_STM/TARGET_STM32L4/STM32Cube_FW/STM32L4xx_HAL_Driver/stm32l4xx_hal_uart.o
    0x080018b8   0x00000002   Code   RO         6888    .text.HAL_UART_MspInit  BUILD/NUCLEO_L476RG/ARMC6/mbed-os/targets/TARGET_STM/TARGET_STM32L4/STM32Cube_FW/STM32L4xx_HAL_Driver/stm32l4xx_hal_uart.o
    0x080018ba   0x00000002   PAD
    0x080018bc   0x000000b0   Code   RO         8174    .text.LPTIM_IRQHandler  BUILD/NUCLEO_L476RG/ARMC6/mbed-os/targets/TARGET_STM/lp_ticker.o
    0x0800196c   0x00000038   Code   RO         4407    .text.LPTIM_WaitForFlag  BUILD/NUCLEO_L476RG/ARMC6/mbed-os/targets/TARGET_STM/TARGET_STM32L4/STM32Cube_FW/STM32L4xx_HAL_Driver/stm32l4xx_hal_lptim.o
    0x080019a4   0x0000000a   Code   RO           15    .text.OUTLINED_FUNCTION_0  BUILD/NUCLEO_L476RG/ARMC6/libs/StepMotor_TMC2100.o
    0x080019ae   0x00000006   Code   RO          579    .text.OUTLINED_FUNCTION_0  BUILD/NUCLEO_L476RG/ARMC6/mbed-os/drivers/source/PwmOut.o
    0x080019b4   0x0000000e   Code   RO          962    .text.OUTLINED_FUNCTION_0  BUILD/NUCLEO_L476RG/ARMC6/mbed-os/drivers/source/UnbufferedSerial.o
    0x080019c2   0x0000000c   Code   RO         1161    .text.OUTLINED_FUNCTION_0  BUILD/NUCLEO_L476RG/ARMC6/mbed-os/hal/source/mbed_pinmap_common.o
    0x080019ce   0x00000006   Code   RO         1220    .text.OUTLINED_FUNCTION_0  BUILD/NUCLEO_L476RG/ARMC6/mbed-os/hal/source/mbed_ticker_api.o
    0x080019d4   0x00000032   Code   RO         1543    .text.OUTLINED_FUNCTION_0  BUILD/NUCLEO_L476RG/ARMC6/mbed-os/platform/source/SysTimer.o
    0x08001a06   0x00000006   Code   RO         1933    .text.OUTLINED_FUNCTION_0  BUILD/NUCLEO_L476RG/ARMC6/mbed-os/platform/source/mbed_error.o
    0x08001a0c   0x00000010   Code   RO         2418    .text.OUTLINED_FUNCTION_0  BUILD/NUCLEO_L476RG/ARMC6/mbed-os/platform/source/minimal-printf/mbed_printf_implementation.o
    0x08001a1c   0x00000016   Code   RO         4477    .text.OUTLINED_FUNCTION_0  BUILD/NUCLEO_L476RG/ARMC6/mbed-os/targets/TARGET_STM/TARGET_STM32L4/STM32Cube_FW/STM32L4xx_HAL_Driver/stm32l4xx_hal_lptim.o
    0x08001a32   0x0000000a   Code   RO         5015    .text.OUTLINED_FUNCTION_0  BUILD/NUCLEO_L476RG/ARMC6/mbed-os/targets/TARGET_STM/TARGET_STM32L4/STM32Cube_FW/STM32L4xx_HAL_Driver/stm32l4xx_hal_pwr_ex.o
    0x08001a3c   0x00000024   Code   RO         5181    .text.OUTLINED_FUNCTION_0  BUILD/NUCLEO_L476RG/ARMC6/mbed-os/targets/TARGET_STM/TARGET_STM32L4/STM32Cube_FW/STM32L4xx_HAL_Driver/stm32l4xx_hal_rcc.o
    0x08001a60   0x00000010   Code   RO         5237    .text.OUTLINED_FUNCTION_0  BUILD/NUCLEO_L476RG/ARMC6/mbed-os/targets/TARGET_STM/TARGET_STM32L4/STM32Cube_FW/STM32L4xx_HAL_Driver/stm32l4xx_hal_rcc_ex.o
    0x08001a70   0x00000010   Code   RO         6774    .text.OUTLINED_FUNCTION_0  BUILD/NUCLEO_L476RG/ARMC6/mbed-os/targets/TARGET_STM/TARGET_STM32L4/STM32Cube_FW/STM32L4xx_HAL_Driver/stm32l4xx_hal_tim_ex.o
    0x08001a80   0x00000014   Code   RO         7014    .text.OUTLINED_FUNCTION_0  BUILD/NUCLEO_L476RG/ARMC6/mbed-os/targets/TARGET_STM/TARGET_STM32L4/STM32Cube_FW/STM32L4xx_HAL_Driver/stm32l4xx_hal_uart.o
    0x08001a94   0x00000006   Code   RO         7998    .text.OUTLINED_FUNCTION_0  BUILD/NUCLEO_L476RG/ARMC6/mbed-os/targets/TARGET_STM/can_api.o
    0x08001a9a   0x0000000e   Code   RO         8258    .text.OUTLINED_FUNCTION_0  BUILD/NUCLEO_L476RG/ARMC6/mbed-os/targets/TARGET_STM/pwmout_api.o
    0x08001aa8   0x00000008   Code   RO         8316    .text.OUTLINED_FUNCTION_0  BUILD/NUCLEO_L476RG/ARMC6/mbed-os/targets/TARGET_STM/serial_api.o
    0x08001ab0   0x0000000a   Code   RO          784    .text.OUTLINED_FUNCTION_1  BUILD/NUCLEO_L476RG/ARMC6/mbed-os/drivers/source/SerialBase.o
    0x08001aba   0x0000000c   Code   RO         1222    .text.OUTLINED_FUNCTION_1  BUILD/NUCLEO_L476RG/ARMC6/mbed-os/hal/source/mbed_ticker_api.o
    0x08001ac6   0x0000001e   Code   RO         1545    .text.OUTLINED_FUNCTION_1  BUILD/NUCLEO_L476RG/ARMC6/mbed-os/platform/source/SysTimer.o
    0x08001ae4   0x00000012   Code   RO         2420    .text.OUTLINED_FUNCTION_1  BUILD/NUCLEO_L476RG/ARMC6/mbed-os/platform/source/minimal-printf/mbed_printf_implementation.o
    0x08001af6   0x00000014   Code   RO         5183    .text.OUTLINED_FUNCTION_1  BUILD/NUCLEO_L476RG/ARMC6/mbed-os/targets/TARGET_STM/TARGET_STM32L4/STM32Cube_FW/STM32L4xx_HAL_Driver/stm32l4xx_hal_rcc.o
    0x08001b0a   0x00000018   Code   RO         5239    .text.OUTLINED_FUNCTION_1  BUILD/NUCLEO_L476RG/ARMC6/mbed-os/targets/TARGET_STM/TARGET_STM32L4/STM32Cube_FW/STM32L4xx_HAL_Driver/stm32l4xx_hal_rcc_ex.o
    0x08001b22   0x00000036   Code   RO         6512    .text.OUTLINED_FUNCTION_1  BUILD/NUCLEO_L476RG/ARMC6/mbed-os/targets/TARGET_STM/TARGET_STM32L4/STM32Cube_FW/STM32L4xx_HAL_Driver/stm32l4xx_hal_tim.o
    0x08001b58   0x0000000c   Code   RO         7016    .text.OUTLINED_FUNCTION_1  BUILD/NUCLEO_L476RG/ARMC6/mbed-os/targets/TARGET_STM/TARGET_STM32L4/STM32Cube_FW/STM32L4xx_HAL_Driver/stm32l4xx_hal_uart.o
    0x08001b64   0x0000000a   Code   RO         7917    .text.OUTLINED_FUNCTION_1  BUILD/NUCLEO_L476RG/ARMC6/mbed-os/targets/TARGET_STM/TARGET_STM32L4/serial_device.o
    0x08001b6e   0x0000000e   Code   RO         5257    .text.OUTLINED_FUNCTION_10  BUILD/NUCLEO_L476RG/ARMC6/mbed-os/targets/TARGET_STM/TARGET_STM32L4/STM32Cube_FW/STM32L4xx_HAL_Driver/stm32l4xx_hal_rcc_ex.o
    0x08001b7c   0x0000000e   Code   RO         6530    .text.OUTLINED_FUNCTION_10  BUILD/NUCLEO_L476RG/ARMC6/mbed-os/targets/TARGET_STM/TARGET_STM32L4/STM32Cube_FW/STM32L4xx_HAL_Driver/stm32l4xx_hal_tim.o
    0x08001b8a   0x00000010   Code   RO         1565    .text.OUTLINED_FUNCTION_11  BUILD/NUCLEO_L476RG/ARMC6/mbed-os/platform/source/SysTimer.o
    0x08001b9a   0x0000000c   Code   RO         6532    .text.OUTLINED_FUNCTION_11  BUILD/NUCLEO_L476RG/ARMC6/mbed-os/targets/TARGET_STM/TARGET_STM32L4/STM32Cube_FW/STM32L4xx_HAL_Driver/stm32l4xx_hal_tim.o
    0x08001ba6   0x00000014   Code   RO         7036    .text.OUTLINED_FUNCTION_11  BUILD/NUCLEO_L476RG/ARMC6/mbed-os/targets/TARGET_STM/TARGET_STM32L4/STM32Cube_FW/STM32L4xx_HAL_Driver/stm32l4xx_hal_uart.o
    0x08001bba   0x0000000a   Code   RO          806    .text.OUTLINED_FUNCTION_12  BUILD/NUCLEO_L476RG/ARMC6/mbed-os/drivers/source/SerialBase.o
    0x08001bc4   0x0000000a   Code   RO         1567    .text.OUTLINED_FUNCTION_12  BUILD/NUCLEO_L476RG/ARMC6/mbed-os/platform/source/SysTimer.o
    0x08001bce   0x0000000a   Code   RO         1569    .text.OUTLINED_FUNCTION_13  BUILD/NUCLEO_L476RG/ARMC6/mbed-os/platform/source/SysTimer.o
    0x08001bd8   0x00000008   Code   RO         6538    .text.OUTLINED_FUNCTION_14  BUILD/NUCLEO_L476RG/ARMC6/mbed-os/targets/TARGET_STM/TARGET_STM32L4/STM32Cube_FW/STM32L4xx_HAL_Driver/stm32l4xx_hal_tim.o
    0x08001be0   0x0000000c   Code   RO         7042    .text.OUTLINED_FUNCTION_14  BUILD/NUCLEO_L476RG/ARMC6/mbed-os/targets/TARGET_STM/TARGET_STM32L4/STM32Cube_FW/STM32L4xx_HAL_Driver/stm32l4xx_hal_uart.o
    0x08001bec   0x0000000c   Code   RO         1573    .text.OUTLINED_FUNCTION_15  BUILD/NUCLEO_L476RG/ARMC6/mbed-os/platform/source/SysTimer.o
    0x08001bf8   0x0000000c   Code   RO         1575    .text.OUTLINED_FUNCTION_16  BUILD/NUCLEO_L476RG/ARMC6/mbed-os/platform/source/SysTimer.o
    0x08001c04   0x0000000c   Code   RO         1577    .text.OUTLINED_FUNCTION_17  BUILD/NUCLEO_L476RG/ARMC6/mbed-os/platform/source/SysTimer.o
    0x08001c10   0x00000012   Code   RO         1579    .text.OUTLINED_FUNCTION_18  BUILD/NUCLEO_L476RG/ARMC6/mbed-os/platform/source/SysTimer.o
    0x08001c22   0x00000006   Code   RO         1581    .text.OUTLINED_FUNCTION_19  BUILD/NUCLEO_L476RG/ARMC6/mbed-os/platform/source/SysTimer.o
    0x08001c28   0x00000006   Code   RO          786    .text.OUTLINED_FUNCTION_2  BUILD/NUCLEO_L476RG/ARMC6/mbed-os/drivers/source/SerialBase.o
    0x08001c2e   0x00000008   Code   RO         1224    .text.OUTLINED_FUNCTION_2  BUILD/NUCLEO_L476RG/ARMC6/mbed-os/hal/source/mbed_ticker_api.o
    0x08001c36   0x0000000a   Code   RO         1547    .text.OUTLINED_FUNCTION_2  BUILD/NUCLEO_L476RG/ARMC6/mbed-os/platform/source/SysTimer.o
    0x08001c40   0x00000008   Code   RO         5185    .text.OUTLINED_FUNCTION_2  BUILD/NUCLEO_L476RG/ARMC6/mbed-os/targets/TARGET_STM/TARGET_STM32L4/STM32Cube_FW/STM32L4xx_HAL_Driver/stm32l4xx_hal_rcc.o
    0x08001c48   0x00000016   Code   RO         5241    .text.OUTLINED_FUNCTION_2  BUILD/NUCLEO_L476RG/ARMC6/mbed-os/targets/TARGET_STM/TARGET_STM32L4/STM32Cube_FW/STM32L4xx_HAL_Driver/stm32l4xx_hal_rcc_ex.o
    0x08001c5e   0x0000000a   Code   RO         7919    .text.OUTLINED_FUNCTION_2  BUILD/NUCLEO_L476RG/ARMC6/mbed-os/targets/TARGET_STM/TARGET_STM32L4/serial_device.o
    0x08001c68   0x00000008   Code   RO         1583    .text.OUTLINED_FUNCTION_20  BUILD/NUCLEO_L476RG/ARMC6/mbed-os/platform/source/SysTimer.o
    0x08001c70   0x00000008   Code   RO         1585    .text.OUTLINED_FUNCTION_21  BUILD/NUCLEO_L476RG/ARMC6/mbed-os/platform/source/SysTimer.o
    0x08001c78   0x00000008   Code   RO         6816    .text.OUTLINED_FUNCTION_21  BUILD/NUCLEO_L476RG/ARMC6/mbed-os/targets/TARGET_STM/TARGET_STM32L4/STM32Cube_FW/STM32L4xx_HAL_Driver/stm32l4xx_hal_tim_ex.o
    0x08001c80   0x0000000e   Code   RO         7058    .text.OUTLINED_FUNCTION_22  BUILD/NUCLEO_L476RG/ARMC6/mbed-os/targets/TARGET_STM/TARGET_STM32L4/STM32Cube_FW/STM32L4xx_HAL_Driver/stm32l4xx_hal_uart.o
    0x08001c8e   0x0000000a   Code   RO         1589    .text.OUTLINED_FUNCTION_23  BUILD/NUCLEO_L476RG/ARMC6/mbed-os/platform/source/SysTimer.o
    0x08001c98   0x0000000a   Code   RO         1591    .text.OUTLINED_FUNCTION_24  BUILD/NUCLEO_L476RG/ARMC6/mbed-os/platform/source/SysTimer.o
    0x08001ca2   0x00000006   Code   RO         6822    .text.OUTLINED_FUNCTION_24  BUILD/NUCLEO_L476RG/ARMC6/mbed-os/targets/TARGET_STM/TARGET_STM32L4/STM32Cube_FW/STM32L4xx_HAL_Driver/stm32l4xx_hal_tim_ex.o
    0x08001ca8   0x00000006   Code   RO         7062    .text.OUTLINED_FUNCTION_24  BUILD/NUCLEO_L476RG/ARMC6/mbed-os/targets/TARGET_STM/TARGET_STM32L4/STM32Cube_FW/STM32L4xx_HAL_Driver/stm32l4xx_hal_uart.o
    0x08001cae   0x0000000a   Code   RO         6560    .text.OUTLINED_FUNCTION_25  BUILD/NUCLEO_L476RG/ARMC6/mbed-os/targets/TARGET_STM/TARGET_STM32L4/STM32Cube_FW/STM32L4xx_HAL_Driver/stm32l4xx_hal_tim.o
    0x08001cb8   0x0000000a   Code   RO         6562    .text.OUTLINED_FUNCTION_26  BUILD/NUCLEO_L476RG/ARMC6/mbed-os/targets/TARGET_STM/TARGET_STM32L4/STM32Cube_FW/STM32L4xx_HAL_Driver/stm32l4xx_hal_tim.o
    0x08001cc2   0x0000000a   Code   RO         6568    .text.OUTLINED_FUNCTION_29  BUILD/NUCLEO_L476RG/ARMC6/mbed-os/targets/TARGET_STM/TARGET_STM32L4/STM32Cube_FW/STM32L4xx_HAL_Driver/stm32l4xx_hal_tim.o
    0x08001ccc   0x00000008   Code   RO          788    .text.OUTLINED_FUNCTION_3  BUILD/NUCLEO_L476RG/ARMC6/mbed-os/drivers/source/SerialBase.o
    0x08001cd4   0x00000012   Code   RO         1549    .text.OUTLINED_FUNCTION_3  BUILD/NUCLEO_L476RG/ARMC6/mbed-os/platform/source/SysTimer.o
    0x08001ce6   0x00000006   Code   RO         5187    .text.OUTLINED_FUNCTION_3  BUILD/NUCLEO_L476RG/ARMC6/mbed-os/targets/TARGET_STM/TARGET_STM32L4/STM32Cube_FW/STM32L4xx_HAL_Driver/stm32l4xx_hal_rcc.o
    0x08001cec   0x00000008   Code   RO         5243    .text.OUTLINED_FUNCTION_3  BUILD/NUCLEO_L476RG/ARMC6/mbed-os/targets/TARGET_STM/TARGET_STM32L4/STM32Cube_FW/STM32L4xx_HAL_Driver/stm32l4xx_hal_rcc_ex.o
    0x08001cf4   0x0000000c   Code   RO         6780    .text.OUTLINED_FUNCTION_3  BUILD/NUCLEO_L476RG/ARMC6/mbed-os/targets/TARGET_STM/TARGET_STM32L4/STM32Cube_FW/STM32L4xx_HAL_Driver/stm32l4xx_hal_tim_ex.o
    0x08001d00   0x00000008   Code   RO         6578    .text.OUTLINED_FUNCTION_34  BUILD/NUCLEO_L476RG/ARMC6/mbed-os/targets/TARGET_STM/TARGET_STM32L4/STM32Cube_FW/STM32L4xx_HAL_Driver/stm32l4xx_hal_tim.o
    0x08001d08   0x00000016   Code   RO         6588    .text.OUTLINED_FUNCTION_39  BUILD/NUCLEO_L476RG/ARMC6/mbed-os/targets/TARGET_STM/TARGET_STM32L4/STM32Cube_FW/STM32L4xx_HAL_Driver/stm32l4xx_hal_tim.o
    0x08001d1e   0x00000022   Code   RO         1551    .text.OUTLINED_FUNCTION_4  BUILD/NUCLEO_L476RG/ARMC6/mbed-os/platform/source/SysTimer.o
    0x08001d40   0x0000000a   Code   RO         5189    .text.OUTLINED_FUNCTION_4  BUILD/NUCLEO_L476RG/ARMC6/mbed-os/targets/TARGET_STM/TARGET_STM32L4/STM32Cube_FW/STM32L4xx_HAL_Driver/stm32l4xx_hal_rcc.o
    0x08001d4a   0x00000008   Code   RO         6598    .text.OUTLINED_FUNCTION_44  BUILD/NUCLEO_L476RG/ARMC6/mbed-os/targets/TARGET_STM/TARGET_STM32L4/STM32Cube_FW/STM32L4xx_HAL_Driver/stm32l4xx_hal_tim.o
    0x08001d52   0x00000008   Code   RO         6600    .text.OUTLINED_FUNCTION_45  BUILD/NUCLEO_L476RG/ARMC6/mbed-os/targets/TARGET_STM/TARGET_STM32L4/STM32Cube_FW/STM32L4xx_HAL_Driver/stm32l4xx_hal_tim.o
    0x08001d5a   0x00000008   Code   RO         6602    .text.OUTLINED_FUNCTION_46  BUILD/NUCLEO_L476RG/ARMC6/mbed-os/targets/TARGET_STM/TARGET_STM32L4/STM32Cube_FW/STM32L4xx_HAL_Driver/stm32l4xx_hal_tim.o
    0x08001d62   0x00000008   Code   RO         6604    .text.OUTLINED_FUNCTION_47  BUILD/NUCLEO_L476RG/ARMC6/mbed-os/targets/TARGET_STM/TARGET_STM32L4/STM32Cube_FW/STM32L4xx_HAL_Driver/stm32l4xx_hal_tim.o
    0x08001d6a   0x0000000e   Code   RO          792    .text.OUTLINED_FUNCTION_5  BUILD/NUCLEO_L476RG/ARMC6/mbed-os/drivers/source/SerialBase.o
    0x08001d78   0x00000010   Code   RO         1553    .text.OUTLINED_FUNCTION_5  BUILD/NUCLEO_L476RG/ARMC6/mbed-os/platform/source/SysTimer.o
    0x08001d88   0x0000000a   Code   RO         4487    .text.OUTLINED_FUNCTION_5  BUILD/NUCLEO_L476RG/ARMC6/mbed-os/targets/TARGET_STM/TARGET_STM32L4/STM32Cube_FW/STM32L4xx_HAL_Driver/stm32l4xx_hal_lptim.o
    0x08001d92   0x0000000e   Code   RO         5191    .text.OUTLINED_FUNCTION_5  BUILD/NUCLEO_L476RG/ARMC6/mbed-os/targets/TARGET_STM/TARGET_STM32L4/STM32Cube_FW/STM32L4xx_HAL_Driver/stm32l4xx_hal_rcc.o
    0x08001da0   0x0000000c   Code   RO         7024    .text.OUTLINED_FUNCTION_5  BUILD/NUCLEO_L476RG/ARMC6/mbed-os/targets/TARGET_STM/TARGET_STM32L4/STM32Cube_FW/STM32L4xx_HAL_Driver/stm32l4xx_hal_uart.o
    0x08001dac   0x00000008   Code   RO         6612    .text.OUTLINED_FUNCTION_51  BUILD/NUCLEO_L476RG/ARMC6/mbed-os/targets/TARGET_STM/TARGET_STM32L4/STM32Cube_FW/STM32L4xx_HAL_Driver/stm32l4xx_hal_tim.o
    0x08001db4   0x00000008   Code   RO         6616    .text.OUTLINED_FUNCTION_53  BUILD/NUCLEO_L476RG/ARMC6/mbed-os/targets/TARGET_STM/TARGET_STM32L4/STM32Cube_FW/STM32L4xx_HAL_Driver/stm32l4xx_hal_tim.o
    0x08001dbc   0x0000000a   Code   RO         6624    .text.OUTLINED_FUNCTION_57  BUILD/NUCLEO_L476RG/ARMC6/mbed-os/targets/TARGET_STM/TARGET_STM32L4/STM32Cube_FW/STM32L4xx_HAL_Driver/stm32l4xx_hal_tim.o
    0x08001dc6   0x0000000a   Code   RO         5249    .text.OUTLINED_FUNCTION_6  BUILD/NUCLEO_L476RG/ARMC6/mbed-os/targets/TARGET_STM/TARGET_STM32L4/STM32Cube_FW/STM32L4xx_HAL_Driver/stm32l4xx_hal_rcc_ex.o
    0x08001dd0   0x0000000a   Code   RO         6632    .text.OUTLINED_FUNCTION_61  BUILD/NUCLEO_L476RG/ARMC6/mbed-os/targets/TARGET_STM/TARGET_STM32L4/STM32Cube_FW/STM32L4xx_HAL_Driver/stm32l4xx_hal_tim.o
    0x08001dda   0x00000010   Code   RO         6636    .text.OUTLINED_FUNCTION_63  BUILD/NUCLEO_L476RG/ARMC6/mbed-os/targets/TARGET_STM/TARGET_STM32L4/STM32Cube_FW/STM32L4xx_HAL_Driver/stm32l4xx_hal_tim.o
    0x08001dea   0x00000008   Code   RO         6642    .text.OUTLINED_FUNCTION_66  BUILD/NUCLEO_L476RG/ARMC6/mbed-os/targets/TARGET_STM/TARGET_STM32L4/STM32Cube_FW/STM32L4xx_HAL_Driver/stm32l4xx_hal_tim.o
    0x08001df2   0x00000008   Code   RO          796    .text.OUTLINED_FUNCTION_7  BUILD/NUCLEO_L476RG/ARMC6/mbed-os/drivers/source/SerialBase.o
    0x08001dfa   0x00000012   Code   RO         1557    .text.OUTLINED_FUNCTION_7  BUILD/NUCLEO_L476RG/ARMC6/mbed-os/platform/source/SysTimer.o
    0x08001e0c   0x0000000a   Code   RO         5251    .text.OUTLINED_FUNCTION_7  BUILD/NUCLEO_L476RG/ARMC6/mbed-os/targets/TARGET_STM/TARGET_STM32L4/STM32Cube_FW/STM32L4xx_HAL_Driver/stm32l4xx_hal_rcc_ex.o
    0x08001e16   0x0000000e   Code   RO         6662    .text.OUTLINED_FUNCTION_76  BUILD/NUCLEO_L476RG/ARMC6/mbed-os/targets/TARGET_STM/TARGET_STM32L4/STM32Cube_FW/STM32L4xx_HAL_Driver/stm32l4xx_hal_tim.o
    0x08001e24   0x0000000a   Code   RO         6680    .text.OUTLINED_FUNCTION_85  BUILD/NUCLEO_L476RG/ARMC6/mbed-os/targets/TARGET_STM/TARGET_STM32L4/STM32Cube_FW/STM32L4xx_HAL_Driver/stm32l4xx_hal_tim.o
    0x08001e2e   0x0000000a   Code   RO          800    .text.OUTLINED_FUNCTION_9  BUILD/NUCLEO_L476RG/ARMC6/mbed-os/drivers/source/SerialBase.o
    0x08001e38   0x0000000e   Code   RO         1561    .text.OUTLINED_FUNCTION_9  BUILD/NUCLEO_L476RG/ARMC6/mbed-os/platform/source/SysTimer.o
    0x08001e46   0x00000006   Code   RO         5255    .text.OUTLINED_FUNCTION_9  BUILD/NUCLEO_L476RG/ARMC6/mbed-os/targets/TARGET_STM/TARGET_STM32L4/STM32Cube_FW/STM32L4xx_HAL_Driver/stm32l4xx_hal_rcc_ex.o
    0x08001e4c   0x0000000e   Code   RO         6528    .text.OUTLINED_FUNCTION_9  BUILD/NUCLEO_L476RG/ARMC6/mbed-os/targets/TARGET_STM/TARGET_STM32L4/STM32Cube_FW/STM32L4xx_HAL_Driver/stm32l4xx_hal_tim.o
    0x08001e5a   0x00000002   PAD
    0x08001e5c   0x000000ec   Code   RO         5197    .text.RCCEx_PLLSAI1_Config  BUILD/NUCLEO_L476RG/ARMC6/mbed-os/targets/TARGET_STM/TARGET_STM32L4/STM32Cube_FW/STM32L4xx_HAL_Driver/stm32l4xx_hal_rcc_ex.o
    0x08001f48   0x000000d4   Code   RO         5199    .text.RCCEx_PLLSAI2_Config  BUILD/NUCLEO_L476RG/ARMC6/mbed-os/targets/TARGET_STM/TARGET_STM32L4/STM32Cube_FW/STM32L4xx_HAL_Driver/stm32l4xx_hal_rcc_ex.o
    0x0800201c   0x00000084   Code   RO         5157    .text.RCC_SetFlashLatencyFromMSIRange  BUILD/NUCLEO_L476RG/ARMC6/mbed-os/targets/TARGET_STM/TARGET_STM32L4/STM32Cube_FW/STM32L4xx_HAL_Driver/stm32l4xx_hal_rcc.o
    0x080020a0   0x00000024   Code   RO         7816    .text.SetSysClock   BUILD/NUCLEO_L476RG/ARMC6/mbed-os/targets/TARGET_STM/TARGET_STM32L4/TARGET_STM32L476xG/system_clock.o
    0x080020c4   0x0000007c   Code   RO         7818    .text.SetSysClock_PLL_MSI  BUILD/NUCLEO_L476RG/ARMC6/mbed-os/targets/TARGET_STM/TARGET_STM32L4/TARGET_STM32L476xG/system_clock.o
    0x08002140   0x00000138   Code   RO         8004    .text.Set_GPIO_Clock  BUILD/NUCLEO_L476RG/ARMC6/mbed-os/targets/TARGET_STM/gpio_api.o
    0x08002278   0x00000098   Code   RO         7781    .text.SystemCoreClockUpdate  BUILD/NUCLEO_L476RG/ARMC6/mbed-os/targets/TARGET_STM/TARGET_STM32L4/STM32Cube_FW/system_stm32l4xx.o
    0x08002310   0x0000004c   Code   RO         7779    .text.SystemInit    BUILD/NUCLEO_L476RG/ARMC6/mbed-os/targets/TARGET_STM/TARGET_STM32L4/STM32Cube_FW/system_stm32l4xx.o
    0x0800235c   0x000000c4   Code   RO         6278    .text.TIM_Base_SetConfig  BUILD/NUCLEO_L476RG/ARMC6/mbed-os/targets/TARGET_STM/TARGET_STM32L4/STM32Cube_FW/STM32L4xx_HAL_Driver/stm32l4xx_hal_tim.o
    0x08002420   0x0000001e   Code   RO         6312    .text.TIM_CCxChannelCmd  BUILD/NUCLEO_L476RG/ARMC6/mbed-os/targets/TARGET_STM/TARGET_STM32L4/STM32Cube_FW/STM32L4xx_HAL_Driver/stm32l4xx_hal_tim.o
    0x0800243e   0x0000001e   Code   RO         6706    .text.TIM_CCxNChannelCmd  BUILD/NUCLEO_L476RG/ARMC6/mbed-os/targets/TARGET_STM/TARGET_STM32L4/STM32Cube_FW/STM32L4xx_HAL_Driver/stm32l4xx_hal_tim_ex.o
    0x0800245c   0x00000044   Code   RO         8230    .text.TIM_ChannelConvert_HAL2LL  BUILD/NUCLEO_L476RG/ARMC6/mbed-os/targets/TARGET_STM/pwmout_api.o
    0x080024a0   0x00000080   Code   RO         6422    .text.TIM_OC1_SetConfig  BUILD/NUCLEO_L476RG/ARMC6/mbed-os/targets/TARGET_STM/TARGET_STM32L4/STM32Cube_FW/STM32L4xx_HAL_Driver/stm32l4xx_hal_tim.o
    0x08002520   0x00000070   Code   RO         6424    .text.TIM_OC2_SetConfig  BUILD/NUCLEO_L476RG/ARMC6/mbed-os/targets/TARGET_STM/TARGET_STM32L4/STM32Cube_FW/STM32L4xx_HAL_Driver/stm32l4xx_hal_tim.o
    0x08002590   0x00000080   Code   RO         6426    .text.TIM_OC3_SetConfig  BUILD/NUCLEO_L476RG/ARMC6/mbed-os/targets/TARGET_STM/TARGET_STM32L4/STM32Cube_FW/STM32L4xx_HAL_Driver/stm32l4xx_hal_tim.o
    0x08002610   0x00000058   Code   RO         6428    .text.TIM_OC4_SetConfig  BUILD/NUCLEO_L476RG/ARMC6/mbed-os/targets/TARGET_STM/TARGET_STM32L4/STM32Cube_FW/STM32L4xx_HAL_Driver/stm32l4xx_hal_tim.o
    0x08002668   0x00000044   Code   RO         6430    .text.TIM_OC5_SetConfig  BUILD/NUCLEO_L476RG/ARMC6/mbed-os/targets/TARGET_STM/TARGET_STM32L4/STM32Cube_FW/STM32L4xx_HAL_Driver/stm32l4xx_hal_tim.o
    0x080026ac   0x0000004c   Code   RO         6432    .text.TIM_OC6_SetConfig  BUILD/NUCLEO_L476RG/ARMC6/mbed-os/targets/TARGET_STM/TARGET_STM32L4/STM32Cube_FW/STM32L4xx_HAL_Driver/stm32l4xx_hal_tim.o
    0x080026f8   0x000000a8   Code   RO         6892    .text.UART_AdvFeatureConfig  BUILD/NUCLEO_L476RG/ARMC6/mbed-os/targets/TARGET_STM/TARGET_STM32L4/STM32Cube_FW/STM32L4xx_HAL_Driver/stm32l4xx_hal_uart.o
    0x080027a0   0x00000050   Code   RO         6894    .text.UART_CheckIdleState  BUILD/NUCLEO_L476RG/ARMC6/mbed-os/targets/TARGET_STM/TARGET_STM32L4/STM32Cube_FW/STM32L4xx_HAL_Driver/stm32l4xx_hal_uart.o
    0x080027f0   0x000001d4   Code   RO         6890    .text.UART_SetConfig  BUILD/NUCLEO_L476RG/ARMC6/mbed-os/targets/TARGET_STM/TARGET_STM32L4/STM32Cube_FW/STM32L4xx_HAL_Driver/stm32l4xx_hal_uart.o
    0x080029c4   0x0000007c   Code   RO         6908    .text.UART_WaitOnFlagUntilTimeout  BUILD/NUCLEO_L476RG/ARMC6/mbed-os/targets/TARGET_STM/TARGET_STM32L4/STM32Cube_FW/STM32L4xx_HAL_Driver/stm32l4xx_hal_uart.o
    0x08002a40   0x00000070   Code   RO           21    .text._GLOBAL__sub_I_main.cpp  BUILD/NUCLEO_L476RG/ARMC6/main.o
    0x08002ab0   0x00000030   Code   RO         2168    .text._ZL14do_serial_initv  BUILD/NUCLEO_L476RG/ARMC6/mbed-os/platform/source/mbed_retarget.o
    0x08002ae0   0x00000010   Code   RO         2074    .text._ZL19do_serial_init_oncev  BUILD/NUCLEO_L476RG/ARMC6/mbed-os/platform/source/mbed_retarget.o
    0x08002af0   0x00000010   Code   RO         1374    .text._ZN10CThunkBase11cthunk_freeEPFvvE  BUILD/NUCLEO_L476RG/ARMC6/mbed-os/platform/source/CThunkBase.o
    0x08002b00   0x00000008   Code   RO           11    .text._ZN17StepMotor_TMC210010goBackwardEf  BUILD/NUCLEO_L476RG/ARMC6/libs/StepMotor_TMC2100.o
    0x08002b08   0x00000058   Code   RO            7    .text._ZN17StepMotor_TMC210016updateMotorStateEv  BUILD/NUCLEO_L476RG/ARMC6/libs/StepMotor_TMC2100.o
    0x08002b60   0x00000008   Code   RO           13    .text._ZN17StepMotor_TMC21004stopEv  BUILD/NUCLEO_L476RG/ARMC6/libs/StepMotor_TMC2100.o
    0x08002b68   0x00000008   Code   RO            9    .text._ZN17StepMotor_TMC21009goForwardEf  BUILD/NUCLEO_L476RG/ARMC6/libs/StepMotor_TMC2100.o
    0x08002b70   0x00000064   Code   RO            5    .text._ZN17StepMotor_TMC2100C2EPN4mbed10DigitalOutES2_PNS0_6PwmOutEb  BUILD/NUCLEO_L476RG/ARMC6/libs/StepMotor_TMC2100.o
    0x08002bd4   0x00000018   Code   RO           31    .text._ZN4mbed10DigitalOutC2E7PinName  BUILD/NUCLEO_L476RG/ARMC6/main.o
    0x08002bec   0x00000010   Code   RO          992    .text._ZN4mbed10FileHandle12set_blockingEb  BUILD/NUCLEO_L476RG/ARMC6/mbed-os/drivers/source/UnbufferedSerial.o
    0x08002bfc   0x00000004   Code   RO          986    .text._ZN4mbed10FileHandle4syncEv  BUILD/NUCLEO_L476RG/ARMC6/mbed-os/drivers/source/UnbufferedSerial.o
    0x08002c00   0x0000000a   Code   RO          173    .text._ZN4mbed10FileHandle4tellEv  BUILD/NUCLEO_L476RG/ARMC6/mbed-os/drivers/source/BufferedSerial.o
    0x08002c0a   0x00000002   Code   RO          996    .text._ZN4mbed10FileHandle5sigioENS_8CallbackIFvvEEE  BUILD/NUCLEO_L476RG/ARMC6/mbed-os/drivers/source/UnbufferedSerial.o
    0x08002c0c   0x0000000a   Code   RO          175    .text._ZN4mbed10FileHandle6rewindEv  BUILD/NUCLEO_L476RG/ARMC6/mbed-os/drivers/source/BufferedSerial.o
    0x08002c16   0x00000006   Code   RO          177    .text._ZN4mbed10FileHandle8truncateEl  BUILD/NUCLEO_L476RG/ARMC6/mbed-os/drivers/source/BufferedSerial.o
    0x08002c1c   0x00000006   Code   RO          732    .text._ZN4mbed10SerialBase10_base_getcEv  BUILD/NUCLEO_L476RG/ARMC6/mbed-os/drivers/source/SerialBase.o
    0x08002c22   0x0000000e   Code   RO          734    .text._ZN4mbed10SerialBase10_base_putcEi  BUILD/NUCLEO_L476RG/ARMC6/mbed-os/drivers/source/SerialBase.o
    0x08002c30   0x00000010   Code   RO          730    .text._ZN4mbed10SerialBase12_irq_handlerEj9SerialIrq  BUILD/NUCLEO_L476RG/ARMC6/mbed-os/drivers/source/SerialBase.o
    0x08002c40   0x00000088   Code   RO          738    .text._ZN4mbed10SerialBase12enable_inputEb  BUILD/NUCLEO_L476RG/ARMC6/mbed-os/drivers/source/SerialBase.o
    0x08002cc8   0x00000088   Code   RO          740    .text._ZN4mbed10SerialBase13enable_outputEb  BUILD/NUCLEO_L476RG/ARMC6/mbed-os/drivers/source/SerialBase.o
    0x08002d50   0x00000002   Code   RO          748    .text._ZN4mbed10SerialBase4lockEv  BUILD/NUCLEO_L476RG/ARMC6/mbed-os/drivers/source/SerialBase.o
    0x08002d52   0x00000002   PAD
    0x08002d54   0x00000054   Code   RO          714    .text._ZN4mbed10SerialBase5_initEv  BUILD/NUCLEO_L476RG/ARMC6/mbed-os/drivers/source/SerialBase.o
    0x08002da8   0x00000092   Code   RO          728    .text._ZN4mbed10SerialBase6attachENS_8CallbackIFvvEEENS0_7IrqTypeE  BUILD/NUCLEO_L476RG/ARMC6/mbed-os/drivers/source/SerialBase.o
    0x08002e3a   0x00000002   Code   RO          750    .text._ZN4mbed10SerialBase6unlockEv  BUILD/NUCLEO_L476RG/ARMC6/mbed-os/drivers/source/SerialBase.o
    0x08002e3c   0x00000016   Code   RO          724    .text._ZN4mbed10SerialBase8readableEv  BUILD/NUCLEO_L476RG/ARMC6/mbed-os/drivers/source/SerialBase.o
    0x08002e52   0x00000016   Code   RO          726    .text._ZN4mbed10SerialBase9writeableEv  BUILD/NUCLEO_L476RG/ARMC6/mbed-os/drivers/source/SerialBase.o
    0x08002e68   0x000000a0   Code   RO          712    .text._ZN4mbed10SerialBaseC2E7PinNameS1_i  BUILD/NUCLEO_L476RG/ARMC6/mbed-os/drivers/source/SerialBase.o
    0x08002f08   0x0000000e   Code   RO          754    .text._ZN4mbed10SerialBaseD0Ev  BUILD/NUCLEO_L476RG/ARMC6/mbed-os/drivers/source/SerialBase.o
    0x08002f16   0x00000002   PAD
    0x08002f18   0x00000044   Code   RO          752    .text._ZN4mbed10SerialBaseD2Ev  BUILD/NUCLEO_L476RG/ARMC6/mbed-os/drivers/source/SerialBase.o
    0x08002f5c   0x00000014   Code   RO          923    .text._ZN4mbed10TimerEvent15insert_absoluteENSt3__26chrono10time_pointINS_15TickerDataClockENS2_8durationIxNS1_5ratioILx1ELx1000000EEEEEEE  BUILD/NUCLEO_L476RG/ARMC6/mbed-os/drivers/source/TimerEvent.o
    0x08002f70   0x00000006   Code   RO          913    .text._ZN4mbed10TimerEvent3irqEj  BUILD/NUCLEO_L476RG/ARMC6/mbed-os/drivers/source/TimerEvent.o
    0x08002f76   0x0000000e   Code   RO          917    .text._ZN4mbed10TimerEvent6removeEv  BUILD/NUCLEO_L476RG/ARMC6/mbed-os/drivers/source/TimerEvent.o
    0x08002f84   0x0000002c   Code   RO          911    .text._ZN4mbed10TimerEventC2EPK13ticker_data_t  BUILD/NUCLEO_L476RG/ARMC6/mbed-os/drivers/source/TimerEvent.o
    0x08002fb0   0x00000006   Code   RO          928    .text._ZN4mbed15TickerDataClock11set_handlerEPFvjE  BUILD/NUCLEO_L476RG/ARMC6/mbed-os/drivers/source/TimerEvent.o
    0x08002fb6   0x00000006   Code   RO          930    .text._ZN4mbed15TickerDataClock12insert_eventEP14ticker_event_sNSt3__26chrono10time_pointIS0_NS4_8durationIxNS3_5ratioILx1ELx1000000EEEEEEEj  BUILD/NUCLEO_L476RG/ARMC6/mbed-os/drivers/source/TimerEvent.o
    0x08002fbc   0x00000006   Code   RO          932    .text._ZN4mbed15TickerDataClock12remove_eventEP14ticker_event_s  BUILD/NUCLEO_L476RG/ARMC6/mbed-os/drivers/source/TimerEvent.o
    0x08002fc2   0x0000000a   Code   RO          952    .text._ZN4mbed16UnbufferedSerial12enable_inputEb  BUILD/NUCLEO_L476RG/ARMC6/mbed-os/drivers/source/UnbufferedSerial.o
    0x08002fcc   0x0000000a   Code   RO          956    .text._ZN4mbed16UnbufferedSerial13enable_outputEb  BUILD/NUCLEO_L476RG/ARMC6/mbed-os/drivers/source/UnbufferedSerial.o
    0x08002fd6   0x00000028   Code   RO          944    .text._ZN4mbed16UnbufferedSerial4readEPvj  BUILD/NUCLEO_L476RG/ARMC6/mbed-os/drivers/source/UnbufferedSerial.o
    0x08002ffe   0x00000002   PAD
    0x08003000   0x00000008   Code   RO          970    .text._ZN4mbed16UnbufferedSerial4seekEli  BUILD/NUCLEO_L476RG/ARMC6/mbed-os/drivers/source/UnbufferedSerial.o
    0x08003008   0x00000006   Code   RO          972    .text._ZN4mbed16UnbufferedSerial4sizeEv  BUILD/NUCLEO_L476RG/ARMC6/mbed-os/drivers/source/UnbufferedSerial.o
    0x0800300e   0x00000004   Code   RO          976    .text._ZN4mbed16UnbufferedSerial5closeEv  BUILD/NUCLEO_L476RG/ARMC6/mbed-os/drivers/source/UnbufferedSerial.o
    0x08003012   0x00000042   Code   RO          940    .text._ZN4mbed16UnbufferedSerial5writeEPKvj  BUILD/NUCLEO_L476RG/ARMC6/mbed-os/drivers/source/UnbufferedSerial.o
    0x08003054   0x00000004   Code   RO          974    .text._ZN4mbed16UnbufferedSerial6isattyEv  BUILD/NUCLEO_L476RG/ARMC6/mbed-os/drivers/source/UnbufferedSerial.o
    0x08003058   0x00000010   Code   RO          936    .text._ZN4mbed16UnbufferedSerialC2E7PinNameS1_i  BUILD/NUCLEO_L476RG/ARMC6/mbed-os/drivers/source/UnbufferedSerial.o
    0x08003068   0x0000000e   Code   RO          968    .text._ZN4mbed16UnbufferedSerialD0Ev  BUILD/NUCLEO_L476RG/ARMC6/mbed-os/drivers/source/UnbufferedSerial.o
    0x08003076   0x00000004   Code   RO          966    .text._ZN4mbed16UnbufferedSerialD2Ev  BUILD/NUCLEO_L476RG/ARMC6/mbed-os/drivers/source/UnbufferedSerial.o
    0x0800307a   0x0000000c   Code   RO         1396    .text._ZN4mbed19CriticalSectionLockC2Ev  BUILD/NUCLEO_L476RG/ARMC6/mbed-os/platform/source/CriticalSectionLock.o
    0x08003086   0x0000000c   Code   RO         1398    .text._ZN4mbed19CriticalSectionLockD2Ev  BUILD/NUCLEO_L476RG/ARMC6/mbed-os/platform/source/CriticalSectionLock.o
    0x08003092   0x00000002   PAD
    0x08003094   0x00000018   Code   RO         2072    .text._ZN4mbed20minimal_console_putcEi  BUILD/NUCLEO_L476RG/ARMC6/mbed-os/platform/source/mbed_retarget.o
    0x080030ac   0x00000026   Code   RO          513    .text._ZN4mbed4impl7MbedCRCILj79764919ELh32ELNS_7CrcModeE2EE20compute_partial_stopEPj  BUILD/NUCLEO_L476RG/ARMC6/mbed-os/drivers/source/MbedCRC.o
    0x080030d2   0x00000020   Code   RO          511    .text._ZN4mbed4impl7MbedCRCILj79764919ELh32ELNS_7CrcModeE2EE7computeEPKvjPj  BUILD/NUCLEO_L476RG/ARMC6/mbed-os/drivers/source/MbedCRC.o
    0x080030f2   0x00000014   Code   RO          575    .text._ZN4mbed6PwmOut15lock_deep_sleepEv  BUILD/NUCLEO_L476RG/ARMC6/mbed-os/drivers/source/PwmOut.o
    0x08003106   0x00000012   Code   RO          577    .text._ZN4mbed6PwmOut17unlock_deep_sleepEv  BUILD/NUCLEO_L476RG/ARMC6/mbed-os/drivers/source/PwmOut.o
    0x08003118   0x00000026   Code   RO          541    .text._ZN4mbed6PwmOut4initEv  BUILD/NUCLEO_L476RG/ARMC6/mbed-os/drivers/source/PwmOut.o
    0x0800313e   0x00000024   Code   RO          549    .text._ZN4mbed6PwmOut5writeEf  BUILD/NUCLEO_L476RG/ARMC6/mbed-os/drivers/source/PwmOut.o
    0x08003162   0x00000022   Code   RO          547    .text._ZN4mbed6PwmOut6deinitEv  BUILD/NUCLEO_L476RG/ARMC6/mbed-os/drivers/source/PwmOut.o
    0x08003184   0x00000024   Code   RO          553    .text._ZN4mbed6PwmOut6periodEf  BUILD/NUCLEO_L476RG/ARMC6/mbed-os/drivers/source/PwmOut.o
    0x080031a8   0x0000001c   Code   RO          539    .text._ZN4mbed6PwmOutC2E7PinName  BUILD/NUCLEO_L476RG/ARMC6/mbed-os/drivers/source/PwmOut.o
    0x080031c4   0x0000000c   Code   RO          545    .text._ZN4mbed6PwmOutD2Ev  BUILD/NUCLEO_L476RG/ARMC6/mbed-os/drivers/source/PwmOut.o
    0x080031d0   0x0000001c   Code   RO         1992    .text._ZN4mbed8internal13init_os_timerEv  BUILD/NUCLEO_L476RG/ARMC6/mbed-os/platform/source/mbed_os_timer.o
    0x080031ec   0x00000054   Code   RO         2002    .text._ZN4mbed8internal18do_sleep_operationINS0_18timed_predicate_opEEEvRT_  BUILD/NUCLEO_L476RG/ARMC6/mbed-os/platform/source/mbed_os_timer.o
    0x08003240   0x00000016   Code   RO         2014    .text._ZN4mbed8internal18timed_predicate_op13sleep_prepareEv  BUILD/NUCLEO_L476RG/ARMC6/mbed-os/platform/source/mbed_os_timer.o
    0x08003256   0x00000002   PAD
    0x08003258   0x00000010   Code   RO         2004    .text._ZN4mbed8internal18timed_predicate_opD2Ev  BUILD/NUCLEO_L476RG/ARMC6/mbed-os/platform/source/mbed_os_timer.o
    0x08003268   0x00000052   Code   RO         1998    .text._ZN4mbed8internal34do_timed_sleep_relative_or_foreverENSt3__26chrono8durationIjNS1_5ratioILx1ELx1000EEEEEPFbPvES7_  BUILD/NUCLEO_L476RG/ARMC6/mbed-os/platform/source/mbed_os_timer.o
    0x080032ba   0x00000002   PAD
    0x080032bc   0x0000000c   Code   RO         2016    .text._ZN4mbed8internal7OsClock13set_wake_timeENSt3__26chrono10time_pointIS1_NS3_8durationIxNS2_5ratioILx1ELx1000EEEEEEE  BUILD/NUCLEO_L476RG/ARMC6/mbed-os/platform/source/mbed_os_timer.o
    0x080032c8   0x0000001a   Code   RO         2010    .text._ZN4mbed8internal7OsClock3nowEv  BUILD/NUCLEO_L476RG/ARMC6/mbed-os/platform/source/mbed_os_timer.o
    0x080032e2   0x0000001a   Code   RO         1604    .text._ZN4mbed8internal8SysTimerINSt3__25ratioILx1ELx1000EEELb1EE11cancel_wakeEv  BUILD/NUCLEO_L476RG/ARMC6/mbed-os/platform/source/SysTimer.o
    0x080032fc   0x00000076   Code   RO         1608    .text._ZN4mbed8internal8SysTimerINSt3__25ratioILx1ELx1000EEELb1EE13set_wake_timeENS2_6chrono10time_pointIS5_NS6_8durationIyS4_EEEE  BUILD/NUCLEO_L476RG/ARMC6/mbed-os/platform/source/SysTimer.o
    0x08003372   0x00000004   Code   RO         1622    .text._ZN4mbed8internal8SysTimerINSt3__25ratioILx1ELx1000EEELb1EE14_schedule_tickEv  BUILD/NUCLEO_L476RG/ARMC6/mbed-os/platform/source/SysTimer.o
    0x08003376   0x00000012   Code   RO         1610    .text._ZN4mbed8internal8SysTimerINSt3__25ratioILx1ELx1000EEELb1EE19update_and_get_tickEv  BUILD/NUCLEO_L476RG/ARMC6/mbed-os/platform/source/SysTimer.o
    0x08003388   0x00000038   Code   RO         1640    .text._ZN4mbed8internal8SysTimerINSt3__25ratioILx1ELx1000EEELb1EE7handlerEv  BUILD/NUCLEO_L476RG/ARMC6/mbed-os/platform/source/SysTimer.o
    0x080033c0   0x0000001c   Code   RO         1596    .text._ZN4mbed8internal8SysTimerINSt3__25ratioILx1ELx1000EEELb1EEC2EPK13ticker_data_t  BUILD/NUCLEO_L476RG/ARMC6/mbed-os/platform/source/SysTimer.o
    0x080033dc   0x00000022   Code   RO         2205    .text._ZN4mstd9call_onceIRFvvEJEEEvRNS_9once_flagEOT_DpOT0_  BUILD/NUCLEO_L476RG/ARMC6/mbed-os/platform/source/mbed_retarget.o
    0x080033fe   0x00000028   Code   RO          814    .text._ZN6CThunkIN4mbed10SerialBaseEE10trampolineEP10CThunkBase  BUILD/NUCLEO_L476RG/ARMC6/mbed-os/drivers/source/SerialBase.o
    0x08003426   0x00000014   Code   RO          810    .text._ZN6CThunkIN4mbed10SerialBaseEED2Ev  BUILD/NUCLEO_L476RG/ARMC6/mbed-os/drivers/source/SerialBase.o
    0x0800343a   0x00000004   Code   RO          994    .text._ZNK4mbed10FileHandle11is_blockingEv  BUILD/NUCLEO_L476RG/ARMC6/mbed-os/drivers/source/UnbufferedSerial.o
    0x0800343e   0x00000010   Code   RO         1598    .text._ZNK4mbed15TickerDataClock3nowEv  BUILD/NUCLEO_L476RG/ARMC6/mbed-os/platform/source/SysTimer.o
    0x0800344e   0x00000030   Code   RO          948    .text._ZNK4mbed16UnbufferedSerial4pollEs  BUILD/NUCLEO_L476RG/ARMC6/mbed-os/drivers/source/UnbufferedSerial.o
    0x0800347e   0x00000002   PAD
    0x08003480   0x00000058   Code   RO          515    .text._ZNK4mbed4impl7MbedCRCILj79764919ELh32ELNS_7CrcModeE2EE18do_compute_partialILS2_2EEENSt3__29enable_ifIXeqT_LS2_2EEiE4typeEPKhjPj  BUILD/NUCLEO_L476RG/ARMC6/mbed-os/drivers/source/MbedCRC.o
    0x080034d8   0x00000024   Code   RO         2012    .text._ZNK4mbed8internal18timed_predicate_op14wake_conditionEv  BUILD/NUCLEO_L476RG/ARMC6/mbed-os/platform/source/mbed_os_timer.o
    0x080034fc   0x0000003a   Code   RO         1634    .text._ZNK4mbed8internal8SysTimerINSt3__25ratioILx1ELx1000EEELb1EE14_elapsed_ticksEv  BUILD/NUCLEO_L476RG/ARMC6/mbed-os/platform/source/SysTimer.o
    0x08003536   0x0000000c   Code   RO          954    .text._ZThn228_N4mbed16UnbufferedSerial12enable_inputEb  BUILD/NUCLEO_L476RG/ARMC6/mbed-os/drivers/source/UnbufferedSerial.o
    0x08003542   0x0000000c   Code   RO          958    .text._ZThn228_N4mbed16UnbufferedSerial13enable_outputEb  BUILD/NUCLEO_L476RG/ARMC6/mbed-os/drivers/source/UnbufferedSerial.o
    0x0800354e   0x00000006   Code   RO          946    .text._ZThn228_N4mbed16UnbufferedSerial4readEPvj  BUILD/NUCLEO_L476RG/ARMC6/mbed-os/drivers/source/UnbufferedSerial.o
    0x08003554   0x00000008   Code   RO          982    .text._ZThn228_N4mbed16UnbufferedSerial4seekEli  BUILD/NUCLEO_L476RG/ARMC6/mbed-os/drivers/source/UnbufferedSerial.o
    0x0800355c   0x00000006   Code   RO          990    .text._ZThn228_N4mbed16UnbufferedSerial4sizeEv  BUILD/NUCLEO_L476RG/ARMC6/mbed-os/drivers/source/UnbufferedSerial.o
    0x08003562   0x00000004   Code   RO          984    .text._ZThn228_N4mbed16UnbufferedSerial5closeEv  BUILD/NUCLEO_L476RG/ARMC6/mbed-os/drivers/source/UnbufferedSerial.o
    0x08003566   0x00000006   Code   RO          942    .text._ZThn228_N4mbed16UnbufferedSerial5writeEPKvj  BUILD/NUCLEO_L476RG/ARMC6/mbed-os/drivers/source/UnbufferedSerial.o
    0x0800356c   0x00000004   Code   RO          988    .text._ZThn228_N4mbed16UnbufferedSerial6isattyEv  BUILD/NUCLEO_L476RG/ARMC6/mbed-os/drivers/source/UnbufferedSerial.o
    0x08003570   0x00000006   Code   RO          980    .text._ZThn228_N4mbed16UnbufferedSerialD0Ev  BUILD/NUCLEO_L476RG/ARMC6/mbed-os/drivers/source/UnbufferedSerial.o
    0x08003576   0x00000006   Code   RO          978    .text._ZThn228_N4mbed16UnbufferedSerialD1Ev  BUILD/NUCLEO_L476RG/ARMC6/mbed-os/drivers/source/UnbufferedSerial.o
    0x0800357c   0x00000006   Code   RO          950    .text._ZThn228_NK4mbed16UnbufferedSerial4pollEs  BUILD/NUCLEO_L476RG/ARMC6/mbed-os/drivers/source/UnbufferedSerial.o
    0x08003582   0x00000004   Code   RO         2152    .text._ZdlPv        BUILD/NUCLEO_L476RG/ARMC6/mbed-os/platform/source/mbed_retarget.o
    0x08003586   0x00000002   PAD
    0x08003588   0x00000024   Code   RO         1931    .text.__NVIC_SystemReset  BUILD/NUCLEO_L476RG/ARMC6/mbed-os/platform/source/mbed_error.o
    0x080035ac   0x00000022   Code   RO         2138    .text.__cxa_guard_acquire  BUILD/NUCLEO_L476RG/ARMC6/mbed-os/platform/source/mbed_retarget.o
    0x080035ce   0x00000002   PAD
    0x080035d0   0x00000028   Code   RO         8501    .text.__cxa_pure_virtual  c:\ProgramData\Mbed Studio\mbed-studio-tools\ac6\bin\..\lib\libcxx\libcppabi_w.l(cxa_virtual.cpp.o)
    0x080035f8   0x00000004   Code   RO         2098    .text.__user_setup_stackheap  BUILD/NUCLEO_L476RG/ARMC6/mbed-os/platform/source/mbed_retarget.o
    0x080035fc   0x00000036   Code   RO         1114    .text._gpio_init_out  BUILD/NUCLEO_L476RG/ARMC6/mbed-os/hal/source/mbed_gpio.o
    0x08003632   0x00000002   PAD
    0x08003634   0x0000002c   Code   RO         2096    .text._mbed_user_setup_stackheap  BUILD/NUCLEO_L476RG/ARMC6/mbed-os/platform/source/mbed_retarget.o
    0x08003660   0x00000024   Code   RO         2064    .text._sys_open     BUILD/NUCLEO_L476RG/ARMC6/mbed-os/platform/source/mbed_retarget.o
    0x08003684   0x000000b4   Code   RO         2068    .text._sys_write    BUILD/NUCLEO_L476RG/ARMC6/mbed-os/platform/source/mbed_retarget.o
    0x08003738   0x00000014   Code   RO         2269    .text._wait_us_ticks  BUILD/NUCLEO_L476RG/ARMC6/mbed-os/platform/source/mbed_wait_api_no_rtos.o
    0x0800374c   0x00000004   Code   RO         8636    .text.abort_message  c:\ProgramData\Mbed Studio\mbed-studio-tools\ac6\bin\..\lib\libcxx\libcppabi_w.l(abort_message.cpp.o)
    0x08003750   0x00000002   Code   RO         1234    .text.block_us_ticker_free  BUILD/NUCLEO_L476RG/ARMC6/mbed-os/hal/source/mbed_us_ticker_api.o
    0x08003752   0x00000002   PAD
    0x08003754   0x000000e0   Code   RO         7986    .text.can_irq       BUILD/NUCLEO_L476RG/ARMC6/mbed-os/targets/TARGET_STM/can_api.o
    0x08003834   0x0000000c   Code   RO         1876    .text.core_util_are_interrupts_enabled  BUILD/NUCLEO_L476RG/ARMC6/mbed-os/platform/source/mbed_critical.o
    0x08003840   0x00000012   Code   RO         1779    .text.core_util_atomic_decr_u16  BUILD/NUCLEO_L476RG/ARMC6/mbed-os/platform/source/mbed_atomic_impl.o
    0x08003852   0x00000010   Code   RO         1765    .text.core_util_atomic_exchange_u8  BUILD/NUCLEO_L476RG/ARMC6/mbed-os/platform/source/mbed_atomic_impl.o
    0x08003862   0x00000014   Code   RO         1763    .text.core_util_atomic_flag_test_and_set  BUILD/NUCLEO_L476RG/ARMC6/mbed-os/platform/source/mbed_atomic_impl.o
    0x08003876   0x00000012   Code   RO         1773    .text.core_util_atomic_incr_u16  BUILD/NUCLEO_L476RG/ARMC6/mbed-os/platform/source/mbed_atomic_impl.o
    0x08003888   0x00000016   Code   RO         1825    .text.core_util_atomic_load_u64  BUILD/NUCLEO_L476RG/ARMC6/mbed-os/platform/source/mbed_atomic_impl.o
    0x0800389e   0x00000002   PAD
    0x080038a0   0x00000010   Code   RO         1882    .text.core_util_critical_section_enter  BUILD/NUCLEO_L476RG/ARMC6/mbed-os/platform/source/mbed_critical.o
    0x080038b0   0x00000018   Code   RO         1884    .text.core_util_critical_section_exit  BUILD/NUCLEO_L476RG/ARMC6/mbed-os/platform/source/mbed_critical.o
    0x080038c8   0x00000004   Code   RO         1880    .text.core_util_in_critical_section  BUILD/NUCLEO_L476RG/ARMC6/mbed-os/platform/source/mbed_critical.o
    0x080038cc   0x0000000c   Code   RO         1878    .text.core_util_is_isr_active  BUILD/NUCLEO_L476RG/ARMC6/mbed-os/platform/source/mbed_critical.o
    0x080038d8   0x00000020   Code   RO         1889    .text.error         BUILD/NUCLEO_L476RG/ARMC6/mbed-os/platform/source/mbed_error.o
    0x080038f8   0x0000001c   Code   RO         1218    .text.exact_log2    BUILD/NUCLEO_L476RG/ARMC6/mbed-os/hal/source/mbed_ticker_api.o
    0x08003914   0x00000020   Code   RO         2110    .text.exit          BUILD/NUCLEO_L476RG/ARMC6/mbed-os/platform/source/mbed_retarget.o
    0x08003934   0x00000008   Code   RO         1130    .text.get_lp_ticker_data  BUILD/NUCLEO_L476RG/ARMC6/mbed-os/hal/source/mbed_lp_ticker_api.o
    0x0800393c   0x00000058   Code   RO         8312    .text.get_uart_index  BUILD/NUCLEO_L476RG/ARMC6/mbed-os/targets/TARGET_STM/serial_api.o
    0x08003994   0x0000002a   Code   RO         8012    .text.gpio_dir      BUILD/NUCLEO_L476RG/ARMC6/mbed-os/targets/TARGET_STM/gpio_api.o
    0x080039be   0x00000002   PAD
    0x080039c0   0x00000048   Code   RO         8008    .text.gpio_init     BUILD/NUCLEO_L476RG/ARMC6/mbed-os/targets/TARGET_STM/gpio_api.o
    0x08003a08   0x00000006   Code   RO         1110    .text.gpio_init_out  BUILD/NUCLEO_L476RG/ARMC6/mbed-os/hal/source/mbed_gpio.o
    0x08003a0e   0x00000008   Code   RO         1112    .text.gpio_init_out_ex  BUILD/NUCLEO_L476RG/ARMC6/mbed-os/hal/source/mbed_gpio.o
    0x08003a16   0x00000008   Code   RO         8010    .text.gpio_mode     BUILD/NUCLEO_L476RG/ARMC6/mbed-os/targets/TARGET_STM/gpio_api.o
    0x08003a1e   0x00000018   Code   RO         8006    .text.gpio_set      BUILD/NUCLEO_L476RG/ARMC6/mbed-os/targets/TARGET_STM/gpio_api.o
    0x08003a36   0x00000002   PAD
    0x08003a38   0x00000018   Code   RO         1091    .text.hal_critical_section_enter  BUILD/NUCLEO_L476RG/ARMC6/mbed-os/hal/source/mbed_critical_section_api.o
    0x08003a50   0x00000010   Code   RO         1093    .text.hal_critical_section_exit  BUILD/NUCLEO_L476RG/ARMC6/mbed-os/hal/source/mbed_critical_section_api.o
    0x08003a60   0x00000154   Code   RO         8323    .text.hal_deepsleep  BUILD/NUCLEO_L476RG/ARMC6/mbed-os/targets/TARGET_STM/sleep.o
    0x08003bb4   0x0000000c   Code   RO         1095    .text.hal_in_critical_section  BUILD/NUCLEO_L476RG/ARMC6/mbed-os/hal/source/mbed_critical_section_api.o
    0x08003bc0   0x00000020   Code   RO         8321    .text.hal_sleep     BUILD/NUCLEO_L476RG/ARMC6/mbed-os/targets/TARGET_STM/sleep.o
    0x08003be0   0x0000007c   Code   RO         1891    .text.handle_error  BUILD/NUCLEO_L476RG/ARMC6/mbed-os/platform/source/mbed_error.o
    0x08003c5c   0x000000a8   Code   RO         8419    .text.init_32bit_timer  BUILD/NUCLEO_L476RG/ARMC6/mbed-os/targets/TARGET_STM/us_ticker.o
    0x08003d04   0x00000090   Code   RO         8292    .text.init_uart     BUILD/NUCLEO_L476RG/ARMC6/mbed-os/targets/TARGET_STM/serial_api.o
    0x08003d94   0x000000e4   Code   RO         1190    .text.initialize    BUILD/NUCLEO_L476RG/ARMC6/mbed-os/hal/source/mbed_ticker_api.o
    0x08003e78   0x00000050   Code   RO         1200    .text.insert_event  BUILD/NUCLEO_L476RG/ARMC6/mbed-os/hal/source/mbed_ticker_api.o
    0x08003ec8   0x00000020   Code   RO         8180    .text.lp_ticker_clear_interrupt  BUILD/NUCLEO_L476RG/ARMC6/mbed-os/targets/TARGET_STM/lp_ticker.o
    0x08003ee8   0x0000004c   Code   RO         8172    .text.lp_ticker_disable_interrupt  BUILD/NUCLEO_L476RG/ARMC6/mbed-os/targets/TARGET_STM/lp_ticker.o
    0x08003f34   0x00000024   Code   RO         8182    .text.lp_ticker_fire_interrupt  BUILD/NUCLEO_L476RG/ARMC6/mbed-os/targets/TARGET_STM/lp_ticker.o
    0x08003f58   0x00000004   Code   RO         8184    .text.lp_ticker_free  BUILD/NUCLEO_L476RG/ARMC6/mbed-os/targets/TARGET_STM/lp_ticker.o
    0x08003f5c   0x00000008   Code   RO         8168    .text.lp_ticker_get_info  BUILD/NUCLEO_L476RG/ARMC6/mbed-os/targets/TARGET_STM/lp_ticker.o
    0x08003f64   0x0000017c   Code   RO         8170    .text.lp_ticker_init  BUILD/NUCLEO_L476RG/ARMC6/mbed-os/targets/TARGET_STM/lp_ticker.o
    0x080040e0   0x00000014   Code   RO         1134    .text.lp_ticker_irq_handler  BUILD/NUCLEO_L476RG/ARMC6/mbed-os/hal/source/mbed_lp_ticker_api.o
    0x080040f4   0x00000010   Code   RO         8176    .text.lp_ticker_read  BUILD/NUCLEO_L476RG/ARMC6/mbed-os/targets/TARGET_STM/lp_ticker.o
    0x08004104   0x000000ac   Code   RO         8178    .text.lp_ticker_set_interrupt  BUILD/NUCLEO_L476RG/ARMC6/mbed-os/targets/TARGET_STM/lp_ticker.o
    0x080041b0   0x0000000c   Code   RO         7883    .text.lpuart1_irq   BUILD/NUCLEO_L476RG/ARMC6/mbed-os/targets/TARGET_STM/TARGET_STM32L4/serial_device.o
    0x080041bc   0x000000a8   Code   RO           19    .text.main          BUILD/NUCLEO_L476RG/ARMC6/main.o
    0x08004264   0x00000028   Code   RO         2228    .text.mbed_copy_nvic  BUILD/NUCLEO_L476RG/ARMC6/mbed-os/platform/source/mbed_sdk_boot.o
    0x0800428c   0x00000060   Code   RO         1865    .text.mbed_die      BUILD/NUCLEO_L476RG/ARMC6/mbed-os/platform/source/mbed_board.o
    0x080042ec   0x00000068   Code   RO         1911    .text.mbed_error    BUILD/NUCLEO_L476RG/ARMC6/mbed-os/platform/source/mbed_error.o
    0x08004354   0x00000068   Code   RO         1899    .text.mbed_error_initialize  BUILD/NUCLEO_L476RG/ARMC6/mbed-os/platform/source/mbed_error.o
    0x080043bc   0x00000018   Code   RO         1867    .text.mbed_error_printf  BUILD/NUCLEO_L476RG/ARMC6/mbed-os/platform/source/mbed_board.o
    0x080043d4   0x0000004c   Code   RO         1871    .text.mbed_error_puts  BUILD/NUCLEO_L476RG/ARMC6/mbed-os/platform/source/mbed_board.o
    0x08004420   0x00000034   Code   RO         1869    .text.mbed_error_vprintf  BUILD/NUCLEO_L476RG/ARMC6/mbed-os/platform/source/mbed_board.o
    0x08004454   0x000000f4   Code   RO         1742    .text.mbed_fault_handler  BUILD/NUCLEO_L476RG/ARMC6/mbed-os/platform/source/TARGET_CORTEX_M/mbed_fault_handler.o
    0x08004548   0x00000030   Code   RO         1893    .text.mbed_halt_system  BUILD/NUCLEO_L476RG/ARMC6/mbed-os/platform/source/mbed_error.o
    0x08004578   0x00000012   Code   RO         2230    .text.mbed_init     BUILD/NUCLEO_L476RG/ARMC6/mbed-os/platform/source/mbed_sdk_boot.o
    0x0800458a   0x000002a6   Code   RO         2410    .text.mbed_minimal_formatted_string  BUILD/NUCLEO_L476RG/ARMC6/mbed-os/platform/source/minimal-printf/mbed_printf_implementation.o
    0x08004830   0x0000012c   Code   RO         2414    .text.mbed_minimal_formatted_string_integer  BUILD/NUCLEO_L476RG/ARMC6/mbed-os/platform/source/minimal-printf/mbed_printf_implementation.o
    0x0800495c   0x0000003c   Code   RO         2416    .text.mbed_minimal_putchar  BUILD/NUCLEO_L476RG/ARMC6/mbed-os/platform/source/minimal-printf/mbed_printf_implementation.o
    0x08004998   0x0000003c   Code   RO         8201    .text.mbed_sdk_init  BUILD/NUCLEO_L476RG/ARMC6/mbed-os/targets/TARGET_STM/mbed_overrides.o
    0x080049d4   0x0000001e   Code   RO          502    .text.mbed_tiny_compute_crc32  BUILD/NUCLEO_L476RG/ARMC6/mbed-os/drivers/source/MbedCRC.o
    0x080049f2   0x00000024   Code   RO         2412    .text.parse_string_to_integer  BUILD/NUCLEO_L476RG/ARMC6/mbed-os/platform/source/minimal-printf/mbed_printf_implementation.o
    0x08004a16   0x00000002   PAD
    0x08004a18   0x000000f4   Code   RO         8207    .text.pin_function  BUILD/NUCLEO_L476RG/ARMC6/mbed-os/targets/TARGET_STM/pinmap.o
    0x08004b0c   0x00000078   Code   RO         8211    .text.pin_mode      BUILD/NUCLEO_L476RG/ARMC6/mbed-os/targets/TARGET_STM/pinmap.o
    0x08004b84   0x00000022   Code   RO         1151    .text.pinmap_find_function  BUILD/NUCLEO_L476RG/ARMC6/mbed-os/hal/source/mbed_pinmap_common.o
    0x08004ba6   0x00000022   Code   RO         1147    .text.pinmap_find_peripheral  BUILD/NUCLEO_L476RG/ARMC6/mbed-os/hal/source/mbed_pinmap_common.o
    0x08004bc8   0x00000024   Code   RO         1145    .text.pinmap_merge  BUILD/NUCLEO_L476RG/ARMC6/mbed-os/hal/source/mbed_pinmap_common.o
    0x08004bec   0x00000028   Code   RO         1149    .text.pinmap_peripheral  BUILD/NUCLEO_L476RG/ARMC6/mbed-os/hal/source/mbed_pinmap_common.o
    0x08004c14   0x0000015c   Code   RO         1744    .text.print_context_info  BUILD/NUCLEO_L476RG/ARMC6/mbed-os/platform/source/TARGET_CORTEX_M/mbed_fault_handler.o
    0x08004d70   0x0000000c   Code   RO         8234    .text.pwmout_free   BUILD/NUCLEO_L476RG/ARMC6/mbed-os/targets/TARGET_STM/pwmout_api.o
    0x08004d7c   0x0000014c   Code   RO         8232    .text.pwmout_init   BUILD/NUCLEO_L476RG/ARMC6/mbed-os/targets/TARGET_STM/pwmout_api.o
    0x08004ec8   0x00000018   Code   RO         8240    .text.pwmout_period  BUILD/NUCLEO_L476RG/ARMC6/mbed-os/targets/TARGET_STM/pwmout_api.o
    0x08004ee0   0x00000128   Code   RO         8242    .text.pwmout_period_us  BUILD/NUCLEO_L476RG/ARMC6/mbed-os/targets/TARGET_STM/pwmout_api.o
    0x08005008   0x00000038   Code   RO         8238    .text.pwmout_read   BUILD/NUCLEO_L476RG/ARMC6/mbed-os/targets/TARGET_STM/pwmout_api.o
    0x08005040   0x00000134   Code   RO         8236    .text.pwmout_write  BUILD/NUCLEO_L476RG/ARMC6/mbed-os/targets/TARGET_STM/pwmout_api.o
    0x08005174   0x00000014   Code   RO         8435    .text.restore_timer_ctx  BUILD/NUCLEO_L476RG/ARMC6/mbed-os/targets/TARGET_STM/us_ticker.o
    0x08005188   0x0000001c   Code   RO         8433    .text.save_timer_ctx  BUILD/NUCLEO_L476RG/ARMC6/mbed-os/targets/TARGET_STM/us_ticker.o
    0x080051a4   0x000000ca   Code   RO         1196    .text.schedule_interrupt  BUILD/NUCLEO_L476RG/ARMC6/mbed-os/hal/source/mbed_ticker_api.o
    0x0800526e   0x00000002   PAD
    0x08005270   0x0000007c   Code   RO         8290    .text.serial_baud   BUILD/NUCLEO_L476RG/ARMC6/mbed-os/targets/TARGET_STM/serial_api.o
    0x080052ec   0x00000118   Code   RO         8288    .text.serial_free   BUILD/NUCLEO_L476RG/ARMC6/mbed-os/targets/TARGET_STM/serial_api.o
    0x08005404   0x00000068   Code   RO         7885    .text.serial_getc   BUILD/NUCLEO_L476RG/ARMC6/mbed-os/targets/TARGET_STM/TARGET_STM32L4/serial_device.o
    0x0800546c   0x000001b4   Code   RO         8286    .text.serial_init   BUILD/NUCLEO_L476RG/ARMC6/mbed-os/targets/TARGET_STM/serial_api.o
    0x08005620   0x0000000e   Code   RO         1265    .text.serial_init_direct  BUILD/NUCLEO_L476RG/ARMC6/mbed-os/hal/source/static_pinmap.o
    0x0800562e   0x00000002   PAD
    0x08005630   0x00000014   Code   RO         7869    .text.serial_irq_handler  BUILD/NUCLEO_L476RG/ARMC6/mbed-os/targets/TARGET_STM/TARGET_STM32L4/serial_device.o
    0x08005644   0x000000ec   Code   RO         7871    .text.serial_irq_set  BUILD/NUCLEO_L476RG/ARMC6/mbed-os/targets/TARGET_STM/TARGET_STM32L4/serial_device.o
    0x08005730   0x00000084   Code   RO         8314    .text.serial_is_tx_ongoing  BUILD/NUCLEO_L476RG/ARMC6/mbed-os/targets/TARGET_STM/serial_api.o
    0x080057b4   0x00000028   Code   RO         7887    .text.serial_putc   BUILD/NUCLEO_L476RG/ARMC6/mbed-os/targets/TARGET_STM/TARGET_STM32L4/serial_device.o
    0x080057dc   0x00000020   Code   RO         8304    .text.serial_readable  BUILD/NUCLEO_L476RG/ARMC6/mbed-os/targets/TARGET_STM/serial_api.o
    0x080057fc   0x00000018   Code   RO         8306    .text.serial_writable  BUILD/NUCLEO_L476RG/ARMC6/mbed-os/targets/TARGET_STM/serial_api.o
    0x08005814   0x00000024   Code   RO         2031    .text.sleep_manager_lock_deep_sleep_internal  BUILD/NUCLEO_L476RG/ARMC6/mbed-os/platform/source/mbed_power_mgmt.o
    0x08005838   0x00000020   Code   RO         2039    .text.sleep_manager_sleep_auto  BUILD/NUCLEO_L476RG/ARMC6/mbed-os/platform/source/mbed_power_mgmt.o
    0x08005858   0x00000030   Code   RO         2033    .text.sleep_manager_unlock_deep_sleep_internal  BUILD/NUCLEO_L476RG/ARMC6/mbed-os/platform/source/mbed_power_mgmt.o
    0x08005888   0x0000003a   Code   RO         8209    .text.stm_pin_PullConfig  BUILD/NUCLEO_L476RG/ARMC6/mbed-os/targets/TARGET_STM/pinmap.o
    0x080058c2   0x00000004   Code   RO         1913    .text.system_reset  BUILD/NUCLEO_L476RG/ARMC6/mbed-os/platform/source/mbed_error.o
    0x080058c6   0x00000008   Code   RO         2259    .text.thread_sleep_for  BUILD/NUCLEO_L476RG/ARMC6/mbed-os/platform/source/mbed_thread.o
    0x080058ce   0x00000024   Code   RO         1202    .text.ticker_insert_event_us  BUILD/NUCLEO_L476RG/ARMC6/mbed-os/hal/source/mbed_ticker_api.o
    0x080058f2   0x0000005e   Code   RO         1192    .text.ticker_irq_handler  BUILD/NUCLEO_L476RG/ARMC6/mbed-os/hal/source/mbed_ticker_api.o
    0x08005950   0x00000020   Code   RO         1208    .text.ticker_read_us  BUILD/NUCLEO_L476RG/ARMC6/mbed-os/hal/source/mbed_ticker_api.o
    0x08005970   0x00000030   Code   RO         1204    .text.ticker_remove_event  BUILD/NUCLEO_L476RG/ARMC6/mbed-os/hal/source/mbed_ticker_api.o
    0x080059a0   0x0000001a   Code   RO         1188    .text.ticker_set_handler  BUILD/NUCLEO_L476RG/ARMC6/mbed-os/hal/source/mbed_ticker_api.o
    0x080059ba   0x00000002   PAD
    0x080059bc   0x00000024   Code   RO         8417    .text.timer_irq_handler  BUILD/NUCLEO_L476RG/ARMC6/mbed-os/targets/TARGET_STM/us_ticker.o
    0x080059e0   0x0000000c   Code   RO         7873    .text.uart1_irq     BUILD/NUCLEO_L476RG/ARMC6/mbed-os/targets/TARGET_STM/TARGET_STM32L4/serial_device.o
    0x080059ec   0x0000000c   Code   RO         7875    .text.uart2_irq     BUILD/NUCLEO_L476RG/ARMC6/mbed-os/targets/TARGET_STM/TARGET_STM32L4/serial_device.o
    0x080059f8   0x0000000c   Code   RO         7877    .text.uart3_irq     BUILD/NUCLEO_L476RG/ARMC6/mbed-os/targets/TARGET_STM/TARGET_STM32L4/serial_device.o
    0x08005a04   0x0000000c   Code   RO         7879    .text.uart4_irq     BUILD/NUCLEO_L476RG/ARMC6/mbed-os/targets/TARGET_STM/TARGET_STM32L4/serial_device.o
    0x08005a10   0x0000000c   Code   RO         7881    .text.uart5_irq     BUILD/NUCLEO_L476RG/ARMC6/mbed-os/targets/TARGET_STM/TARGET_STM32L4/serial_device.o
    0x08005a1c   0x00000074   Code   RO         7913    .text.uart_irq      BUILD/NUCLEO_L476RG/ARMC6/mbed-os/targets/TARGET_STM/TARGET_STM32L4/serial_device.o
    0x08005a90   0x0000007c   Code   RO         1194    .text.update_present_time  BUILD/NUCLEO_L476RG/ARMC6/mbed-os/hal/source/mbed_ticker_api.o
    0x08005b0c   0x0000000c   Code   RO         8431    .text.us_ticker_clear_interrupt  BUILD/NUCLEO_L476RG/ARMC6/mbed-os/targets/TARGET_STM/us_ticker.o
    0x08005b18   0x00000010   Code   RO         8429    .text.us_ticker_disable_interrupt  BUILD/NUCLEO_L476RG/ARMC6/mbed-os/targets/TARGET_STM/us_ticker.o
    0x08005b28   0x0000001c   Code   RO         8427    .text.us_ticker_fire_interrupt  BUILD/NUCLEO_L476RG/ARMC6/mbed-os/targets/TARGET_STM/us_ticker.o
    0x08005b44   0x00000008   Code   RO         8415    .text.us_ticker_get_info  BUILD/NUCLEO_L476RG/ARMC6/mbed-os/targets/TARGET_STM/us_ticker.o
    0x08005b4c   0x00000014   Code   RO         8421    .text.us_ticker_init  BUILD/NUCLEO_L476RG/ARMC6/mbed-os/targets/TARGET_STM/us_ticker.o
    0x08005b60   0x00000014   Code   RO         1232    .text.us_ticker_irq_handler  BUILD/NUCLEO_L476RG/ARMC6/mbed-os/hal/source/mbed_us_ticker_api.o
    0x08005b74   0x0000000c   Code   RO         8423    .text.us_ticker_read  BUILD/NUCLEO_L476RG/ARMC6/mbed-os/targets/TARGET_STM/us_ticker.o
    0x08005b80   0x0000001c   Code   RO         8425    .text.us_ticker_set_interrupt  BUILD/NUCLEO_L476RG/ARMC6/mbed-os/targets/TARGET_STM/us_ticker.o
    0x08005b9c   0x00000036   Code   RO         2070    .text.write         BUILD/NUCLEO_L476RG/ARMC6/mbed-os/platform/source/mbed_retarget.o
    0x08005bd2   0x00000002   PAD
    0x08005bd4   0x00000008   Code   RO         8590    i.__aeabi_errno_addr  c:\ProgramData\Mbed Studio\mbed-studio-tools\ac6\bin\..\lib\armlib\mc_w.l(errno.o)
    0x08005bdc   0x00000050   Code   RO         8575    i.__free$memalign$2region  c:\ProgramData\Mbed Studio\mbed-studio-tools\ac6\bin\..\lib\armlib\mc_w.l(malloca2.o)
    0x08005c2c   0x0000000e   Code   RO         8712    i.__scatterload_copy  c:\ProgramData\Mbed Studio\mbed-studio-tools\ac6\bin\..\lib\armlib\mc_w.l(handlers.o)
    0x08005c3a   0x00000002   Code   RO         8713    i.__scatterload_null  c:\ProgramData\Mbed Studio\mbed-studio-tools\ac6\bin\..\lib\armlib\mc_w.l(handlers.o)
    0x08005c3c   0x0000000e   Code   RO         8714    i.__scatterload_zeroinit  c:\ProgramData\Mbed Studio\mbed-studio-tools\ac6\bin\..\lib\armlib\mc_w.l(handlers.o)
    0x08005c4a   0x00000018   Code   RO         8515    i._fflush$full      c:\ProgramData\Mbed Studio\mbed-studio-tools\ac6\bin\..\lib\armlib\mc_w.l(fflush_f.o)
    0x08005c62   0x00000002   PAD
    0x08005c64   0x00000000   Data   RO         2240    .rodata             BUILD/NUCLEO_L476RG/ARMC6/mbed-os/platform/source/mbed_sdk_boot.o
    0x08005c64   0x00000010   Data   RO         7784    .rodata.AHBPrescTable  BUILD/NUCLEO_L476RG/ARMC6/mbed-os/targets/TARGET_STM/TARGET_STM32L4/STM32Cube_FW/system_stm32l4xx.o
    0x08005c74   0x00000008   Data   RO         7785    .rodata.APBPrescTable  BUILD/NUCLEO_L476RG/ARMC6/mbed-os/targets/TARGET_STM/TARGET_STM32L4/STM32Cube_FW/system_stm32l4xx.o
    0x08005c7c   0x00000030   Data   RO         7786    .rodata.MSIRangeTable  BUILD/NUCLEO_L476RG/ARMC6/mbed-os/targets/TARGET_STM/TARGET_STM32L4/STM32Cube_FW/system_stm32l4xx.o
    0x08005cac   0x00000270   Data   RO         7794    .rodata.PinMap_PWM  BUILD/NUCLEO_L476RG/ARMC6/mbed-os/targets/TARGET_STM/TARGET_STM32L4/TARGET_STM32L476xG/TARGET_NUCLEO_L476RG/PeripheralPins.o
    0x08005f1c   0x00000090   Data   RO         7796    .rodata.PinMap_UART_RX  BUILD/NUCLEO_L476RG/ARMC6/mbed-os/targets/TARGET_STM/TARGET_STM32L4/TARGET_STM32L476xG/TARGET_NUCLEO_L476RG/PeripheralPins.o
    0x08005fac   0x00000090   Data   RO         7795    .rodata.PinMap_UART_TX  BUILD/NUCLEO_L476RG/ARMC6/mbed-os/targets/TARGET_STM/TARGET_STM32L4/TARGET_STM32L476xG/TARGET_NUCLEO_L476RG/PeripheralPins.o
    0x0800603c   0x00000018   Data   RO          808    .rodata._ZTVN4mbed10SerialBaseE  BUILD/NUCLEO_L476RG/ARMC6/mbed-os/drivers/source/SerialBase.o
    0x08006054   0x0000000c   Data   RO          934    .rodata._ZTVN4mbed10TimerEventE  BUILD/NUCLEO_L476RG/ARMC6/mbed-os/drivers/source/TimerEvent.o
    0x08006060   0x0000008c   Data   RO          964    .rodata._ZTVN4mbed16UnbufferedSerialE  BUILD/NUCLEO_L476RG/ARMC6/mbed-os/drivers/source/UnbufferedSerial.o
    0x080060ec   0x0000000c   Data   RO         1736    .rodata._ZTVN4mbed8internal8SysTimerINSt3__25ratioILx1ELx1000EEELb1EEE  BUILD/NUCLEO_L476RG/ARMC6/mbed-os/platform/source/SysTimer.o
    0x080060f8   0x00000018   Data   RO         2182    .rodata._ZZL14do_serial_initvE14console_pinmap  BUILD/NUCLEO_L476RG/ARMC6/mbed-os/platform/source/mbed_retarget.o
    0x08006110   0x00000010   Data   RO         7066    .rodata.cst16       BUILD/NUCLEO_L476RG/ARMC6/mbed-os/targets/TARGET_STM/TARGET_STM32L4/STM32Cube_FW/STM32L4xx_HAL_Driver/stm32l4xx_hal_uart.o
    0x08006120   0x00000040   Data   RO         8213    .rodata.ll_pin_defines  BUILD/NUCLEO_L476RG/ARMC6/mbed-os/targets/TARGET_STM/pinmap.o
    0x08006160   0x00000008   Data   RO         1136    .rodata.lp_data     BUILD/NUCLEO_L476RG/ARMC6/mbed-os/hal/source/mbed_lp_ticker_api.o
    0x08006168   0x00000024   Data   RO         1138    .rodata.lp_interface  BUILD/NUCLEO_L476RG/ARMC6/mbed-os/hal/source/mbed_lp_ticker_api.o
    0x0800618c   0x00000008   Data   RO         8186    .rodata.lp_ticker_get_info.info  BUILD/NUCLEO_L476RG/ARMC6/mbed-os/targets/TARGET_STM/lp_ticker.o
    0x08006194   0x00000050   Data   RO         7867    .rodata.pwm_apb_map_table  BUILD/NUCLEO_L476RG/ARMC6/mbed-os/targets/TARGET_STM/TARGET_STM32L4/pwmout_device.o
    0x080061e4   0x000000c8   Data   RO         1748    .rodata.str1.1      BUILD/NUCLEO_L476RG/ARMC6/mbed-os/platform/source/TARGET_CORTEX_M/mbed_fault_handler.o
    0x080062ac   0x00000017   Data   RO         8261    .rodata.str1.1      BUILD/NUCLEO_L476RG/ARMC6/mbed-os/targets/TARGET_STM/pwmout_api.o
    0x080062c3   0x00000001   PAD
    0x080062c4   0x00000008   Data   RO         1236    .rodata.us_data     BUILD/NUCLEO_L476RG/ARMC6/mbed-os/hal/source/mbed_us_ticker_api.o
    0x080062cc   0x00000024   Data   RO         1238    .rodata.us_interface  BUILD/NUCLEO_L476RG/ARMC6/mbed-os/hal/source/mbed_us_ticker_api.o
    0x080062f0   0x00000008   Data   RO         8439    .rodata.us_ticker_get_info.info  BUILD/NUCLEO_L476RG/ARMC6/mbed-os/targets/TARGET_STM/us_ticker.o
    0x080062f8   0x00000020   Data   RO         8711    Region$$Table       anon$$obj.o
    0x08006318   0x00000004   Data   RO           25    .init_array         BUILD/NUCLEO_L476RG/ARMC6/main.o
    0x0800631c   0x00000000   Data   RO         8604    .init_array         c:\ProgramData\Mbed Studio\mbed-studio-tools\ac6\bin\..\lib\armlib\mc_w.l(cpp_init.o)


    Execution Region RW_m_crash_data (Base: 0x10000188, Size: 0x00000100, Max: 0x00000100, ABSOLUTE)

    Base Addr    Size         Type   Attr      Idx    E Section Name        Object

    0x10000188   0x00000100   Zero   RW            1    RW_m_crash_data.bss  anon$$obj.o


    Execution Region RW_IRAM2 (Base: 0x10000288, Size: 0x00000880, Max: 0x00007d78, ABSOLUTE)

    Base Addr    Size         Type   Attr      Idx    E Section Name        Object

    0x10000288   0x00000004   Data   RW         8593    .data               c:\ProgramData\Mbed Studio\mbed-studio-tools\ac6\bin\..\lib\armlib\mc_w.l(errno.o)
    0x1000028c   0x00000004   Data   RW         8660    .data               c:\ProgramData\Mbed Studio\mbed-studio-tools\ac6\bin\..\lib\armlib\mc_w.l(mvars.o)
    0x10000290   0x00000008   Data   RW         3164    .data..L_MergedGlobals  BUILD/NUCLEO_L476RG/ARMC6/mbed-os/targets/TARGET_STM/TARGET_STM32L4/STM32Cube_FW/STM32L4xx_HAL_Driver/stm32l4xx_hal.o
    0x10000298   0x00000004   Data   RW         7783    .data.SystemCoreClock  BUILD/NUCLEO_L476RG/ARMC6/mbed-os/targets/TARGET_STM/TARGET_STM32L4/STM32Cube_FW/system_stm32l4xx.o
    0x1000029c   0x00000004   Data   RW         1137    .data.irq_handler   BUILD/NUCLEO_L476RG/ARMC6/mbed-os/hal/source/mbed_lp_ticker_api.o
    0x100002a0   0x00000004   Data   RW         1237    .data.irq_handler   BUILD/NUCLEO_L476RG/ARMC6/mbed-os/hal/source/mbed_us_ticker_api.o
    0x100002a4   0x00000014   Zero   RW         8533    .bss                c:\ProgramData\Mbed Studio\mbed-studio-tools\ac6\bin\..\lib\armlib\mc_w.l(stdout_f.o)
    0x100002b8   0x00000014   Zero   RW         8534    .bss                c:\ProgramData\Mbed Studio\mbed-studio-tools\ac6\bin\..\lib\armlib\mc_w.l(stderr_f.o)
    0x100002cc   0x00000070   Zero   RW           27    .bss..L_MergedGlobals  BUILD/NUCLEO_L476RG/ARMC6/main.o
    0x1000033c   0x00000002   Zero   RW         1097    .bss..L_MergedGlobals  BUILD/NUCLEO_L476RG/ARMC6/mbed-os/hal/source/mbed_critical_section_api.o
    0x1000033e   0x00000002   PAD
    0x10000340   0x00000024   Zero   RW         1377    .bss..L_MergedGlobals  BUILD/NUCLEO_L476RG/ARMC6/mbed-os/platform/source/CThunkBase.o
    0x10000364   0x0000004c   Zero   RW         1938    .bss..L_MergedGlobals  BUILD/NUCLEO_L476RG/ARMC6/mbed-os/platform/source/mbed_error.o
    0x100003b0   0x00000050   Zero   RW         2000    .bss..L_MergedGlobals  BUILD/NUCLEO_L476RG/ARMC6/mbed-os/platform/source/mbed_os_timer.o
    0x10000400   0x00000008   Zero   RW         2241    .bss..L_MergedGlobals  BUILD/NUCLEO_L476RG/ARMC6/mbed-os/platform/source/mbed_sdk_boot.o
    0x10000408   0x0000001c   Zero   RW         7922    .bss..L_MergedGlobals  BUILD/NUCLEO_L476RG/ARMC6/mbed-os/targets/TARGET_STM/TARGET_STM32L4/serial_device.o
    0x10000424   0x00000008   Zero   RW         8001    .bss..L_MergedGlobals  BUILD/NUCLEO_L476RG/ARMC6/mbed-os/targets/TARGET_STM/can_api.o
    0x1000042c   0x0000000c   Zero   RW         8056    .bss..L_MergedGlobals  BUILD/NUCLEO_L476RG/ARMC6/mbed-os/targets/TARGET_STM/hal_tick_overrides.o
    0x10000438   0x00000048   Zero   RW         8187    .bss..L_MergedGlobals  BUILD/NUCLEO_L476RG/ARMC6/mbed-os/targets/TARGET_STM/lp_ticker.o
    0x10000480   0x00000050   Zero   RW         8318    .bss..L_MergedGlobals  BUILD/NUCLEO_L476RG/ARMC6/mbed-os/targets/TARGET_STM/serial_api.o
    0x100004d0   0x00000058   Zero   RW         8440    .bss..L_MergedGlobals  BUILD/NUCLEO_L476RG/ARMC6/mbed-os/targets/TARGET_STM/us_ticker.o
    0x10000528   0x00000044   Zero   RW           28    .bss..L_MergedGlobals.7  BUILD/NUCLEO_L476RG/ARMC6/main.o
    0x1000056c   0x0000004c   Zero   RW         8260    .bss.TimHandle      BUILD/NUCLEO_L476RG/ARMC6/mbed-os/targets/TARGET_STM/pwmout_api.o
    0x100005b8   0x00000003   Zero   RW         2176    .bss._ZL14stdio_out_prev  BUILD/NUCLEO_L476RG/ARMC6/mbed-os/platform/source/mbed_retarget.o
    0x100005bb   0x00000001   PAD
    0x100005bc   0x00000004   Zero   RW         2181    .bss._ZZL19do_serial_init_oncevE4once  BUILD/NUCLEO_L476RG/ARMC6/mbed-os/platform/source/mbed_retarget.o
    0x100005c0   0x00000080   Zero   RW           24    .bss.charStr        BUILD/NUCLEO_L476RG/ARMC6/main.o
    0x10000640   0x00000004   Zero   RW         1886    .bss.critical_section_reentrancy_counter  BUILD/NUCLEO_L476RG/ARMC6/mbed-os/platform/source/mbed_critical.o
    0x10000644   0x00000002   Zero   RW         2043    .bss.deep_sleep_lock  BUILD/NUCLEO_L476RG/ARMC6/mbed-os/platform/source/mbed_power_mgmt.o
    0x10000646   0x00000002   PAD
    0x10000648   0x00000038   Zero   RW         1139    .bss.events         BUILD/NUCLEO_L476RG/ARMC6/mbed-os/hal/source/mbed_lp_ticker_api.o
    0x10000680   0x00000038   Zero   RW         1239    .bss.events         BUILD/NUCLEO_L476RG/ARMC6/mbed-os/hal/source/mbed_us_ticker_api.o
    0x100006b8   0x00000001   Zero   RW         1937    .bss.halt_in_progress  BUILD/NUCLEO_L476RG/ARMC6/mbed-os/platform/source/mbed_error.o
    0x100006b9   0x00000001   Zero   RW         1935    .bss.is_reboot_error_valid  BUILD/NUCLEO_L476RG/ARMC6/mbed-os/platform/source/mbed_error.o
    0x100006ba   0x00000002   PAD
    0x100006bc   0x00000040   Zero   RW         1936    .bss.last_error_ctx  BUILD/NUCLEO_L476RG/ARMC6/mbed-os/platform/source/mbed_error.o
    0x100006fc   0x00000004   Zero   RW         2173    .bss.mbed_heap_size  BUILD/NUCLEO_L476RG/ARMC6/mbed-os/platform/source/mbed_retarget.o
    0x10000700   0x00000004   Zero   RW         2172    .bss.mbed_heap_start  BUILD/NUCLEO_L476RG/ARMC6/mbed-os/platform/source/mbed_retarget.o
    0x10000704   0x00000004   Zero   RW         8203    .bss.mbed_sdk_inited  BUILD/NUCLEO_L476RG/ARMC6/mbed-os/targets/TARGET_STM/mbed_overrides.o
    0x10000708   0x000000e8   Zero   RW           23    .bss.my_pc          BUILD/NUCLEO_L476RG/ARMC6/main.o
    0x100007f0   0x00000318   Zero   RW         7921    .bss.uart_handlers  BUILD/NUCLEO_L476RG/ARMC6/mbed-os/targets/TARGET_STM/TARGET_STM32L4/serial_device.o


    Execution Region RW_IRAM1 (Base: 0x20000000, Size: 0x00000000, Max: 0x00006000, ABSOLUTE)

    **** No section assigned to this execution region ****


    Execution Region ARM_LIB_HEAP (Base: 0x20000000, Size: 0x00017000, Max: 0x00017000, ABSOLUTE)

    Base Addr    Size         Type   Attr      Idx    E Section Name        Object

    0x20000000   0x00017000   Zero   RW            2    ARM_LIB_HEAP.bss    anon$$obj.o


    Execution Region ARM_LIB_STACK (Base: 0x20017000, Size: 0x00001000, Max: 0x00001000, ABSOLUTE)

    Base Addr    Size         Type   Attr      Idx    E Section Name        Object

    0x20017000   0x00001000   Zero   RW            3    ARM_LIB_STACK.bss   anon$$obj.o


==============================================================================

Image component sizes


      Code (inc. data)   RO Data    RW Data    ZI Data      Debug   

     21984       1878       2112         20     100668      29788   Object Totals
         0          0         32          0      98560          0   (incl. Generated)
        48          0          1          0          7          0   (incl. Padding)
      1276         76          0          8         40       1692   Library Totals
         4          0          0          0          0          0   (incl. Padding)

==============================================================================


      Code (inc. data)   RO Data    RW Data    ZI Data      Debug   

     23260       1954       2112         28     100708      29664   Grand Totals
     23260       1954       2112         28     100708      29664   ELF Image Totals
     23260       1954       2112         28          0          0   ROM Totals

==============================================================================

    Total RO  Size (Code + RO Data)                25372 (  24.78kB)
    Total RW  Size (RW Data + ZI Data)            100736 (  98.38kB)
    Total ROM Size (Code + RO Data + RW Data)      25400 (  24.80kB)

==============================================================================

