Component: ARM Compiler 6.16 Tool: armlink [5dfeaa00]

==============================================================================

Loading Objects.

Loading object BUILD/NUCLEO_L476RG/ARMC6/libs/MP3_DFMiniPlayer.o.
              definition:  MP3_DFMiniPlayer::getDataCnt()
              definition:  MP3_DFMiniPlayer::ISR_MP3_data()
              definition:  MP3_DFMiniPlayer::checkCheckSum(unsigned char*)
              definition:  MP3_DFMiniPlayer::waitAvailable()
              definition:  MP3_DFMiniPlayer::setDebugSerial(mbed::UnbufferedSerial*)
              definition:  MP3_DFMiniPlayer::calculateCheckSum(unsigned char*)
              definition:  MP3_DFMiniPlayer::reset()
              definition:  MP3_DFMiniPlayer::playCmd()
              definition:  MP3_DFMiniPlayer::pauseCmd()
              definition:  MP3_DFMiniPlayer::playTrack(unsigned short, unsigned short)
              definition:  MP3_DFMiniPlayer::MP3_DFMiniPlayer(mbed::UnbufferedSerial*)
              definition:  MP3_DFMiniPlayer::MP3_DFMiniPlayer__sub_object(mbed::UnbufferedSerial*)
              reference :  mbed::SerialBase::baud(int)
              reference :  mbed::SerialBase::attach(mbed::Callback<void ()>, mbed::SerialBase::IrqType)
              weak defn :  void mbed::detail::invoke_r<void, void (MP3_DFMiniPlayer::* const&)(), MP3_DFMiniPlayer* const&, 0>(void (MP3_DFMiniPlayer::* const&)(), MP3_DFMiniPlayer* const&)
              weak defn :  MP3_DFMiniPlayer* mbed::detail::invoke_r<void, mbed::Callback<void ()>::Callback<MP3_DFMiniPlayer*, void (MP3_DFMiniPlayer::*)(), 0>(MP3_DFMiniPlayer*, void (MP3_DFMiniPlayer::*)())::'lambda'()&, 0>(void (MP3_DFMiniPlayer::*&&)(), 0&&...)
              weak defn :  void mbed::Callback<void ()>::target_call<mbed::Callback<void ()>::Callback<MP3_DFMiniPlayer*, void (MP3_DFMiniPlayer::*)(), 0>(MP3_DFMiniPlayer*, void (MP3_DFMiniPlayer::*)())::'lambda'()>(mbed::detail::CallbackBase const*)
              weak defn :  void mbed::Callback<void ()>::generate<mbed::Callback<void ()>::Callback<MP3_DFMiniPlayer*, void (MP3_DFMiniPlayer::*)(), 0>(MP3_DFMiniPlayer*, void (MP3_DFMiniPlayer::*)())::'lambda'(), void>(MP3_DFMiniPlayer*&&)
              weak defn :  mbed::Callback<void ()>::Callback__sub_object<MP3_DFMiniPlayer*, void (MP3_DFMiniPlayer::*)(), 0>(MP3_DFMiniPlayer*, void (MP3_DFMiniPlayer::*)())
              weak defn :  mbed::Callback<void ()> mbed::callback<MP3_DFMiniPlayer, MP3_DFMiniPlayer, void>(MP3_DFMiniPlayer*, void (MP3_DFMiniPlayer::*)())
              weak defn :  std::__2::enable_if<((std::is_function<void ()>::value) && (!(std::is_base_of<MP3_DFMiniPlayer, std::__2::decay<MP3_DFMiniPlayer* const&>::type>::value))) && (!(is_reference_wrapper<std::__2::decay<MP3_DFMiniPlayer* const&>::type>::value)), decltype(*(std::forward<MP3_DFMiniPlayer* const&>(fp0)).*fp())>::type mstd::impl::INVOKE<MP3_DFMiniPlayer, void (), MP3_DFMiniPlayer* const&>(void (MP3_DFMiniPlayer::*)(), MP3_DFMiniPlayer* const&)
              weak defn :  std::__2::enable_if<(!(std::is_member_pointer<std::__2::decay<MP3_DFMiniPlayer*>::type>::value)) || ((std::is_member_object_pointer<std::__2::decay<MP3_DFMiniPlayer*>::type>::value) && ((sizeof... (fp0)) != (1))), decltype(std::forward<MP3_DFMiniPlayer*>(fp)(std::forward<void (MP3_DFMiniPlayer::*)()>(fp0)...))>::type mstd::impl::INVOKE<mbed::Callback<void ()>::Callback<MP3_DFMiniPlayer*, void (MP3_DFMiniPlayer::*)(), 0>(MP3_DFMiniPlayer*, void (MP3_DFMiniPlayer::*)())::'lambda'()&>(MP3_DFMiniPlayer*&&, void (MP3_DFMiniPlayer::*&&)()...)
              weak defn :  mstd::invoke_result<void (MP3_DFMiniPlayer::* const&)(), MP3_DFMiniPlayer* const&>::type mstd::invoke<void (MP3_DFMiniPlayer::* const&)(), MP3_DFMiniPlayer* const&>(void (MP3_DFMiniPlayer::* const&)(), MP3_DFMiniPlayer* const&)
              weak defn :  mstd::invoke_result<MP3_DFMiniPlayer*, void (MP3_DFMiniPlayer::*)()...>::type mstd::invoke<mbed::Callback<void ()>::Callback<MP3_DFMiniPlayer*, void (MP3_DFMiniPlayer::*)(), 0>(MP3_DFMiniPlayer*, void (MP3_DFMiniPlayer::*)())::'lambda'()&>(MP3_DFMiniPlayer*&&, void (MP3_DFMiniPlayer::*&&)()...)
              weak defn :  mbed::Callback<void ()>::Callback<MP3_DFMiniPlayer*, void (MP3_DFMiniPlayer::*)(), 0>(MP3_DFMiniPlayer*, void (MP3_DFMiniPlayer::*)())::'lambda'()::operator()() const
              reference :  strlen
Loading object BUILD/NUCLEO_L476RG/ARMC6/main.o.
Adding cpp init reference.              reference :  __cpp_initialize__aeabi_
              definition:  ISR_playpause()
              reference :  MP3_DFMiniPlayer::getDataCnt()
              reference :  MP3_DFMiniPlayer::waitAvailable()
              reference :  MP3_DFMiniPlayer::setDebugSerial(mbed::UnbufferedSerial*)
              reference :  MP3_DFMiniPlayer::reset()
              reference :  MP3_DFMiniPlayer::playCmd()
              reference :  MP3_DFMiniPlayer::pauseCmd()
              reference :  MP3_DFMiniPlayer::playTrack(unsigned short, unsigned short)
[...]
    0x08000494   0x00000008   Code   RO         8854    .text.CAN1_RX0_IRQHandler  BUILD/NUCLEO_L476RG/ARMC6/mbed-os/targets/TARGET_STM/can_api.o
    0x0800049c   0x00000008   Code   RO         8860    .text.CAN1_SCE_IRQHandler  BUILD/NUCLEO_L476RG/ARMC6/mbed-os/targets/TARGET_STM/can_api.o
    0x080004a4   0x00000008   Code   RO         8858    .text.CAN1_TX_IRQHandler  BUILD/NUCLEO_L476RG/ARMC6/mbed-os/targets/TARGET_STM/can_api.o
    0x080004ac   0x0000009c   Code   RO         8966    .text.HAL_GetTick   BUILD/NUCLEO_L476RG/ARMC6/mbed-os/targets/TARGET_STM/hal_tick_overrides.o
    0x08000548   0x0000001e   Code   RO         3890    .text.HAL_Init      BUILD/NUCLEO_L476RG/ARMC6/mbed-os/targets/TARGET_STM/TARGET_STM32L4/STM32Cube_FW/STM32L4xx_HAL_Driver/stm32l4xx_hal.o
    0x08000566   0x00000002   PAD
    0x08000568   0x0000000a   Code   RO         8964    .text.HAL_InitTick  BUILD/NUCLEO_L476RG/ARMC6/mbed-os/targets/TARGET_STM/hal_tick_overrides.o
    0x08000572   0x00000002   PAD
    0x08000574   0x00000056   Code   RO         5262    .text.HAL_LPTIM_Counter_Start  BUILD/NUCLEO_L476RG/ARMC6/mbed-os/targets/TARGET_STM/TARGET_STM32L4/STM32Cube_FW/STM32L4xx_HAL_Driver/stm32l4xx_hal_lptim.o
    0x080005ca   0x00000002   PAD
    0x080005cc   0x000000dc   Code   RO         5208    .text.HAL_LPTIM_Init  BUILD/NUCLEO_L476RG/ARMC6/mbed-os/targets/TARGET_STM/TARGET_STM32L4/STM32Cube_FW/STM32L4xx_HAL_Driver/stm32l4xx_hal_lptim.o
    0x080006a8   0x00000002   Code   RO         5210    .text.HAL_LPTIM_MspInit  BUILD/NUCLEO_L476RG/ARMC6/mbed-os/targets/TARGET_STM/TARGET_STM32L4/STM32Cube_FW/STM32L4xx_HAL_Driver/stm32l4xx_hal_lptim.o
    0x080006aa   0x00000002   PAD
    0x080006ac   0x00000002   Code   RO         3894    .text.HAL_MspInit   BUILD/NUCLEO_L476RG/ARMC6/mbed-os/targets/TARGET_STM/TARGET_STM32L4/STM32Cube_FW/STM32L4xx_HAL_Driver/stm32l4xx_hal.o
    0x080006ae   0x00000002   PAD
    0x080006b0   0x00000008   Code   RO         4270    .text.HAL_NVIC_SetPriorityGrouping  BUILD/NUCLEO_L476RG/ARMC6/mbed-os/targets/TARGET_STM/TARGET_STM32L4/STM32Cube_FW/STM32L4xx_HAL_Driver/stm32l4xx_hal_cortex.o
    0x080006b8   0x0000004c   Code   RO         5737    .text.HAL_PWREx_DisableLowPowerRunMode  BUILD/NUCLEO_L476RG/ARMC6/mbed-os/targets/TARGET_STM/TARGET_STM32L4/STM32Cube_FW/STM32L4xx_HAL_Driver/stm32l4xx_hal_pwr_ex.o
    0x08000704   0x00000012   Code   RO         5735    .text.HAL_PWREx_EnableLowPowerRunMode  BUILD/NUCLEO_L476RG/ARMC6/mbed-os/targets/TARGET_STM/TARGET_STM32L4/STM32Cube_FW/STM32L4xx_HAL_Driver/stm32l4xx_hal_pwr_ex.o
    0x08000716   0x00000002   PAD
    0x08000718   0x00000012   Code   RO         5691    .text.HAL_PWREx_EnableVddIO2  BUILD/NUCLEO_L476RG/ARMC6/mbed-os/targets/TARGET_STM/TARGET_STM32L4/STM32Cube_FW/STM32L4xx_HAL_Driver/stm32l4xx_hal_pwr_ex.o
    0x0800072a   0x00000002   PAD
    0x0800072c   0x00000010   Code   RO         5679    .text.HAL_PWREx_GetVoltageRange  BUILD/NUCLEO_L476RG/ARMC6/mbed-os/targets/TARGET_STM/TARGET_STM32L4/STM32Cube_FW/STM32L4xx_HAL_Driver/stm32l4xx_hal_pwr_ex.o
    0x0800073c   0x00000012   Code   RO         5641    .text.HAL_PWR_EnableBkUpAccess  BUILD/NUCLEO_L476RG/ARMC6/mbed-os/targets/TARGET_STM/TARGET_STM32L4/STM32Cube_FW/STM32L4xx_HAL_Driver/stm32l4xx_hal_pwr.o
    0x0800074e   0x00000002   PAD
    0x08000750   0x0000004c   Code   RO         5655    .text.HAL_PWR_EnterSLEEPMode  BUILD/NUCLEO_L476RG/ARMC6/mbed-os/targets/TARGET_STM/TARGET_STM32L4/STM32Cube_FW/STM32L4xx_HAL_Driver/stm32l4xx_hal_pwr.o
    0x0800079c   0x00000012   Code   RO         5929    .text.HAL_RCCEx_EnableMSIPLLMode  BUILD/NUCLEO_L476RG/ARMC6/mbed-os/targets/TARGET_STM/TARGET_STM32L4/STM32Cube_FW/STM32L4xx_HAL_Driver/stm32l4xx_hal_rcc_ex.o
    0x080007ae   0x00000002   PAD
    0x080007b0   0x000003bc   Code   RO         5891    .text.HAL_RCCEx_PeriphCLKConfig  BUILD/NUCLEO_L476RG/ARMC6/mbed-os/targets/TARGET_STM/TARGET_STM32L4/STM32Cube_FW/STM32L4xx_HAL_Driver/stm32l4xx_hal_rcc_ex.o
    0x08000b6c   0x00000160   Code   RO         5863    .text.HAL_RCC_ClockConfig  BUILD/NUCLEO_L476RG/ARMC6/mbed-os/targets/TARGET_STM/TARGET_STM32L4/STM32Cube_FW/STM32L4xx_HAL_Driver/stm32l4xx_hal_rcc.o
    0x08000ccc   0x00000042   Code   RO         5875    .text.HAL_RCC_GetClockConfig  BUILD/NUCLEO_L476RG/ARMC6/mbed-os/targets/TARGET_STM/TARGET_STM32L4/STM32Cube_FW/STM32L4xx_HAL_Driver/stm32l4xx_hal_rcc.o
    0x08000d0e   0x00000002   PAD
    0x08000d10   0x0000000c   Code   RO         5867    .text.HAL_RCC_GetHCLKFreq  BUILD/NUCLEO_L476RG/ARMC6/mbed-os/targets/TARGET_STM/TARGET_STM32L4/STM32Cube_FW/STM32L4xx_HAL_Driver/stm32l4xx_hal_rcc.o
    0x08000d1c   0x00000026   Code   RO         5869    .text.HAL_RCC_GetPCLK1Freq  BUILD/NUCLEO_L476RG/ARMC6/mbed-os/targets/TARGET_STM/TARGET_STM32L4/STM32Cube_FW/STM32L4xx_HAL_Driver/stm32l4xx_hal_rcc.o
    0x08000d42   0x00000002   PAD
    0x08000d44   0x00000026   Code   RO         5871    .text.HAL_RCC_GetPCLK2Freq  BUILD/NUCLEO_L476RG/ARMC6/mbed-os/targets/TARGET_STM/TARGET_STM32L4/STM32Cube_FW/STM32L4xx_HAL_Driver/stm32l4xx_hal_rcc.o
    0x08000d6a   0x00000002   PAD
    0x08000d6c   0x000000c0   Code   RO         5861    .text.HAL_RCC_GetSysClockFreq  BUILD/NUCLEO_L476RG/ARMC6/mbed-os/targets/TARGET_STM/TARGET_STM32L4/STM32Cube_FW/STM32L4xx_HAL_Driver/stm32l4xx_hal_rcc.o
    0x08000e2c   0x0000059e   Code   RO         5857    .text.HAL_RCC_OscConfig  BUILD/NUCLEO_L476RG/ARMC6/mbed-os/targets/TARGET_STM/TARGET_STM32L4/STM32Cube_FW/STM32L4xx_HAL_Driver/stm32l4xx_hal_rcc.o
    0x080013ca   0x00000002   PAD
    0x080013cc   0x00000062   Code   RO         6795    .text.HAL_TIM_OC_Init  BUILD/NUCLEO_L476RG/ARMC6/mbed-os/targets/TARGET_STM/TARGET_STM32L4/STM32Cube_FW/STM32L4xx_HAL_Driver/stm32l4xx_hal_tim.o
    0x0800142e   0x00000002   PAD
    0x08001430   0x00000002   Code   RO         6797    .text.HAL_TIM_OC_MspInit  BUILD/NUCLEO_L476RG/ARMC6/mbed-os/targets/TARGET_STM/TARGET_STM32L4/STM32Cube_FW/STM32L4xx_HAL_Driver/stm32l4xx_hal_tim.o
    0x08001432   0x00000002   PAD
    0x08001434   0x000001ae   Code   RO         6803    .text.HAL_TIM_OC_Start  BUILD/NUCLEO_L476RG/ARMC6/mbed-os/targets/TARGET_STM/TARGET_STM32L4/STM32Cube_FW/STM32L4xx_HAL_Driver/stm32l4xx_hal_tim.o
    0x080015e2   0x00000002   PAD
    0x080015e4   0x00000020   Code   RO         7305    .text.HAL_UARTEx_DisableClockStopMode  BUILD/NUCLEO_L476RG/ARMC6/mbed-os/targets/TARGET_STM/TARGET_STM32L4/STM32Cube_FW/STM32L4xx_HAL_Driver/stm32l4xx_hal_uart_ex.o
    0x08001604   0x00000020   Code   RO         7315    .text.HAL_UARTEx_DisableStopMode  BUILD/NUCLEO_L476RG/ARMC6/mbed-os/targets/TARGET_STM/TARGET_STM32L4/STM32Cube_FW/STM32L4xx_HAL_Driver/stm32l4xx_hal_uart_ex.o
    0x08001624   0x00000020   Code   RO         7313    .text.HAL_UARTEx_EnableStopMode  BUILD/NUCLEO_L476RG/ARMC6/mbed-os/targets/TARGET_STM/TARGET_STM32L4/STM32Cube_FW/STM32L4xx_HAL_Driver/stm32l4xx_hal_uart_ex.o
    0x08001644   0x0000005e   Code   RO         7159    .text.HAL_UART_Init  BUILD/NUCLEO_L476RG/ARMC6/mbed-os/targets/TARGET_STM/TARGET_STM32L4/STM32Cube_FW/STM32L4xx_HAL_Driver/stm32l4xx_hal_uart.o
    0x080016a2   0x00000002   PAD
    0x080016a4   0x00000002   Code   RO         7161    .text.HAL_UART_MspInit  BUILD/NUCLEO_L476RG/ARMC6/mbed-os/targets/TARGET_STM/TARGET_STM32L4/STM32Cube_FW/STM32L4xx_HAL_Driver/stm32l4xx_hal_uart.o
    0x080016a6   0x00000002   PAD
    0x080016a8   0x00000012   Code   RO         8935    .text.LL_EXTI_DisableFallingTrig_0_31  BUILD/NUCLEO_L476RG/ARMC6/mbed-os/targets/TARGET_STM/gpio_irq_api.o
    0x080016ba   0x00000002   PAD
    0x080016bc   0x00000012   Code   RO         8941    .text.LL_EXTI_DisableIT_0_31  BUILD/NUCLEO_L476RG/ARMC6/mbed-os/targets/TARGET_STM/gpio_irq_api.o
    0x080016ce   0x00000002   PAD
    0x080016d0   0x00000012   Code   RO         8931    .text.LL_EXTI_DisableRisingTrig_0_31  BUILD/NUCLEO_L476RG/ARMC6/mbed-os/targets/TARGET_STM/gpio_irq_api.o
    0x080016e2   0x00000002   PAD
    0x080016e4   0x00000010   Code   RO         8933    .text.LL_EXTI_EnableFallingTrig_0_31  BUILD/NUCLEO_L476RG/ARMC6/mbed-os/targets/TARGET_STM/gpio_irq_api.o
    0x080016f4   0x00000010   Code   RO         8937    .text.LL_EXTI_EnableIT_0_31  BUILD/NUCLEO_L476RG/ARMC6/mbed-os/targets/TARGET_STM/gpio_irq_api.o
    0x08001704   0x00000010   Code   RO         8929    .text.LL_EXTI_EnableRisingTrig_0_31  BUILD/NUCLEO_L476RG/ARMC6/mbed-os/targets/TARGET_STM/gpio_irq_api.o
    0x08001714   0x00000016   Code   RO         8949    .text.LL_EXTI_IsEnabledFallingTrig_0_31  BUILD/NUCLEO_L476RG/ARMC6/mbed-os/targets/TARGET_STM/gpio_irq_api.o
    0x0800172a   0x00000002   PAD
    0x0800172c   0x00000016   Code   RO         8951    .text.LL_EXTI_IsEnabledRisingTrig_0_31  BUILD/NUCLEO_L476RG/ARMC6/mbed-os/targets/TARGET_STM/gpio_irq_api.o
    0x08001742   0x00000002   PAD
    0x08001744   0x0000000a   Code   RO         9187    .text.LL_GPIO_DisablePinAnalogControl  BUILD/NUCLEO_L476RG/ARMC6/mbed-os/targets/TARGET_STM/pinmap.o
    0x0800174e   0x00000002   PAD
    0x08001750   0x00000008   Code   RO         9185    .text.LL_GPIO_EnablePinAnalogControl  BUILD/NUCLEO_L476RG/ARMC6/mbed-os/targets/TARGET_STM/pinmap.o
    0x08001758   0x00000016   Code   RO         9195    .text.LL_GPIO_GetPinMode  BUILD/NUCLEO_L476RG/ARMC6/mbed-os/targets/TARGET_STM/pinmap.o
    0x0800176e   0x00000002   PAD
    0x08001770   0x00000020   Code   RO         9199    .text.LL_GPIO_SetAFPin_0_7  BUILD/NUCLEO_L476RG/ARMC6/mbed-os/targets/TARGET_STM/pinmap.o
    0x08001790   0x00000022   Code   RO         9197    .text.LL_GPIO_SetAFPin_8_15  BUILD/NUCLEO_L476RG/ARMC6/mbed-os/targets/TARGET_STM/pinmap.o
    0x080017b2   0x00000002   PAD
    0x080017b4   0x00000020   Code   RO         8893    .text.LL_GPIO_SetPinMode  BUILD/NUCLEO_L476RG/ARMC6/mbed-os/targets/TARGET_STM/gpio_api.o
    0x080017d4   0x00000020   Code   RO         9183    .text.LL_GPIO_SetPinMode  BUILD/NUCLEO_L476RG/ARMC6/mbed-os/targets/TARGET_STM/pinmap.o
    0x080017f4   0x0000000c   Code   RO         9189    .text.LL_GPIO_SetPinOutputType  BUILD/NUCLEO_L476RG/ARMC6/mbed-os/targets/TARGET_STM/pinmap.o
    0x08001800   0x00000020   Code   RO         9201    .text.LL_GPIO_SetPinPull  BUILD/NUCLEO_L476RG/ARMC6/mbed-os/targets/TARGET_STM/pinmap.o
    0x08001820   0x00000020   Code   RO         9179    .text.LL_GPIO_SetPinSpeed  BUILD/NUCLEO_L476RG/ARMC6/mbed-os/targets/TARGET_STM/pinmap.o
    0x08001840   0x00000008   Code   RO         8718    .text.LL_LPUART_IsEnabledIT_RXNE  BUILD/NUCLEO_L476RG/ARMC6/mbed-os/targets/TARGET_STM/TARGET_STM32L4/serial_device.o
    0x08001848   0x00000008   Code   RO         8716    .text.LL_LPUART_IsEnabledIT_TXE  BUILD/NUCLEO_L476RG/ARMC6/mbed-os/targets/TARGET_STM/TARGET_STM32L4/serial_device.o
    0x08001850   0x00000010   Code   RO         9361    .text.LL_PWR_IsEnabledLowPowerRunMode  BUILD/NUCLEO_L476RG/ARMC6/mbed-os/targets/TARGET_STM/sleep.o
    0x08001860   0x00000010   Code   RO         9164    .text.LL_RCC_LSE_IsReady  BUILD/NUCLEO_L476RG/ARMC6/mbed-os/targets/TARGET_STM/mbed_overrides.o
    0x08001870   0x0000000a   Code   RO         9547    .text.LL_TIM_GenerateEvent_CC1  BUILD/NUCLEO_L476RG/ARMC6/mbed-os/targets/TARGET_STM/us_ticker.o
    0x0800187a   0x00000002   PAD
    0x0800187c   0x000000fc   Code   RO         9101    .text.LPTIM_IRQHandler  BUILD/NUCLEO_L476RG/ARMC6/mbed-os/targets/TARGET_STM/lp_ticker.o
    0x08001978   0x00000048   Code   RO         5222    .text.LPTIM_WaitForFlag  BUILD/NUCLEO_L476RG/ARMC6/mbed-os/targets/TARGET_STM/TARGET_STM32L4/STM32Cube_FW/STM32L4xx_HAL_Driver/stm32l4xx_hal_lptim.o
    0x080019c0   0x00000018   Code   RO         9166    .text.LSEDriveConfig  BUILD/NUCLEO_L476RG/ARMC6/mbed-os/targets/TARGET_STM/mbed_overrides.o
    0x080019d8   0x0000018e   Code   RO         5893    .text.RCCEx_PLLSAI1_Config  BUILD/NUCLEO_L476RG/ARMC6/mbed-os/targets/TARGET_STM/TARGET_STM32L4/STM32Cube_FW/STM32L4xx_HAL_Driver/stm32l4xx_hal_rcc_ex.o
    0x08001b66   0x00000002   PAD
    0x08001b68   0x0000015e   Code   RO         5895    .text.RCCEx_PLLSAI2_Config  BUILD/NUCLEO_L476RG/ARMC6/mbed-os/targets/TARGET_STM/TARGET_STM32L4/STM32Cube_FW/STM32L4xx_HAL_Driver/stm32l4xx_hal_rcc_ex.o
    0x08001cc6   0x00000002   PAD
    0x08001cc8   0x0000008e   Code   RO         5859    .text.RCC_SetFlashLatencyFromMSIRange  BUILD/NUCLEO_L476RG/ARMC6/mbed-os/targets/TARGET_STM/TARGET_STM32L4/STM32Cube_FW/STM32L4xx_HAL_Driver/stm32l4xx_hal_rcc.o
    0x08001d56   0x00000002   PAD
    0x08001d58   0x00000028   Code   RO         8596    .text.SetSysClock   BUILD/NUCLEO_L476RG/ARMC6/mbed-os/targets/TARGET_STM/TARGET_STM32L4/TARGET_STM32L476xG/system_clock.o
    0x08001d80   0x0000007e   Code   RO         8598    .text.SetSysClock_PLL_MSI  BUILD/NUCLEO_L476RG/ARMC6/mbed-os/targets/TARGET_STM/TARGET_STM32L4/TARGET_STM32L476xG/system_clock.o
    0x08001dfe   0x00000002   PAD
    0x08001e00   0x0000019c   Code   RO         8883    .text.Set_GPIO_Clock  BUILD/NUCLEO_L476RG/ARMC6/mbed-os/targets/TARGET_STM/gpio_api.o
    0x08001f9c   0x000000be   Code   RO         8551    .text.SystemCoreClockUpdate  BUILD/NUCLEO_L476RG/ARMC6/mbed-os/targets/TARGET_STM/TARGET_STM32L4/STM32Cube_FW/system_stm32l4xx.o
    0x0800205a   0x00000002   PAD
    0x0800205c   0x00000050   Code   RO         8549    .text.SystemInit    BUILD/NUCLEO_L476RG/ARMC6/mbed-os/targets/TARGET_STM/TARGET_STM32L4/STM32Cube_FW/system_stm32l4xx.o
    0x080020ac   0x00000122   Code   RO         6771    .text.TIM_Base_SetConfig  BUILD/NUCLEO_L476RG/ARMC6/mbed-os/targets/TARGET_STM/TARGET_STM32L4/STM32Cube_FW/STM32L4xx_HAL_Driver/stm32l4xx_hal_tim.o
    0x080021ce   0x00000002   PAD
    0x080021d0   0x00000024   Code   RO         6805    .text.TIM_CCxChannelCmd  BUILD/NUCLEO_L476RG/ARMC6/mbed-os/targets/TARGET_STM/TARGET_STM32L4/STM32Cube_FW/STM32L4xx_HAL_Driver/stm32l4xx_hal_tim.o
    0x080021f4   0x00000002   Code   RO         9160    .text.TargetBSP_Init  BUILD/NUCLEO_L476RG/ARMC6/mbed-os/targets/TARGET_STM/mbed_overrides.o
    0x080021f6   0x00000002   PAD
    0x080021f8   0x000000e6   Code   RO         7165    .text.UART_AdvFeatureConfig  BUILD/NUCLEO_L476RG/ARMC6/mbed-os/targets/TARGET_STM/TARGET_STM32L4/STM32Cube_FW/STM32L4xx_HAL_Driver/stm32l4xx_hal_uart.o
    0x080022de   0x00000002   PAD
    0x080022e0   0x0000006a   Code   RO         7167    .text.UART_CheckIdleState  BUILD/NUCLEO_L476RG/ARMC6/mbed-os/targets/TARGET_STM/TARGET_STM32L4/STM32Cube_FW/STM32L4xx_HAL_Driver/stm32l4xx_hal_uart.o
    0x0800234a   0x00000002   PAD
    0x0800234c   0x00000260   Code   RO         7163    .text.UART_SetConfig  BUILD/NUCLEO_L476RG/ARMC6/mbed-os/targets/TARGET_STM/TARGET_STM32L4/STM32Cube_FW/STM32L4xx_HAL_Driver/stm32l4xx_hal_uart.o
    0x080025ac   0x000000b0   Code   RO         7181    .text.UART_WaitOnFlagUntilTimeout  BUILD/NUCLEO_L476RG/ARMC6/mbed-os/targets/TARGET_STM/TARGET_STM32L4/STM32Cube_FW/STM32L4xx_HAL_Driver/stm32l4xx_hal_uart.o
    0x0800265c   0x00000018   Code   RO           77    .text._GLOBAL__sub_I_main.cpp  BUILD/NUCLEO_L476RG/ARMC6/main.o
    0x08002674   0x00000028   Code   RO           69    .text._Z13ISR_playpausev  BUILD/NUCLEO_L476RG/ARMC6/main.o
    0x0800269c   0x0000006c   Code   RO         2854    .text._Z30core_util_atomic_load_explicitIhET_PKS0_17mbed_memory_order  BUILD/NUCLEO_L476RG/ARMC6/mbed-os/platform/source/mbed_retarget.o
    0x08002708   0x00000010   Code   RO           75    .text._ZL10gpio_writeP6gpio_ti  BUILD/NUCLEO_L476RG/ARMC6/main.o
    0x08002718   0x00000034   Code   RO         2810    .text._ZL14do_serial_initv  BUILD/NUCLEO_L476RG/ARMC6/mbed-os/platform/source/mbed_retarget.o
    0x0800274c   0x00000018   Code   RO         2716    .text._ZL19do_serial_init_oncev  BUILD/NUCLEO_L476RG/ARMC6/mbed-os/platform/source/mbed_retarget.o
    0x08002764   0x00000008   Code   RO         2611    .text._ZL5sleepv    BUILD/NUCLEO_L476RG/ARMC6/mbed-os/platform/source/mbed_os_timer.o
    0x0800276c   0x0000000e   Code   RO           73    .text._ZL9gpio_readP6gpio_t  BUILD/NUCLEO_L476RG/ARMC6/main.o
    0x0800277a   0x00000002   PAD
    0x0800277c   0x00000014   Code   RO         1903    .text._ZN10CThunkBase11cthunk_freeEPFvvE  BUILD/NUCLEO_L476RG/ARMC6/mbed-os/platform/source/CThunkBase.o
    0x08002790   0x00000004   Code   RO           25    .text._ZN16MP3_DFMiniPlayer10getDataCntEv  BUILD/NUCLEO_L476RG/ARMC6/libs/MP3_DFMiniPlayer.o
    0x08002794   0x00000056   Code   RO            7    .text._ZN16MP3_DFMiniPlayer12ISR_MP3_dataEv  BUILD/NUCLEO_L476RG/ARMC6/libs/MP3_DFMiniPlayer.o
    0x080027ea   0x00000002   PAD
    0x080027ec   0x0000001a   Code   RO           11    .text._ZN16MP3_DFMiniPlayer13checkCheckSumEPh  BUILD/NUCLEO_L476RG/ARMC6/libs/MP3_DFMiniPlayer.o
    0x08002806   0x00000002   PAD
    0x08002808   0x00000034   Code   RO           13    .text._ZN16MP3_DFMiniPlayer13waitAvailableEv  BUILD/NUCLEO_L476RG/ARMC6/libs/MP3_DFMiniPlayer.o
    0x0800283c   0x00000056   Code   RO           23    .text._ZN16MP3_DFMiniPlayer14setDebugSerialEPN4mbed16UnbufferedSerialE  BUILD/NUCLEO_L476RG/ARMC6/libs/MP3_DFMiniPlayer.o
    0x08002892   0x00000002   PAD
    0x08002894   0x00000016   Code   RO            9    .text._ZN16MP3_DFMiniPlayer17calculateCheckSumEPh  BUILD/NUCLEO_L476RG/ARMC6/libs/MP3_DFMiniPlayer.o
    0x080028aa   0x00000002   PAD
    0x080028ac   0x00000028   Code   RO           15    .text._ZN16MP3_DFMiniPlayer5resetEv  BUILD/NUCLEO_L476RG/ARMC6/libs/MP3_DFMiniPlayer.o
    0x080028d4   0x00000028   Code   RO           19    .text._ZN16MP3_DFMiniPlayer7playCmdEv  BUILD/NUCLEO_L476RG/ARMC6/libs/MP3_DFMiniPlayer.o
    0x080028fc   0x00000028   Code   RO           21    .text._ZN16MP3_DFMiniPlayer8pauseCmdEv  BUILD/NUCLEO_L476RG/ARMC6/libs/MP3_DFMiniPlayer.o
    0x08002924   0x0000002c   Code   RO           17    .text._ZN16MP3_DFMiniPlayer9playTrackEtt  BUILD/NUCLEO_L476RG/ARMC6/libs/MP3_DFMiniPlayer.o
    0x08002950   0x00000064   Code   RO            5    .text._ZN16MP3_DFMiniPlayerC2EPN4mbed16UnbufferedSerialE  BUILD/NUCLEO_L476RG/ARMC6/libs/MP3_DFMiniPlayer.o
    0x080029b4   0x00000008   Code   RO          104    .text._ZN4mbed10DigitalOut4readEv  BUILD/NUCLEO_L476RG/ARMC6/main.o
    0x080029bc   0x00000008   Code   RO          106    .text._ZN4mbed10DigitalOut5writeEi  BUILD/NUCLEO_L476RG/ARMC6/main.o
    0x080029c4   0x0000001e   Code   RO           96    .text._ZN4mbed10DigitalOutC2E7PinName  BUILD/NUCLEO_L476RG/ARMC6/main.o
    0x080029e2   0x00000002   PAD
    0x080029e4   0x0000000c   Code   RO          102    .text._ZN4mbed10DigitalOutaSEi  BUILD/NUCLEO_L476RG/ARMC6/main.o
    0x080029f0   0x00000008   Code   RO          100    .text._ZN4mbed10DigitalOutcviEv  BUILD/NUCLEO_L476RG/ARMC6/main.o
    0x080029f8   0x00000006   Code   RO         2011    .text._ZN4mbed10FileHandle12enable_inputEb  BUILD/NUCLEO_L476RG/ARMC6/mbed-os/platform/source/FileHandle.o
    0x080029fe   0x00000002   PAD
    0x08002a00   0x00000010   Code   RO         1384    .text._ZN4mbed10FileHandle12set_blockingEb  BUILD/NUCLEO_L476RG/ARMC6/mbed-os/drivers/source/UnbufferedSerial.o
    0x08002a10   0x00000006   Code   RO         2013    .text._ZN4mbed10FileHandle13enable_outputEb  BUILD/NUCLEO_L476RG/ARMC6/mbed-os/platform/source/FileHandle.o
    0x08002a16   0x00000002   PAD
    0x08002a18   0x00000036   Code   RO         1997    .text._ZN4mbed10FileHandle4sizeEv  BUILD/NUCLEO_L476RG/ARMC6/mbed-os/platform/source/FileHandle.o
    0x08002a4e   0x00000002   PAD
    0x08002a50   0x00000004   Code   RO         1378    .text._ZN4mbed10FileHandle4syncEv  BUILD/NUCLEO_L476RG/ARMC6/mbed-os/drivers/source/UnbufferedSerial.o
    0x08002a54   0x0000000e   Code   RO          308    .text._ZN4mbed10FileHandle4tellEv  BUILD/NUCLEO_L476RG/ARMC6/mbed-os/drivers/source/BufferedSerial.o
    0x08002a62   0x00000002   PAD
    0x08002a64   0x00000002   Code   RO         1388    .text._ZN4mbed10FileHandle5sigioENS_8CallbackIFvvEEE  BUILD/NUCLEO_L476RG/ARMC6/mbed-os/drivers/source/UnbufferedSerial.o
    0x08002a66   0x00000002   PAD
    0x08002a68   0x00000004   Code   RO         2009    .text._ZN4mbed10FileHandle6isattyEv  BUILD/NUCLEO_L476RG/ARMC6/mbed-os/platform/source/FileHandle.o
    0x08002a6c   0x0000000e   Code   RO          310    .text._ZN4mbed10FileHandle6rewindEv  BUILD/NUCLEO_L476RG/ARMC6/mbed-os/drivers/source/BufferedSerial.o
    0x08002a7a   0x00000002   PAD
    0x08002a7c   0x00000006   Code   RO          312    .text._ZN4mbed10FileHandle8truncateEl  BUILD/NUCLEO_L476RG/ARMC6/mbed-os/drivers/source/BufferedSerial.o
    0x08002a82   0x00000002   PAD
    0x08002a84   0x0000000e   Code   RO          276    .text._ZN4mbed10FileHandleC2Ev  BUILD/NUCLEO_L476RG/ARMC6/mbed-os/drivers/source/BufferedSerial.o
    0x08002a92   0x00000002   PAD
    0x08002a94   0x00000002   Code   RO         2007    .text._ZN4mbed10FileHandleD0Ev  BUILD/NUCLEO_L476RG/ARMC6/mbed-os/platform/source/FileHandle.o
    0x08002a96   0x00000002   PAD
    0x08002a98   0x00000002   Code   RO          286    .text._ZN4mbed10FileHandleD2Ev  BUILD/NUCLEO_L476RG/ARMC6/mbed-os/drivers/source/BufferedSerial.o
    0x08002a9a   0x00000002   PAD
    0x08002a9c   0x0000000a   Code   RO         1099    .text._ZN4mbed10SerialBase10_base_getcEv  BUILD/NUCLEO_L476RG/ARMC6/mbed-os/drivers/source/SerialBase.o
    0x08002aa6   0x00000002   PAD
    0x08002aa8   0x0000000e   Code   RO         1101    .text._ZN4mbed10SerialBase10_base_putcEi  BUILD/NUCLEO_L476RG/ARMC6/mbed-os/drivers/source/SerialBase.o
    0x08002ab6   0x00000002   PAD
    0x08002ab8   0x0000001e   Code   RO         1097    .text._ZN4mbed10SerialBase12_irq_handlerEj9SerialIrq  BUILD/NUCLEO_L476RG/ARMC6/mbed-os/drivers/source/SerialBase.o
    0x08002ad6   0x00000002   PAD
    0x08002ad8   0x0000009a   Code   RO         1105    .text._ZN4mbed10SerialBase12enable_inputEb  BUILD/NUCLEO_L476RG/ARMC6/mbed-os/drivers/source/SerialBase.o
    0x08002b72   0x00000002   PAD
    0x08002b74   0x0000009a   Code   RO         1107    .text._ZN4mbed10SerialBase13enable_outputEb  BUILD/NUCLEO_L476RG/ARMC6/mbed-os/drivers/source/SerialBase.o
    0x08002c0e   0x00000002   PAD
    0x08002c10   0x00000026   Code   RO         1087    .text._ZN4mbed10SerialBase4baudEi  BUILD/NUCLEO_L476RG/ARMC6/mbed-os/drivers/source/SerialBase.o
    0x08002c36   0x00000002   PAD
    0x08002c38   0x00000002   Code   RO         1115    .text._ZN4mbed10SerialBase4lockEv  BUILD/NUCLEO_L476RG/ARMC6/mbed-os/drivers/source/SerialBase.o
    0x08002c3a   0x00000002   PAD
    0x08002c3c   0x00000058   Code   RO         1081    .text._ZN4mbed10SerialBase5_initEv  BUILD/NUCLEO_L476RG/ARMC6/mbed-os/drivers/source/SerialBase.o
    0x08002c94   0x00000098   Code   RO         1095    .text._ZN4mbed10SerialBase6attachENS_8CallbackIFvvEEENS0_7IrqTypeE  BUILD/NUCLEO_L476RG/ARMC6/mbed-os/drivers/source/SerialBase.o
    0x08002d2c   0x00000002   Code   RO         1117    .text._ZN4mbed10SerialBase6unlockEv  BUILD/NUCLEO_L476RG/ARMC6/mbed-os/drivers/source/SerialBase.o
    0x08002d2e   0x00000002   PAD
    0x08002d30   0x0000000a   Code   RO         1103    .text._ZN4mbed10SerialBase7_deinitEv  BUILD/NUCLEO_L476RG/ARMC6/mbed-os/drivers/source/SerialBase.o
    0x08002d3a   0x00000002   PAD
    0x08002d3c   0x00000022   Code   RO         1091    .text._ZN4mbed10SerialBase8readableEv  BUILD/NUCLEO_L476RG/ARMC6/mbed-os/drivers/source/SerialBase.o
    0x08002d5e   0x00000002   PAD
    0x08002d60   0x00000022   Code   RO         1093    .text._ZN4mbed10SerialBase9writeableEv  BUILD/NUCLEO_L476RG/ARMC6/mbed-os/drivers/source/SerialBase.o
    0x08002d82   0x00000002   PAD
    0x08002d84   0x000000b6   Code   RO         1079    .text._ZN4mbed10SerialBaseC2E7PinNameS1_i  BUILD/NUCLEO_L476RG/ARMC6/mbed-os/drivers/source/SerialBase.o
    0x08002e3a   0x00000002   PAD
    0x08002e3c   0x0000000c   Code   RO         1121    .text._ZN4mbed10SerialBaseD0Ev  BUILD/NUCLEO_L476RG/ARMC6/mbed-os/drivers/source/SerialBase.o
    0x08002e48   0x0000005a   Code   RO         1119    .text._ZN4mbed10SerialBaseD2Ev  BUILD/NUCLEO_L476RG/ARMC6/mbed-os/drivers/source/SerialBase.o
    0x08002ea2   0x00000002   PAD
    0x08002ea4   0x00000018   Code   RO         1303    .text._ZN4mbed10TimerEvent15insert_absoluteENSt3__26chrono10time_pointINS_15TickerDataClockENS2_8durationIxNS1_5ratioILx1ELx1000000EEEEEEE  BUILD/NUCLEO_L476RG/ARMC6/mbed-os/drivers/source/TimerEvent.o
    0x08002ebc   0x0000000a   Code   RO         1293    .text._ZN4mbed10TimerEvent3irqEj  BUILD/NUCLEO_L476RG/ARMC6/mbed-os/drivers/source/TimerEvent.o
    0x08002ec6   0x00000002   PAD
    0x08002ec8   0x00000012   Code   RO         1297    .text._ZN4mbed10TimerEvent6removeEv  BUILD/NUCLEO_L476RG/ARMC6/mbed-os/drivers/source/TimerEvent.o
    0x08002eda   0x00000002   PAD
    0x08002edc   0x00000032   Code   RO         1291    .text._ZN4mbed10TimerEventC2EPK13ticker_data_t  BUILD/NUCLEO_L476RG/ARMC6/mbed-os/drivers/source/TimerEvent.o
    0x08002f0e   0x00000002   PAD
    0x08002f10   0x00000036   Code   RO          726    .text._ZN4mbed11InterruptIn12_irq_handlerEj14gpio_irq_event  BUILD/NUCLEO_L476RG/ARMC6/mbed-os/drivers/source/InterruptIn.o
    0x08002f46   0x00000002   PAD
    0x08002f48   0x0000004a   Code   RO          740    .text._ZN4mbed11InterruptIn4fallENS_8CallbackIFvvEEE  BUILD/NUCLEO_L476RG/ARMC6/mbed-os/drivers/source/InterruptIn.o
    0x08002f92   0x00000002   PAD
    0x08002f94   0x00000014   Code   RO          722    .text._ZN4mbed11InterruptIn8irq_initE7PinName  BUILD/NUCLEO_L476RG/ARMC6/mbed-os/drivers/source/InterruptIn.o
    0x08002fa8   0x00000048   Code   RO          720    .text._ZN4mbed11InterruptInC2E7PinName  BUILD/NUCLEO_L476RG/ARMC6/mbed-os/drivers/source/InterruptIn.o
    0x08002ff0   0x0000000c   Code   RO          730    .text._ZN4mbed11InterruptInD0Ev  BUILD/NUCLEO_L476RG/ARMC6/mbed-os/drivers/source/InterruptIn.o
    0x08002ffc   0x0000001e   Code   RO          728    .text._ZN4mbed11InterruptInD2Ev  BUILD/NUCLEO_L476RG/ARMC6/mbed-os/drivers/source/InterruptIn.o
    0x0800301a   0x00000002   PAD
    0x0800301c   0x0000000a   Code   RO         1314    .text._ZN4mbed15TickerDataClock11set_handlerEPFvjE  BUILD/NUCLEO_L476RG/ARMC6/mbed-os/drivers/source/TimerEvent.o
    0x08003026   0x00000002   PAD
    0x08003028   0x00000016   Code   RO         1318    .text._ZN4mbed15TickerDataClock12insert_eventEP14ticker_event_sNSt3__26chrono10time_pointIS0_NS4_8durationIxNS3_5ratioILx1ELx1000000EEEEEEEj  BUILD/NUCLEO_L476RG/ARMC6/mbed-os/drivers/source/TimerEvent.o
    0x0800303e   0x00000002   PAD
    0x08003040   0x0000000a   Code   RO         1320    .text._ZN4mbed15TickerDataClock12remove_eventEP14ticker_event_s  BUILD/NUCLEO_L476RG/ARMC6/mbed-os/drivers/source/TimerEvent.o
    0x0800304a   0x00000002   PAD
    0x0800304c   0x00000004   Code   RO         1282    .text._ZN4mbed15TickerDataClockC2EPK13ticker_data_t  BUILD/NUCLEO_L476RG/ARMC6/mbed-os/drivers/source/Timer.o
    0x08003050   0x0000000a   Code   RO         1340    .text._ZN4mbed16UnbufferedSerial12enable_inputEb  BUILD/NUCLEO_L476RG/ARMC6/mbed-os/drivers/source/UnbufferedSerial.o
    0x0800305a   0x00000002   PAD
    0x0800305c   0x0000000a   Code   RO         1344    .text._ZN4mbed16UnbufferedSerial13enable_outputEb  BUILD/NUCLEO_L476RG/ARMC6/mbed-os/drivers/source/UnbufferedSerial.o
    0x08003066   0x00000002   PAD
    0x08003068   0x0000002a   Code   RO         1332    .text._ZN4mbed16UnbufferedSerial4readEPvj  BUILD/NUCLEO_L476RG/ARMC6/mbed-os/drivers/source/UnbufferedSerial.o
    0x08003092   0x00000002   PAD
    0x08003094   0x0000000a   Code   RO         1362    .text._ZN4mbed16UnbufferedSerial4seekEli  BUILD/NUCLEO_L476RG/ARMC6/mbed-os/drivers/source/UnbufferedSerial.o
    0x0800309e   0x00000002   PAD
    0x080030a0   0x00000006   Code   RO         1364    .text._ZN4mbed16UnbufferedSerial4sizeEv  BUILD/NUCLEO_L476RG/ARMC6/mbed-os/drivers/source/UnbufferedSerial.o
    0x080030a6   0x00000002   PAD
    0x080030a8   0x00000004   Code   RO         1368    .text._ZN4mbed16UnbufferedSerial5closeEv  BUILD/NUCLEO_L476RG/ARMC6/mbed-os/drivers/source/UnbufferedSerial.o
    0x080030ac   0x00000048   Code   RO         1328    .text._ZN4mbed16UnbufferedSerial5writeEPKvj  BUILD/NUCLEO_L476RG/ARMC6/mbed-os/drivers/source/UnbufferedSerial.o
    0x080030f4   0x00000004   Code   RO         1366    .text._ZN4mbed16UnbufferedSerial6isattyEv  BUILD/NUCLEO_L476RG/ARMC6/mbed-os/drivers/source/UnbufferedSerial.o
    0x080030f8   0x00000028   Code   RO         1324    .text._ZN4mbed16UnbufferedSerialC2E7PinNameS1_i  BUILD/NUCLEO_L476RG/ARMC6/mbed-os/drivers/source/UnbufferedSerial.o
    0x08003120   0x0000000c   Code   RO         1360    .text._ZN4mbed16UnbufferedSerialD0Ev  BUILD/NUCLEO_L476RG/ARMC6/mbed-os/drivers/source/UnbufferedSerial.o
    0x0800312c   0x00000012   Code   RO         1358    .text._ZN4mbed16UnbufferedSerialD2Ev  BUILD/NUCLEO_L476RG/ARMC6/mbed-os/drivers/source/UnbufferedSerial.o
    0x0800313e   0x00000002   PAD
    0x08003140   0x0000000c   Code   RO         1933    .text._ZN4mbed19CriticalSectionLockC2Ev  BUILD/NUCLEO_L476RG/ARMC6/mbed-os/platform/source/CriticalSectionLock.o
    0x0800314c   0x0000000c   Code   RO         1935    .text._ZN4mbed19CriticalSectionLockD2Ev  BUILD/NUCLEO_L476RG/ARMC6/mbed-os/platform/source/CriticalSectionLock.o
    0x08003158   0x0000001a   Code   RO         2714    .text._ZN4mbed20minimal_console_putcEi  BUILD/NUCLEO_L476RG/ARMC6/mbed-os/platform/source/mbed_retarget.o
    0x08003172   0x00000002   PAD
    0x08003174   0x00000002   Code   RO          782    .text._ZN4mbed4impl7MbedCRCILj79764919ELh32ELNS_7CrcModeE2EE10shift_leftEj  BUILD/NUCLEO_L476RG/ARMC6/mbed-os/drivers/source/MbedCRC.o
    0x08003176   0x00000002   PAD
    0x08003178   0x00000008   Code   RO          780    .text._ZN4mbed4impl7MbedCRCILj79764919ELh32ELNS_7CrcModeE2EE11reflect_crcEj  BUILD/NUCLEO_L476RG/ARMC6/mbed-os/drivers/source/MbedCRC.o
    0x08003180   0x00000002   Code   RO          802    .text._ZN4mbed4impl7MbedCRCILj79764919ELh32ELNS_7CrcModeE2EE11shift_rightEj  BUILD/NUCLEO_L476RG/ARMC6/mbed-os/drivers/source/MbedCRC.o
    0x08003182   0x00000002   PAD
    0x08003184   0x00000006   Code   RO          808    .text._ZN4mbed4impl7MbedCRCILj79764919ELh32ELNS_7CrcModeE2EE12get_crc_maskEv  BUILD/NUCLEO_L476RG/ARMC6/mbed-os/drivers/source/MbedCRC.o
    0x0800318a   0x00000002   PAD
    0x0800318c   0x00000008   Code   RO          790    .text._ZN4mbed4impl7MbedCRCILj79764919ELh32ELNS_7CrcModeE2EE15compute_partialEPKvjPj  BUILD/NUCLEO_L476RG/ARMC6/mbed-os/drivers/source/MbedCRC.o
    0x08003194   0x00000012   Code   RO          798    .text._ZN4mbed4impl7MbedCRCILj79764919ELh32ELNS_7CrcModeE2EE15do_1_bit_normalEj  BUILD/NUCLEO_L476RG/ARMC6/mbed-os/drivers/source/MbedCRC.o
    0x080031a6   0x00000002   PAD
    0x080031a8   0x00000006   Code   RO          804    .text._ZN4mbed4impl7MbedCRCILj79764919ELh32ELNS_7CrcModeE2EE16reflect_constantEj  BUILD/NUCLEO_L476RG/ARMC6/mbed-os/drivers/source/MbedCRC.o
    0x080031ae   0x00000002   PAD
    0x080031b0   0x00000012   Code   RO          796    .text._ZN4mbed4impl7MbedCRCILj79764919ELh32ELNS_7CrcModeE2EE18do_1_bit_reflectedEj  BUILD/NUCLEO_L476RG/ARMC6/mbed-os/drivers/source/MbedCRC.o
    0x080031c2   0x00000002   PAD
    0x080031c4   0x00000010   Code   RO          806    .text._ZN4mbed4impl7MbedCRCILj79764919ELh32ELNS_7CrcModeE2EE18get_top_polynomialEv  BUILD/NUCLEO_L476RG/ARMC6/mbed-os/drivers/source/MbedCRC.o
    0x080031d4   0x00000010   Code   RO          778    .text._ZN4mbed4impl7MbedCRCILj79764919ELh32ELNS_7CrcModeE2EE20adjust_initial_valueEjb  BUILD/NUCLEO_L476RG/ARMC6/mbed-os/drivers/source/MbedCRC.o
    0x080031e4   0x00000036   Code   RO          792    .text._ZN4mbed4impl7MbedCRCILj79764919ELh32ELNS_7CrcModeE2EE20compute_partial_stopEPj  BUILD/NUCLEO_L476RG/ARMC6/mbed-os/drivers/source/MbedCRC.o
    0x0800321a   0x00000002   PAD
    0x0800321c   0x00000008   Code   RO          788    .text._ZN4mbed4impl7MbedCRCILj79764919ELh32ELNS_7CrcModeE2EE21compute_partial_startEPj  BUILD/NUCLEO_L476RG/ARMC6/mbed-os/drivers/source/MbedCRC.o
    0x08003224   0x00000014   Code   RO          800    .text._ZN4mbed4impl7MbedCRCILj79764919ELh32ELNS_7CrcModeE2EE24get_reflected_polynomialEv  BUILD/NUCLEO_L476RG/ARMC6/mbed-os/drivers/source/MbedCRC.o
    0x08003238   0x00000034   Code   RO          786    .text._ZN4mbed4impl7MbedCRCILj79764919ELh32ELNS_7CrcModeE2EE7computeEPKvjPj  BUILD/NUCLEO_L476RG/ARMC6/mbed-os/drivers/source/MbedCRC.o
    0x0800326c   0x00000006   Code   RO          784    .text._ZN4mbed4impl7MbedCRCILj79764919ELh32ELNS_7CrcModeE2EE7reflectEj  BUILD/NUCLEO_L476RG/ARMC6/mbed-os/drivers/source/MbedCRC.o
    0x08003272   0x00000002   PAD
    0x08003274   0x00000022   Code   RO          776    .text._ZN4mbed4impl7MbedCRCILj79764919ELh32ELNS_7CrcModeE2EEC2Ejjbb  BUILD/NUCLEO_L476RG/ARMC6/mbed-os/drivers/source/MbedCRC.o
    0x08003296   0x00000002   PAD
    0x08003298   0x0000000c   Code   RO          108    .text._ZN4mbed6detail12CallbackBase5clearEv  BUILD/NUCLEO_L476RG/ARMC6/main.o
    0x080032a4   0x00000004   Code   RO          112    .text._ZN4mbed6detail12CallbackBase7controlEv  BUILD/NUCLEO_L476RG/ARMC6/main.o
    0x080032a8   0x00000002   Code   RO          526    .text._ZN4mbed6detail12CallbackBase7destroyEv  BUILD/NUCLEO_L476RG/ARMC6/mbed-os/drivers/source/CAN.o
    0x080032aa   0x00000002   PAD
    0x080032ac   0x00000006   Code   RO          318    .text._ZN4mbed6detail12CallbackBaseC2EDn  BUILD/NUCLEO_L476RG/ARMC6/mbed-os/drivers/source/BufferedSerial.o
    0x080032b2   0x00000002   PAD
    0x080032b4   0x00000008   Code   RO           52    .text._ZN4mbed6detail8invoke_rIvRKM16MP3_DFMiniPlayerFvvEJRKPS2_ELi0EEET_OT0_DpOT1_  BUILD/NUCLEO_L476RG/ARMC6/libs/MP3_DFMiniPlayer.o
    0x080032bc   0x00000008   Code   RO          116    .text._ZN4mbed6detail8invoke_rIvRPFvvEJELi0EEET_OT0_DpOT1_  BUILD/NUCLEO_L476RG/ARMC6/main.o
    0x080032c4   0x00000008   Code   RO           44    .text._ZN4mbed6detail8invoke_rIvRZNS_8CallbackIFvvEEC1IP16MP3_DFMiniPlayerMS6_FvvELi0EEET_T0_EUlvE_JELi0EEESA_OSB_DpOT1_  BUILD/NUCLEO_L476RG/ARMC6/libs/MP3_DFMiniPlayer.o
    0x080032cc   0x00000008   Code   RO          774    .text._ZN4mbed7MbedCRCILj79764919ELh32ELNS_7CrcModeE2EE7computeEPKvjPj  BUILD/NUCLEO_L476RG/ARMC6/mbed-os/drivers/source/MbedCRC.o
    0x080032d4   0x00000014   Code   RO          772    .text._ZN4mbed7MbedCRCILj79764919ELh32ELNS_7CrcModeE2EEC2Ejjbb  BUILD/NUCLEO_L476RG/ARMC6/mbed-os/drivers/source/MbedCRC.o
    0x080032e8   0x0000000a   Code   RO          659    .text._ZN4mbed8CallbackIFviEEC2Ev  BUILD/NUCLEO_L476RG/ARMC6/mbed-os/drivers/source/I2C.o
    0x080032f2   0x00000002   PAD
    0x080032f4   0x00000008   Code   RO          114    .text._ZN4mbed8CallbackIFvvEE11target_callIPS1_EEvPKNS_6detail12CallbackBaseE  BUILD/NUCLEO_L476RG/ARMC6/main.o
    0x080032fc   0x00000008   Code   RO           42    .text._ZN4mbed8CallbackIFvvEE11target_callIZNS2_C1IP16MP3_DFMiniPlayerMS5_FvvELi0EEET_T0_EUlvE_EEvPKNS_6detail12CallbackBaseE  BUILD/NUCLEO_L476RG/ARMC6/libs/MP3_DFMiniPlayer.o
    0x08003304   0x00000016   Code   RO          110    .text._ZN4mbed8CallbackIFvvEE8generateIPS1_vEEvOT_  BUILD/NUCLEO_L476RG/ARMC6/main.o
    0x0800331a   0x00000002   PAD
    0x0800331c   0x00000018   Code   RO           40    .text._ZN4mbed8CallbackIFvvEE8generateIZNS2_C1IP16MP3_DFMiniPlayerMS5_FvvELi0EEET_T0_EUlvE_vEEvOS9_  BUILD/NUCLEO_L476RG/ARMC6/libs/MP3_DFMiniPlayer.o
    0x08003334   0x00000008   Code   RO          302    .text._ZN4mbed8CallbackIFvvEEC2EDn  BUILD/NUCLEO_L476RG/ARMC6/mbed-os/drivers/source/BufferedSerial.o
    0x0800333c   0x0000000a   Code   RO          280    .text._ZN4mbed8CallbackIFvvEEC2Ev  BUILD/NUCLEO_L476RG/ARMC6/mbed-os/drivers/source/BufferedSerial.o
    0x08003346   0x00000002   PAD
    0x08003348   0x00000022   Code   RO           38    .text._ZN4mbed8CallbackIFvvEEC2IP16MP3_DFMiniPlayerMS4_FvvELi0EEET_T0_  BUILD/NUCLEO_L476RG/ARMC6/libs/MP3_DFMiniPlayer.o
    0x0800336a   0x00000002   PAD
    0x0800336c   0x0000002a   Code   RO           98    .text._ZN4mbed8CallbackIFvvEEC2IPS1_Li0EEET_  BUILD/NUCLEO_L476RG/ARMC6/main.o
    0x08003396   0x00000002   PAD
    0x08003398   0x00000012   Code   RO          524    .text._ZN4mbed8CallbackIFvvEEaSEDn  BUILD/NUCLEO_L476RG/ARMC6/mbed-os/drivers/source/CAN.o
    0x080033aa   0x00000002   PAD
    0x080033ac   0x00000008   Code   RO           36    .text._ZN4mbed8callbackI16MP3_DFMiniPlayerS1_vJEEENS_8CallbackIFT1_DpT2_EEEPT0_MT_FS3_S5_E  BUILD/NUCLEO_L476RG/ARMC6/libs/MP3_DFMiniPlayer.o
    0x080033b4   0x0000002a   Code   RO         2603    .text._ZN4mbed8internal13init_os_timerEv  BUILD/NUCLEO_L476RG/ARMC6/mbed-os/platform/source/mbed_os_timer.o
    0x080033de   0x00000002   PAD
    0x080033e0   0x00000058   Code   RO         2624    .text._ZN4mbed8internal18do_sleep_operationINS0_18timed_predicate_opEEEvRT_  BUILD/NUCLEO_L476RG/ARMC6/mbed-os/platform/source/mbed_os_timer.o
    0x08003438   0x00000020   Code   RO         2638    .text._ZN4mbed8internal18timed_predicate_op13sleep_prepareEv  BUILD/NUCLEO_L476RG/ARMC6/mbed-os/platform/source/mbed_os_timer.o
    0x08003458   0x00000028   Code   RO         2640    .text._ZN4mbed8internal18timed_predicate_op14sleep_preparedEv  BUILD/NUCLEO_L476RG/ARMC6/mbed-os/platform/source/mbed_os_timer.o
    0x08003480   0x00000018   Code   RO         2622    .text._ZN4mbed8internal18timed_predicate_opC2ENSt3__26chrono10time_pointINS0_7OsClockENS3_8durationIxNS2_5ratioILx1ELx1000EEEEEEEPFbPvESB_  BUILD/NUCLEO_L476RG/ARMC6/mbed-os/platform/source/mbed_os_timer.o
    0x08003498   0x00000018   Code   RO         2626    .text._ZN4mbed8internal18timed_predicate_opD2Ev  BUILD/NUCLEO_L476RG/ARMC6/mbed-os/platform/source/mbed_os_timer.o
    0x080034b0   0x0000004e   Code   RO         2609    .text._ZN4mbed8internal34do_timed_sleep_relative_or_foreverENSt3__26chrono8durationIjNS1_5ratioILx1ELx1000EEEEEPFbPvES7_  BUILD/NUCLEO_L476RG/ARMC6/mbed-os/platform/source/mbed_os_timer.o
    0x080034fe   0x00000002   PAD
    0x08003500   0x0000001a   Code   RO         2642    .text._ZN4mbed8internal7OsClock13set_wake_timeENSt3__26chrono10time_pointIS1_NS3_8durationIxNS2_5ratioILx1ELx1000EEEEEEE  BUILD/NUCLEO_L476RG/ARMC6/mbed-os/platform/source/mbed_os_timer.o
    0x0800351a   0x00000002   PAD
    0x0800351c   0x0000001e   Code   RO         2634    .text._ZN4mbed8internal7OsClock3nowEv  BUILD/NUCLEO_L476RG/ARMC6/mbed-os/platform/source/mbed_os_timer.o
    0x0800353a   0x00000002   PAD
    0x0800353c   0x00000042   Code   RO         2137    .text._ZN4mbed8internal8SysTimerINSt3__25ratioILx1ELx1000EEELb1EE11cancel_wakeEv  BUILD/NUCLEO_L476RG/ARMC6/mbed-os/platform/source/SysTimer.o
    0x0800357e   0x00000002   PAD
    0x08003580   0x000000ec   Code   RO         2141    .text._ZN4mbed8internal8SysTimerINSt3__25ratioILx1ELx1000EEELb1EE13set_wake_timeENS2_6chrono10time_pointIS5_NS6_8durationIyS4_EEEE  BUILD/NUCLEO_L476RG/ARMC6/mbed-os/platform/source/SysTimer.o
    0x0800366c   0x00000014   Code   RO         2157    .text._ZN4mbed8internal8SysTimerINSt3__25ratioILx1ELx1000EEELb1EE14_schedule_tickEv  BUILD/NUCLEO_L476RG/ARMC6/mbed-os/platform/source/SysTimer.o
    0x08003680   0x00000022   Code   RO         2177    .text._ZN4mbed8internal8SysTimerINSt3__25ratioILx1ELx1000EEELb1EE15_increment_tickEv  BUILD/NUCLEO_L476RG/ARMC6/mbed-os/platform/source/SysTimer.o
    0x080036a2   0x00000002   PAD
    0x080036a4   0x00000010   Code   RO         2155    .text._ZN4mbed8internal8SysTimerINSt3__25ratioILx1ELx1000EEELb1EE16_set_irq_pendingEv  BUILD/NUCLEO_L476RG/ARMC6/mbed-os/platform/source/SysTimer.o
    0x080036b4   0x00000070   Code   RO         2143    .text._ZN4mbed8internal8SysTimerINSt3__25ratioILx1ELx1000EEELb1EE19update_and_get_tickEv  BUILD/NUCLEO_L476RG/ARMC6/mbed-os/platform/source/SysTimer.o
    0x08003724   0x00000042   Code   RO         2175    .text._ZN4mbed8internal8SysTimerINSt3__25ratioILx1ELx1000EEELb1EE7handlerEv  BUILD/NUCLEO_L476RG/ARMC6/mbed-os/platform/source/SysTimer.o
    0x08003766   0x00000002   PAD
    0x08003768   0x0000003a   Code   RO         2131    .text._ZN4mbed8internal8SysTimerINSt3__25ratioILx1ELx1000EEELb1EEC2EPK13ticker_data_t  BUILD/NUCLEO_L476RG/ARMC6/mbed-os/platform/source/SysTimer.o
    0x080037a2   0x00000002   PAD
    0x080037a4   0x00000016   Code   RO           56    .text._ZN4mstd4impl6INVOKEI16MP3_DFMiniPlayerFvvERKPS2_JEEENSt3__29enable_ifIXaaaasr3std11is_functionIT0_EE5valuentsr3std10is_base_ofIT_NS7_5decayIT1_E4typeEEE5valuentsr20is_reference_wrapperISE_EE5valueEDTcldsdeclsr3stdE7forwardISC_Efp0_Efp_spclsr3stdE7forwardIT2_Efp1_EEEE4typeEMSA_S9_OSC_DpOSF_  BUILD/NUCLEO_L476RG/ARMC6/libs/MP3_DFMiniPlayer.o
    0x080037ba   0x00000002   PAD
    0x080037bc   0x00000006   Code   RO         2858    .text._ZN4mstd4impl6INVOKEIRFvvEJEEENSt3__29enable_ifIXoontsr3std17is_member_pointerINS4_5decayIT_E4typeEEE5valueaasr3std24is_member_object_pointerIS9_EE5valuenesZfp0_Li1EEDTclclsr3stdE7forwardIS7_Efp_Espclsr3stdE7forwardIT0_Efp0_EEEE4typeEOS7_DpOSA_  BUILD/NUCLEO_L476RG/ARMC6/mbed-os/platform/source/mbed_retarget.o
    0x080037c2   0x00000002   PAD
    0x080037c4   0x00000008   Code   RO          120    .text._ZN4mstd4impl6INVOKEIRPFvvEJEEENSt3__29enable_ifIXoontsr3std17is_member_pointerINS5_5decayIT_E4typeEEE5valueaasr3std24is_member_object_pointerISA_EE5valuenesZfp0_Li1EEDTclclsr3stdE7forwardIS8_Efp_Espclsr3stdE7forwardIT0_Efp0_EEEE4typeEOS8_DpOSB_  BUILD/NUCLEO_L476RG/ARMC6/main.o
    0x080037cc   0x00000008   Code   RO           48    .text._ZN4mstd4impl6INVOKEIRZN4mbed8CallbackIFvvEEC1IP16MP3_DFMiniPlayerMS7_FvvELi0EEET_T0_EUlvE_JEEENSt3__29enable_ifIXoontsr3std17is_member_pointerINSF_5decayISB_E4typeEEE5valueaasr3std24is_member_object_pointerISJ_EE5valuenesZfp0_Li1EEDTclclsr3stdE7forwardISB_Efp_Espclsr3stdE7forwardIT0_Efp0_EEEE4typeEOSB_DpOSK_  BUILD/NUCLEO_L476RG/ARMC6/libs/MP3_DFMiniPlayer.o
    0x080037d4   0x00000008   Code   RO         2856    .text._ZN4mstd6invokeIRFvvEJEEENS_13invoke_resultIT_JDpT0_EE4typeEOS4_DpOS5_  BUILD/NUCLEO_L476RG/ARMC6/mbed-os/platform/source/mbed_retarget.o
    0x080037dc   0x00000014   Code   RO           54    .text._ZN4mstd6invokeIRKM16MP3_DFMiniPlayerFvvEJRKPS1_EEENS_13invoke_resultIT_JDpT0_EE4typeEOSA_DpOSB_  BUILD/NUCLEO_L476RG/ARMC6/libs/MP3_DFMiniPlayer.o
    0x080037f0   0x00000008   Code   RO          118    .text._ZN4mstd6invokeIRPFvvEJEEENS_13invoke_resultIT_JDpT0_EE4typeEOS5_DpOS6_  BUILD/NUCLEO_L476RG/ARMC6/main.o
    0x080037f8   0x00000008   Code   RO           46    .text._ZN4mstd6invokeIRZN4mbed8CallbackIFvvEEC1IP16MP3_DFMiniPlayerMS6_FvvELi0EEET_T0_EUlvE_JEEENS_13invoke_resultISA_JDpT0_EE4typeEOSA_DpOSF_  BUILD/NUCLEO_L476RG/ARMC6/libs/MP3_DFMiniPlayer.o
    0x08003800   0x0000002a   Code   RO         2852    .text._ZN4mstd9call_onceIRFvvEJEEEvRNS_9once_flagEOT_DpOT0_  BUILD/NUCLEO_L476RG/ARMC6/mbed-os/platform/source/mbed_retarget.o
    0x0800382a   0x00000002   PAD
    0x0800382c   0x00000028   Code   RO         1174    .text._ZN6CThunkIN4mbed10SerialBaseEE10trampolineEP10CThunkBase  BUILD/NUCLEO_L476RG/ARMC6/mbed-os/drivers/source/SerialBase.o
    0x08003854   0x0000001e   Code   RO         1172    .text._ZN6CThunkIN4mbed10SerialBaseEE4initEPS1_MS1_FvPvES4_  BUILD/NUCLEO_L476RG/ARMC6/mbed-os/drivers/source/SerialBase.o
    0x08003872   0x00000002   PAD
    0x08003874   0x0000001c   Code   RO         1158    .text._ZN6CThunkIN4mbed10SerialBaseEEC2EPS1_  BUILD/NUCLEO_L476RG/ARMC6/mbed-os/drivers/source/SerialBase.o
    0x08003890   0x00000014   Code   RO         1162    .text._ZN6CThunkIN4mbed10SerialBaseEED2Ev  BUILD/NUCLEO_L476RG/ARMC6/mbed-os/drivers/source/SerialBase.o
    0x080038a4   0x00000004   Code   RO         1386    .text._ZNK4mbed10FileHandle11is_blockingEv  BUILD/NUCLEO_L476RG/ARMC6/mbed-os/drivers/source/UnbufferedSerial.o
    0x080038a8   0x00000004   Code   RO         2015    .text._ZNK4mbed10FileHandle4pollEs  BUILD/NUCLEO_L476RG/ARMC6/mbed-os/platform/source/FileHandle.o
    0x080038ac   0x00000012   Code   RO         1212    .text._ZNK4mbed15TickerDataClock3nowEv  BUILD/NUCLEO_L476RG/ARMC6/mbed-os/drivers/source/Ticker.o
    0x080038be   0x00000002   PAD
    0x080038c0   0x00000004   Code   RO         2147    .text._ZNK4mbed15TickerDataClockptEv  BUILD/NUCLEO_L476RG/ARMC6/mbed-os/platform/source/SysTimer.o
    0x080038c4   0x00000034   Code   RO         1336    .text._ZNK4mbed16UnbufferedSerial4pollEs  BUILD/NUCLEO_L476RG/ARMC6/mbed-os/drivers/source/UnbufferedSerial.o
    0x080038f8   0x0000005c   Code   RO          794    .text._ZNK4mbed4impl7MbedCRCILj79764919ELh32ELNS_7CrcModeE2EE18do_compute_partialILS2_2EEENSt3__29enable_ifIXeqT_LS2_2EEiE4typeEPKhjPj  BUILD/NUCLEO_L476RG/ARMC6/mbed-os/drivers/source/MbedCRC.o
    0x08003954   0x00000004   Code   RO          346    .text._ZNK4mbed6detail12CallbackBase7call_fnEv  BUILD/NUCLEO_L476RG/ARMC6/mbed-os/drivers/source/BufferedSerial.o
    0x08003958   0x00000004   Code   RO          342    .text._ZNK4mbed6detail12CallbackBase7controlEv  BUILD/NUCLEO_L476RG/ARMC6/mbed-os/drivers/source/BufferedSerial.o
    0x0800395c   0x00000034   Code   RO         1160    .text._ZNK4mbed8CallbackIFvvEE4callEv  BUILD/NUCLEO_L476RG/ARMC6/mbed-os/drivers/source/SerialBase.o
    0x08003990   0x00000008   Code   RO          294    .text._ZNK4mbed8CallbackIFvvEEclEv  BUILD/NUCLEO_L476RG/ARMC6/mbed-os/drivers/source/BufferedSerial.o
    0x08003998   0x00000010   Code   RO          292    .text._ZNK4mbed8CallbackIFvvEEcvbEv  BUILD/NUCLEO_L476RG/ARMC6/mbed-os/drivers/source/BufferedSerial.o
    0x080039a8   0x00000022   Code   RO         2636    .text._ZNK4mbed8internal18timed_predicate_op14wake_conditionEv  BUILD/NUCLEO_L476RG/ARMC6/mbed-os/platform/source/mbed_os_timer.o
    0x080039ca   0x00000002   PAD
    0x080039cc   0x00000006   Code   RO         2151    .text._ZNK4mbed8internal8SysTimerINSt3__25ratioILx1ELx1000EEELb1EE13wake_time_setEv  BUILD/NUCLEO_L476RG/ARMC6/mbed-os/platform/source/SysTimer.o
    0x080039d2   0x00000002   PAD
    0x080039d4   0x00000066   Code   RO         2169    .text._ZNK4mbed8internal8SysTimerINSt3__25ratioILx1ELx1000EEELb1EE14_elapsed_ticksEv  BUILD/NUCLEO_L476RG/ARMC6/mbed-os/platform/source/SysTimer.o
    0x08003a3a   0x00000002   PAD
    0x08003a3c   0x00000006   Code   RO         2149    .text._ZNK4mbed8internal8SysTimerINSt3__25ratioILx1ELx1000EEELb1EE16wake_time_passedEv  BUILD/NUCLEO_L476RG/ARMC6/mbed-os/platform/source/SysTimer.o
    0x08003a42   0x00000002   PAD
    0x08003a44   0x00000012   Code   RO         2145    .text._ZNK4mbed8internal8SysTimerINSt3__25ratioILx1ELx1000EEELb1EE8get_tickEv  BUILD/NUCLEO_L476RG/ARMC6/mbed-os/platform/source/SysTimer.o
    0x08003a56   0x00000002   PAD
    0x08003a58   0x0000000c   Code   RO         1342    .text._ZThn228_N4mbed16UnbufferedSerial12enable_inputEb  BUILD/NUCLEO_L476RG/ARMC6/mbed-os/drivers/source/UnbufferedSerial.o
    0x08003a64   0x0000000c   Code   RO         1346    .text._ZThn228_N4mbed16UnbufferedSerial13enable_outputEb  BUILD/NUCLEO_L476RG/ARMC6/mbed-os/drivers/source/UnbufferedSerial.o
    0x08003a70   0x00000006   Code   RO         1334    .text._ZThn228_N4mbed16UnbufferedSerial4readEPvj  BUILD/NUCLEO_L476RG/ARMC6/mbed-os/drivers/source/UnbufferedSerial.o
    0x08003a76   0x00000002   PAD
    0x08003a78   0x00000006   Code   RO         1374    .text._ZThn228_N4mbed16UnbufferedSerial4seekEli  BUILD/NUCLEO_L476RG/ARMC6/mbed-os/drivers/source/UnbufferedSerial.o
    0x08003a7e   0x00000002   PAD
    0x08003a80   0x00000006   Code   RO         1382    .text._ZThn228_N4mbed16UnbufferedSerial4sizeEv  BUILD/NUCLEO_L476RG/ARMC6/mbed-os/drivers/source/UnbufferedSerial.o
    0x08003a86   0x00000002   PAD
    0x08003a88   0x00000006   Code   RO         1376    .text._ZThn228_N4mbed16UnbufferedSerial5closeEv  BUILD/NUCLEO_L476RG/ARMC6/mbed-os/drivers/source/UnbufferedSerial.o
    0x08003a8e   0x00000002   PAD
    0x08003a90   0x00000006   Code   RO         1330    .text._ZThn228_N4mbed16UnbufferedSerial5writeEPKvj  BUILD/NUCLEO_L476RG/ARMC6/mbed-os/drivers/source/UnbufferedSerial.o
    0x08003a96   0x00000002   PAD
    0x08003a98   0x00000006   Code   RO         1380    .text._ZThn228_N4mbed16UnbufferedSerial6isattyEv  BUILD/NUCLEO_L476RG/ARMC6/mbed-os/drivers/source/UnbufferedSerial.o
    0x08003a9e   0x00000002   PAD
    0x08003aa0   0x00000006   Code   RO         1372    .text._ZThn228_N4mbed16UnbufferedSerialD0Ev  BUILD/NUCLEO_L476RG/ARMC6/mbed-os/drivers/source/UnbufferedSerial.o
    0x08003aa6   0x00000002   PAD
    0x08003aa8   0x00000006   Code   RO         1370    .text._ZThn228_N4mbed16UnbufferedSerialD1Ev  BUILD/NUCLEO_L476RG/ARMC6/mbed-os/drivers/source/UnbufferedSerial.o
    0x08003aae   0x00000002   PAD
    0x08003ab0   0x00000006   Code   RO         1338    .text._ZThn228_NK4mbed16UnbufferedSerial4pollEs  BUILD/NUCLEO_L476RG/ARMC6/mbed-os/drivers/source/UnbufferedSerial.o
    0x08003ab6   0x00000002   PAD
    0x08003ab8   0x0000000c   Code   RO           50    .text._ZZN4mbed8CallbackIFvvEEC1IP16MP3_DFMiniPlayerMS4_FvvELi0EEET_T0_ENKUlvE_clEv  BUILD/NUCLEO_L476RG/ARMC6/libs/MP3_DFMiniPlayer.o
    0x08003ac4   0x00000008   Code   RO         2794    .text._ZdlPv        BUILD/NUCLEO_L476RG/ARMC6/mbed-os/platform/source/mbed_retarget.o
    0x08003acc   0x00000020   Code   RO         8945    .text.__NVIC_ClearPendingIRQ  BUILD/NUCLEO_L476RG/ARMC6/mbed-os/targets/TARGET_STM/gpio_irq_api.o
    0x08003aec   0x0000000e   Code   RO         9117    .text.__NVIC_ClearPendingIRQ  BUILD/NUCLEO_L476RG/ARMC6/mbed-os/targets/TARGET_STM/lp_ticker.o
    0x08003afa   0x00000002   PAD
    0x08003afc   0x00000028   Code   RO         8720    .text.__NVIC_DisableIRQ  BUILD/NUCLEO_L476RG/ARMC6/mbed-os/targets/TARGET_STM/TARGET_STM32L4/serial_device.o
    0x08003b24   0x00000028   Code   RO         8943    .text.__NVIC_DisableIRQ  BUILD/NUCLEO_L476RG/ARMC6/mbed-os/targets/TARGET_STM/gpio_irq_api.o
    0x08003b4c   0x00000016   Code   RO         9115    .text.__NVIC_DisableIRQ  BUILD/NUCLEO_L476RG/ARMC6/mbed-os/targets/TARGET_STM/lp_ticker.o
    0x08003b62   0x00000002   PAD
    0x08003b64   0x00000020   Code   RO         8714    .text.__NVIC_EnableIRQ  BUILD/NUCLEO_L476RG/ARMC6/mbed-os/targets/TARGET_STM/TARGET_STM32L4/serial_device.o
    0x08003b84   0x00000020   Code   RO         8939    .text.__NVIC_EnableIRQ  BUILD/NUCLEO_L476RG/ARMC6/mbed-os/targets/TARGET_STM/gpio_irq_api.o
    0x08003ba4   0x0000000e   Code   RO         9107    .text.__NVIC_EnableIRQ  BUILD/NUCLEO_L476RG/ARMC6/mbed-os/targets/TARGET_STM/lp_ticker.o
    0x08003bb2   0x00000002   PAD
    0x08003bb4   0x00000010   Code   RO         9537    .text.__NVIC_EnableIRQ  BUILD/NUCLEO_L476RG/ARMC6/mbed-os/targets/TARGET_STM/us_ticker.o
    0x08003bc4   0x0000000e   Code   RO         9113    .text.__NVIC_SetPendingIRQ  BUILD/NUCLEO_L476RG/ARMC6/mbed-os/targets/TARGET_STM/lp_ticker.o
    0x08003bd2   0x00000002   PAD
    0x08003bd4   0x00000020   Code   RO         4272    .text.__NVIC_SetPriorityGrouping  BUILD/NUCLEO_L476RG/ARMC6/mbed-os/targets/TARGET_STM/TARGET_STM32L4/STM32Cube_FW/STM32L4xx_HAL_Driver/stm32l4xx_hal_cortex.o
    0x08003bf4   0x00000014   Code   RO         8712    .text.__NVIC_SetVector  BUILD/NUCLEO_L476RG/ARMC6/mbed-os/targets/TARGET_STM/TARGET_STM32L4/serial_device.o
    0x08003c08   0x00000012   Code   RO         8919    .text.__NVIC_SetVector  BUILD/NUCLEO_L476RG/ARMC6/mbed-os/targets/TARGET_STM/gpio_irq_api.o
    0x08003c1a   0x00000002   PAD
    0x08003c1c   0x00000018   Code   RO         9099    .text.__NVIC_SetVector  BUILD/NUCLEO_L476RG/ARMC6/mbed-os/targets/TARGET_STM/lp_ticker.o
    0x08003c34   0x00000018   Code   RO         9535    .text.__NVIC_SetVector  BUILD/NUCLEO_L476RG/ARMC6/mbed-os/targets/TARGET_STM/us_ticker.o
    0x08003c4c   0x00000024   Code   RO         2511    .text.__NVIC_SystemReset  BUILD/NUCLEO_L476RG/ARMC6/mbed-os/platform/source/mbed_error.o
    0x08003c70   0x0000005c   Code   RO         2780    .text.__cxa_guard_acquire  BUILD/NUCLEO_L476RG/ARMC6/mbed-os/platform/source/mbed_retarget.o
    0x08003ccc   0x00000032   Code   RO         2782    .text.__cxa_guard_release  BUILD/NUCLEO_L476RG/ARMC6/mbed-os/platform/source/mbed_retarget.o
    0x08003cfe   0x00000002   PAD
    0x08003d00   0x00000028   Code   RO         9638    .text.__cxa_pure_virtual  c:\ProgramData\Mbed Studio\mbed-studio-tools\ac6\bin\..\lib\libcxx\libcppabi_w.l(cxa_virtual.cpp.o)
    0x08003d28   0x00000012   Code   RO           59    .text.__cxx_global_var_init  BUILD/NUCLEO_L476RG/ARMC6/main.o
    0x08003d3a   0x00000002   PAD
    0x08003d3c   0x00000012   Code   RO           61    .text.__cxx_global_var_init.1  BUILD/NUCLEO_L476RG/ARMC6/main.o
    0x08003d4e   0x00000002   PAD
    0x08003d50   0x00000018   Code   RO           63    .text.__cxx_global_var_init.2  BUILD/NUCLEO_L476RG/ARMC6/main.o
    0x08003d68   0x00000018   Code   RO           65    .text.__cxx_global_var_init.3  BUILD/NUCLEO_L476RG/ARMC6/main.o
    0x08003d80   0x00000018   Code   RO           67    .text.__cxx_global_var_init.4  BUILD/NUCLEO_L476RG/ARMC6/main.o
    0x08003d98   0x00000008   Code   RO         2740    .text.__user_setup_stackheap  BUILD/NUCLEO_L476RG/ARMC6/mbed-os/platform/source/mbed_retarget.o
    0x08003da0   0x00000024   Code   RO         1550    .text._gpio_init_in  BUILD/NUCLEO_L476RG/ARMC6/mbed-os/hal/source/mbed_gpio.o
    0x08003dc4   0x00000030   Code   RO         1556    .text._gpio_init_out  BUILD/NUCLEO_L476RG/ARMC6/mbed-os/hal/source/mbed_gpio.o
    0x08003df4   0x00000032   Code   RO         2738    .text._mbed_user_setup_stackheap  BUILD/NUCLEO_L476RG/ARMC6/mbed-os/platform/source/mbed_retarget.o
    0x08003e26   0x00000002   PAD
    0x08003e28   0x00000008   Code   RO         2898    .text._platform_post_stackheap_init  BUILD/NUCLEO_L476RG/ARMC6/mbed-os/platform/source/mbed_sdk_boot.o
    0x08003e30   0x000001d0   Code   RO         9312    .text._serial_init_direct  BUILD/NUCLEO_L476RG/ARMC6/mbed-os/targets/TARGET_STM/serial_api.o
    0x08004000   0x00000028   Code   RO         2706    .text._sys_open     BUILD/NUCLEO_L476RG/ARMC6/mbed-os/platform/source/mbed_retarget.o
    0x08004028   0x00000006   Code   RO         2732    .text._sys_seek     BUILD/NUCLEO_L476RG/ARMC6/mbed-os/platform/source/mbed_retarget.o
    0x0800402e   0x00000002   PAD
    0x08004030   0x000000fc   Code   RO         2710    .text._sys_write    BUILD/NUCLEO_L476RG/ARMC6/mbed-os/platform/source/mbed_retarget.o
    0x0800412c   0x00000030   Code   RO         1661    .text._ticker_match_interval_passed  BUILD/NUCLEO_L476RG/ARMC6/mbed-os/hal/source/mbed_ticker_api.o
    0x0800415c   0x00000008   Code   RO         2949    .text._wait_us_inline  BUILD/NUCLEO_L476RG/ARMC6/mbed-os/platform/source/mbed_wait_api_no_rtos.o
    0x08004164   0x00000016   Code   RO         2951    .text._wait_us_ticks  BUILD/NUCLEO_L476RG/ARMC6/mbed-os/platform/source/mbed_wait_api_no_rtos.o
    0x0800417a   0x00000004   Code   RO         9769    .text.abort_message  c:\ProgramData\Mbed Studio\mbed-studio-tools\ac6\bin\..\lib\libcxx\libcppabi_w.l(abort_message.cpp.o)
    0x0800417e   0x00000002   PAD
    0x08004180   0x0000000c   Code   RO         1519    .text.are_interrupts_enabled  BUILD/NUCLEO_L476RG/ARMC6/mbed-os/hal/source/mbed_critical_section_api.o
    0x0800418c   0x00000002   Code   RO         1717    .text.block_us_ticker_free  BUILD/NUCLEO_L476RG/ARMC6/mbed-os/hal/source/mbed_us_ticker_api.o
    0x0800418e   0x00000002   PAD
    0x08004190   0x00000144   Code   RO         8856    .text.can_irq       BUILD/NUCLEO_L476RG/ARMC6/mbed-os/targets/TARGET_STM/can_api.o
    0x080042d4   0x0000006c   Code   RO         1701    .text.compute_tick_round_up  BUILD/NUCLEO_L476RG/ARMC6/mbed-os/hal/source/mbed_ticker_api.o
    0x08004340   0x0000000c   Code   RO         2446    .text.core_util_are_interrupts_enabled  BUILD/NUCLEO_L476RG/ARMC6/mbed-os/platform/source/mbed_critical.o
    0x0800434c   0x00000012   Code   RO         2341    .text.core_util_atomic_decr_u16  BUILD/NUCLEO_L476RG/ARMC6/mbed-os/platform/source/mbed_atomic_impl.o
    0x0800435e   0x00000002   PAD
    0x08004360   0x00000010   Code   RO         2327    .text.core_util_atomic_exchange_u8  BUILD/NUCLEO_L476RG/ARMC6/mbed-os/platform/source/mbed_atomic_impl.o
    0x08004370   0x00000016   Code   RO         2325    .text.core_util_atomic_flag_test_and_set  BUILD/NUCLEO_L476RG/ARMC6/mbed-os/platform/source/mbed_atomic_impl.o
    0x08004386   0x00000002   PAD
    0x08004388   0x00000012   Code   RO         2335    .text.core_util_atomic_incr_u16  BUILD/NUCLEO_L476RG/ARMC6/mbed-os/platform/source/mbed_atomic_impl.o
    0x0800439a   0x00000002   PAD
    0x0800439c   0x00000016   Code   RO         2387    .text.core_util_atomic_load_u64  BUILD/NUCLEO_L476RG/ARMC6/mbed-os/platform/source/mbed_atomic_impl.o
    0x080043b2   0x00000002   PAD
    0x080043b4   0x00000088   Code   RO         2452    .text.core_util_critical_section_enter  BUILD/NUCLEO_L476RG/ARMC6/mbed-os/platform/source/mbed_critical.o
    0x0800443c   0x0000001e   Code   RO         2454    .text.core_util_critical_section_exit  BUILD/NUCLEO_L476RG/ARMC6/mbed-os/platform/source/mbed_critical.o
    0x0800445a   0x00000002   PAD
    0x0800445c   0x00000008   Code   RO         2450    .text.core_util_in_critical_section  BUILD/NUCLEO_L476RG/ARMC6/mbed-os/platform/source/mbed_critical.o
    0x08004464   0x0000000c   Code   RO         2448    .text.core_util_is_isr_active  BUILD/NUCLEO_L476RG/ARMC6/mbed-os/platform/source/mbed_critical.o
    0x08004470   0x00000054   Code   RO         9320    .text.debug         BUILD/NUCLEO_L476RG/ARMC6/mbed-os/targets/TARGET_STM/serial_api.o
    0x080044c4   0x00000064   Code   RO         2465    .text.error         BUILD/NUCLEO_L476RG/ARMC6/mbed-os/platform/source/mbed_error.o
    0x08004528   0x00000018   Code   RO         1699    .text.exact_log2    BUILD/NUCLEO_L476RG/ARMC6/mbed-os/hal/source/mbed_ticker_api.o
    0x08004540   0x00000022   Code   RO         2752    .text.exit          BUILD/NUCLEO_L476RG/ARMC6/mbed-os/platform/source/mbed_retarget.o
    0x08004562   0x00000002   PAD
    0x08004564   0x0000001a   Code   RO         1697    .text.gcd           BUILD/NUCLEO_L476RG/ARMC6/mbed-os/hal/source/mbed_ticker_api.o
    0x0800457e   0x00000002   PAD
    0x08004580   0x0000000a   Code   RO         1582    .text.get_lp_ticker_data  BUILD/NUCLEO_L476RG/ARMC6/mbed-os/hal/source/mbed_lp_ticker_api.o
    0x0800458a   0x00000002   PAD
    0x0800458c   0x00000080   Code   RO         9340    .text.get_uart_index  BUILD/NUCLEO_L476RG/ARMC6/mbed-os/targets/TARGET_STM/serial_api.o
    0x0800460c   0x00000016   Code   RO         8891    .text.gpio_dir      BUILD/NUCLEO_L476RG/ARMC6/mbed-os/targets/TARGET_STM/gpio_api.o
    0x08004622   0x00000002   PAD
    0x08004624   0x0000004a   Code   RO         8887    .text.gpio_init     BUILD/NUCLEO_L476RG/ARMC6/mbed-os/targets/TARGET_STM/gpio_api.o
    0x0800466e   0x00000002   PAD
    0x08004670   0x0000000a   Code   RO         1546    .text.gpio_init_in  BUILD/NUCLEO_L476RG/ARMC6/mbed-os/hal/source/mbed_gpio.o
    0x0800467a   0x00000002   PAD
    0x0800467c   0x00000008   Code   RO         1548    .text.gpio_init_in_ex  BUILD/NUCLEO_L476RG/ARMC6/mbed-os/hal/source/mbed_gpio.o
    0x08004684   0x0000000a   Code   RO         1552    .text.gpio_init_out  BUILD/NUCLEO_L476RG/ARMC6/mbed-os/hal/source/mbed_gpio.o
    0x0800468e   0x00000002   PAD
    0x08004690   0x0000000c   Code   RO         1554    .text.gpio_init_out_ex  BUILD/NUCLEO_L476RG/ARMC6/mbed-os/hal/source/mbed_gpio.o
    0x0800469c   0x0000000c   Code   RO         8905    .text.gpio_irq0     BUILD/NUCLEO_L476RG/ARMC6/mbed-os/targets/TARGET_STM/gpio_irq_api.o
    0x080046a8   0x0000000c   Code   RO         8907    .text.gpio_irq1     BUILD/NUCLEO_L476RG/ARMC6/mbed-os/targets/TARGET_STM/gpio_irq_api.o
    0x080046b4   0x0000000c   Code   RO         8909    .text.gpio_irq2     BUILD/NUCLEO_L476RG/ARMC6/mbed-os/targets/TARGET_STM/gpio_irq_api.o
    0x080046c0   0x0000000c   Code   RO         8911    .text.gpio_irq3     BUILD/NUCLEO_L476RG/ARMC6/mbed-os/targets/TARGET_STM/gpio_irq_api.o
    0x080046cc   0x0000000c   Code   RO         8913    .text.gpio_irq4     BUILD/NUCLEO_L476RG/ARMC6/mbed-os/targets/TARGET_STM/gpio_irq_api.o
    0x080046d8   0x0000000c   Code   RO         8915    .text.gpio_irq5     BUILD/NUCLEO_L476RG/ARMC6/mbed-os/targets/TARGET_STM/gpio_irq_api.o
    0x080046e4   0x0000000c   Code   RO         8917    .text.gpio_irq6     BUILD/NUCLEO_L476RG/ARMC6/mbed-os/targets/TARGET_STM/gpio_irq_api.o
    0x080046f0   0x0000008e   Code   RO         8925    .text.gpio_irq_disable  BUILD/NUCLEO_L476RG/ARMC6/mbed-os/targets/TARGET_STM/gpio_irq_api.o
    0x0800477e   0x00000002   PAD
    0x08004780   0x00000076   Code   RO         8921    .text.gpio_irq_enable  BUILD/NUCLEO_L476RG/ARMC6/mbed-os/targets/TARGET_STM/gpio_irq_api.o
    0x080047f6   0x00000002   PAD
    0x080047f8   0x00000072   Code   RO         8923    .text.gpio_irq_free  BUILD/NUCLEO_L476RG/ARMC6/mbed-os/targets/TARGET_STM/gpio_irq_api.o
    0x0800486a   0x00000002   PAD
    0x0800486c   0x00000198   Code   RO         8903    .text.gpio_irq_init  BUILD/NUCLEO_L476RG/ARMC6/mbed-os/targets/TARGET_STM/gpio_irq_api.o
    0x08004a04   0x00000066   Code   RO         8927    .text.gpio_irq_set  BUILD/NUCLEO_L476RG/ARMC6/mbed-os/targets/TARGET_STM/gpio_irq_api.o
    0x08004a6a   0x00000002   PAD
    0x08004a6c   0x0000000c   Code   RO         8889    .text.gpio_mode     BUILD/NUCLEO_L476RG/ARMC6/mbed-os/targets/TARGET_STM/gpio_api.o
    0x08004a78   0x00000068   Code   RO         8885    .text.gpio_set      BUILD/NUCLEO_L476RG/ARMC6/mbed-os/targets/TARGET_STM/gpio_api.o
    0x08004ae0   0x00000010   Code   RO         1544    .text.gpio_write    BUILD/NUCLEO_L476RG/ARMC6/mbed-os/hal/source/mbed_gpio.o
    0x08004af0   0x00000010   Code   RO         2427    .text.gpio_write    BUILD/NUCLEO_L476RG/ARMC6/mbed-os/platform/source/mbed_board.o
    0x08004b00   0x00000028   Code   RO         1517    .text.hal_critical_section_enter  BUILD/NUCLEO_L476RG/ARMC6/mbed-os/hal/source/mbed_critical_section_api.o
    0x08004b28   0x00000088   Code   RO         1521    .text.hal_critical_section_exit  BUILD/NUCLEO_L476RG/ARMC6/mbed-os/hal/source/mbed_critical_section_api.o
    0x08004bb0   0x0000000c   Code   RO         1523    .text.hal_in_critical_section  BUILD/NUCLEO_L476RG/ARMC6/mbed-os/hal/source/mbed_critical_section_api.o
    0x08004bbc   0x0000001e   Code   RO         9359    .text.hal_sleep     BUILD/NUCLEO_L476RG/ARMC6/mbed-os/targets/TARGET_STM/sleep.o
    0x08004bda   0x00000002   PAD
    0x08004bdc   0x000000f0   Code   RO         2467    .text.handle_error  BUILD/NUCLEO_L476RG/ARMC6/mbed-os/platform/source/mbed_error.o
    0x08004ccc   0x000000f4   Code   RO         8947    .text.handle_interrupt_in  BUILD/NUCLEO_L476RG/ARMC6/mbed-os/targets/TARGET_STM/gpio_irq_api.o
    0x08004dc0   0x0000009c   Code   RO         9533    .text.init_32bit_timer  BUILD/NUCLEO_L476RG/ARMC6/mbed-os/targets/TARGET_STM/us_ticker.o
    0x08004e5c   0x00000090   Code   RO         9318    .text.init_uart     BUILD/NUCLEO_L476RG/ARMC6/mbed-os/targets/TARGET_STM/serial_api.o
    0x08004eec   0x00000150   Code   RO         1665    .text.initialize    BUILD/NUCLEO_L476RG/ARMC6/mbed-os/hal/source/mbed_ticker_api.o
    0x0800503c   0x0000006a   Code   RO         1679    .text.insert_event  BUILD/NUCLEO_L476RG/ARMC6/mbed-os/hal/source/mbed_ticker_api.o
    0x080050a6   0x00000002   PAD
    0x080050a8   0x0000001e   Code   RO         9109    .text.lp_ticker_clear_interrupt  BUILD/NUCLEO_L476RG/ARMC6/mbed-os/targets/TARGET_STM/lp_ticker.o
    0x080050c6   0x00000002   PAD
    0x080050c8   0x00000062   Code   RO         9097    .text.lp_ticker_disable_interrupt  BUILD/NUCLEO_L476RG/ARMC6/mbed-os/targets/TARGET_STM/lp_ticker.o
    0x0800512a   0x00000002   PAD
    0x0800512c   0x0000002c   Code   RO         9111    .text.lp_ticker_fire_interrupt  BUILD/NUCLEO_L476RG/ARMC6/mbed-os/targets/TARGET_STM/lp_ticker.o
    0x08005158   0x00000008   Code   RO         9119    .text.lp_ticker_free  BUILD/NUCLEO_L476RG/ARMC6/mbed-os/targets/TARGET_STM/lp_ticker.o
    0x08005160   0x0000000a   Code   RO         9093    .text.lp_ticker_get_info  BUILD/NUCLEO_L476RG/ARMC6/mbed-os/targets/TARGET_STM/lp_ticker.o
    0x0800516a   0x00000002   PAD
    0x0800516c   0x00000180   Code   RO         9095    .text.lp_ticker_init  BUILD/NUCLEO_L476RG/ARMC6/mbed-os/targets/TARGET_STM/lp_ticker.o
    0x080052ec   0x0000001e   Code   RO         1586    .text.lp_ticker_irq_handler  BUILD/NUCLEO_L476RG/ARMC6/mbed-os/hal/source/mbed_lp_ticker_api.o
    0x0800530a   0x00000002   PAD
    0x0800530c   0x00000012   Code   RO         9103    .text.lp_ticker_read  BUILD/NUCLEO_L476RG/ARMC6/mbed-os/targets/TARGET_STM/lp_ticker.o
    0x0800531e   0x00000002   PAD
    0x08005320   0x000000e8   Code   RO         9105    .text.lp_ticker_set_interrupt  BUILD/NUCLEO_L476RG/ARMC6/mbed-os/targets/TARGET_STM/lp_ticker.o
    0x08005408   0x00000010   Code   RO         8710    .text.lpuart1_irq   BUILD/NUCLEO_L476RG/ARMC6/mbed-os/targets/TARGET_STM/TARGET_STM32L4/serial_device.o
    0x08005418   0x00000160   Code   RO           71    .text.main          BUILD/NUCLEO_L476RG/ARMC6/main.o
    0x08005578   0x0000001a   Code   RO         2316    .text.mbed_assert_internal  BUILD/NUCLEO_L476RG/ARMC6/mbed-os/platform/source/mbed_assert.o
    0x08005592   0x00000002   PAD
    0x08005594   0x0000002c   Code   RO         2890    .text.mbed_copy_nvic  BUILD/NUCLEO_L476RG/ARMC6/mbed-os/platform/source/mbed_sdk_boot.o
    0x080055c0   0x0000006c   Code   RO         2429    .text.mbed_die      BUILD/NUCLEO_L476RG/ARMC6/mbed-os/platform/source/mbed_board.o
    0x0800562c   0x00000120   Code   RO         2489    .text.mbed_error    BUILD/NUCLEO_L476RG/ARMC6/mbed-os/platform/source/mbed_error.o
    0x0800574c   0x00000002   Code   RO         2473    .text.mbed_error_hook  BUILD/NUCLEO_L476RG/ARMC6/mbed-os/platform/source/mbed_error.o
    0x0800574e   0x00000002   PAD
    0x08005750   0x0000006a   Code   RO         2477    .text.mbed_error_initialize  BUILD/NUCLEO_L476RG/ARMC6/mbed-os/platform/source/mbed_error.o
    0x080057ba   0x00000002   PAD
    0x080057bc   0x00000014   Code   RO         2509    .text.mbed_error_is_hw_fault  BUILD/NUCLEO_L476RG/ARMC6/mbed-os/platform/source/mbed_error.o
    0x080057d0   0x00000020   Code   RO         2431    .text.mbed_error_printf  BUILD/NUCLEO_L476RG/ARMC6/mbed-os/platform/source/mbed_board.o
    0x080057f0   0x00000052   Code   RO         2435    .text.mbed_error_puts  BUILD/NUCLEO_L476RG/ARMC6/mbed-os/platform/source/mbed_board.o
    0x08005842   0x00000002   PAD
    0x08005844   0x00000002   Code   RO         2475    .text.mbed_error_reboot_callback  BUILD/NUCLEO_L476RG/ARMC6/mbed-os/platform/source/mbed_error.o
    0x08005846   0x00000002   PAD
    0x08005848   0x00000034   Code   RO         2433    .text.mbed_error_vprintf  BUILD/NUCLEO_L476RG/ARMC6/mbed-os/platform/source/mbed_board.o
    0x0800587c   0x000000f8   Code   RO         2277    .text.mbed_fault_handler  BUILD/NUCLEO_L476RG/ARMC6/mbed-os/platform/source/TARGET_CORTEX_M/mbed_fault_handler.o
    0x08005974   0x00000038   Code   RO         2471    .text.mbed_halt_system  BUILD/NUCLEO_L476RG/ARMC6/mbed-os/platform/source/mbed_error.o
    0x080059ac   0x00000020   Code   RO         2892    .text.mbed_init     BUILD/NUCLEO_L476RG/ARMC6/mbed-os/platform/source/mbed_sdk_boot.o
    0x080059cc   0x00000002   Code   RO         2884    .text.mbed_main     BUILD/NUCLEO_L476RG/ARMC6/mbed-os/platform/source/mbed_sdk_boot.o
    0x080059ce   0x00000002   PAD
    0x080059d0   0x000003da   Code   RO         3104    .text.mbed_minimal_formatted_string  BUILD/NUCLEO_L476RG/ARMC6/mbed-os/platform/source/minimal-printf/mbed_printf_implementation.o
    0x08005daa   0x00000002   PAD
    0x08005dac   0x00000160   Code   RO         3108    .text.mbed_minimal_formatted_string_integer  BUILD/NUCLEO_L476RG/ARMC6/mbed-os/platform/source/minimal-printf/mbed_printf_implementation.o
    0x08005f0c   0x0000003e   Code   RO         3112    .text.mbed_minimal_formatted_string_string  BUILD/NUCLEO_L476RG/ARMC6/mbed-os/platform/source/minimal-printf/mbed_printf_implementation.o
    0x08005f4a   0x00000002   PAD
    0x08005f4c   0x00000050   Code   RO         3114    .text.mbed_minimal_formatted_string_void_pointer  BUILD/NUCLEO_L476RG/ARMC6/mbed-os/platform/source/minimal-printf/mbed_printf_implementation.o
    0x08005f9c   0x00000042   Code   RO         3110    .text.mbed_minimal_putchar  BUILD/NUCLEO_L476RG/ARMC6/mbed-os/platform/source/minimal-printf/mbed_printf_implementation.o
    0x08005fde   0x00000002   PAD
    0x08005fe0   0x00000030   Code   RO         9162    .text.mbed_sdk_init  BUILD/NUCLEO_L476RG/ARMC6/mbed-os/targets/TARGET_STM/mbed_overrides.o
    0x08006010   0x0000002c   Code   RO          757    .text.mbed_tiny_compute_crc32  BUILD/NUCLEO_L476RG/ARMC6/mbed-os/drivers/source/MbedCRC.o
    0x0800603c   0x00000008   Code   RO         2896    .text.mbed_toolchain_init  BUILD/NUCLEO_L476RG/ARMC6/mbed-os/platform/source/mbed_sdk_boot.o
    0x08006044   0x00000034   Code   RO         3106    .text.parse_string_to_integer  BUILD/NUCLEO_L476RG/ARMC6/mbed-os/platform/source/minimal-printf/mbed_printf_implementation.o
    0x08006078   0x000000e4   Code   RO         9177    .text.pin_function  BUILD/NUCLEO_L476RG/ARMC6/mbed-os/targets/TARGET_STM/pinmap.o
    0x0800615c   0x0000007c   Code   RO         9193    .text.pin_mode      BUILD/NUCLEO_L476RG/ARMC6/mbed-os/targets/TARGET_STM/pinmap.o
    0x080061d8   0x00000026   Code   RO         1613    .text.pinmap_find_function  BUILD/NUCLEO_L476RG/ARMC6/mbed-os/hal/source/mbed_pinmap_common.o
    0x080061fe   0x00000002   PAD
    0x08006200   0x00000028   Code   RO         1609    .text.pinmap_find_peripheral  BUILD/NUCLEO_L476RG/ARMC6/mbed-os/hal/source/mbed_pinmap_common.o
    0x08006228   0x00000048   Code   RO         1607    .text.pinmap_merge  BUILD/NUCLEO_L476RG/ARMC6/mbed-os/hal/source/mbed_pinmap_common.o
    0x08006270   0x0000005c   Code   RO         1611    .text.pinmap_peripheral  BUILD/NUCLEO_L476RG/ARMC6/mbed-os/hal/source/mbed_pinmap_common.o
    0x080062cc   0x00000164   Code   RO         2279    .text.print_context_info  BUILD/NUCLEO_L476RG/ARMC6/mbed-os/platform/source/TARGET_CORTEX_M/mbed_fault_handler.o
    0x08006430   0x000001ac   Code   RO         2469    .text.print_error_report  BUILD/NUCLEO_L476RG/ARMC6/mbed-os/platform/source/mbed_error.o
    0x080065dc   0x000000d4   Code   RO         1673    .text.schedule_interrupt  BUILD/NUCLEO_L476RG/ARMC6/mbed-os/hal/source/mbed_ticker_api.o
    0x080066b0   0x0000008c   Code   RO         9316    .text.serial_baud   BUILD/NUCLEO_L476RG/ARMC6/mbed-os/targets/TARGET_STM/serial_api.o
    0x0800673c   0x0000017e   Code   RO         9314    .text.serial_free   BUILD/NUCLEO_L476RG/ARMC6/mbed-os/targets/TARGET_STM/serial_api.o
    0x080068ba   0x00000002   PAD
    0x080068bc   0x0000007a   Code   RO         8722    .text.serial_getc   BUILD/NUCLEO_L476RG/ARMC6/mbed-os/targets/TARGET_STM/TARGET_STM32L4/serial_device.o
    0x08006936   0x00000002   PAD
    0x08006938   0x000000d8   Code   RO         9310    .text.serial_init   BUILD/NUCLEO_L476RG/ARMC6/mbed-os/targets/TARGET_STM/serial_api.o
    0x08006a10   0x00000012   Code   RO         1764    .text.serial_init_direct  BUILD/NUCLEO_L476RG/ARMC6/mbed-os/hal/source/static_pinmap.o
    0x08006a22   0x00000002   PAD
    0x08006a24   0x0000001a   Code   RO         8696    .text.serial_irq_handler  BUILD/NUCLEO_L476RG/ARMC6/mbed-os/targets/TARGET_STM/TARGET_STM32L4/serial_device.o
    0x08006a3e   0x00000002   PAD
    0x08006a40   0x00000104   Code   RO         8698    .text.serial_irq_set  BUILD/NUCLEO_L476RG/ARMC6/mbed-os/targets/TARGET_STM/TARGET_STM32L4/serial_device.o
    0x08006b44   0x0000002a   Code   RO         8724    .text.serial_putc   BUILD/NUCLEO_L476RG/ARMC6/mbed-os/targets/TARGET_STM/TARGET_STM32L4/serial_device.o
    0x08006b6e   0x00000002   PAD
    0x08006b70   0x00000024   Code   RO         9332    .text.serial_readable  BUILD/NUCLEO_L476RG/ARMC6/mbed-os/targets/TARGET_STM/serial_api.o
    0x08006b94   0x0000001a   Code   RO         9334    .text.serial_writable  BUILD/NUCLEO_L476RG/ARMC6/mbed-os/targets/TARGET_STM/serial_api.o
    0x08006bae   0x00000002   PAD
    0x08006bb0   0x00000006   Code   RO         1667    .text.set_handler   BUILD/NUCLEO_L476RG/ARMC6/mbed-os/hal/source/mbed_ticker_api.o
    0x08006bb6   0x00000002   PAD
    0x08006bb8   0x00000058   Code   RO         2669    .text.sleep_manager_lock_deep_sleep_internal  BUILD/NUCLEO_L476RG/ARMC6/mbed-os/platform/source/mbed_power_mgmt.o
    0x08006c10   0x00000010   Code   RO         2677    .text.sleep_manager_sleep_auto  BUILD/NUCLEO_L476RG/ARMC6/mbed-os/platform/source/mbed_power_mgmt.o
    0x08006c20   0x00000058   Code   RO         2671    .text.sleep_manager_unlock_deep_sleep_internal  BUILD/NUCLEO_L476RG/ARMC6/mbed-os/platform/source/mbed_power_mgmt.o
    0x08006c78   0x00000016   Code   RO         9191    .text.stm_pin_PullConfig  BUILD/NUCLEO_L476RG/ARMC6/mbed-os/targets/TARGET_STM/pinmap.o
    0x08006c8e   0x00000002   PAD
    0x08006c90   0x00000022   Code   RO         9181    .text.stm_pin_SetAFPin  BUILD/NUCLEO_L476RG/ARMC6/mbed-os/targets/TARGET_STM/pinmap.o
    0x08006cb2   0x00000002   PAD
    0x08006cb4   0x00000004   Code   RO         2491    .text.system_reset  BUILD/NUCLEO_L476RG/ARMC6/mbed-os/platform/source/mbed_error.o
    0x08006cb8   0x0000000c   Code   RO         2935    .text.thread_sleep_for  BUILD/NUCLEO_L476RG/ARMC6/mbed-os/platform/source/mbed_thread.o
    0x08006cc4   0x00000036   Code   RO         1681    .text.ticker_insert_event_us  BUILD/NUCLEO_L476RG/ARMC6/mbed-os/hal/source/mbed_ticker_api.o
    0x08006cfa   0x00000002   PAD
    0x08006cfc   0x0000006a   Code   RO         1669    .text.ticker_irq_handler  BUILD/NUCLEO_L476RG/ARMC6/mbed-os/hal/source/mbed_ticker_api.o
    0x08006d66   0x00000002   PAD
    0x08006d68   0x00000022   Code   RO         1687    .text.ticker_read_us  BUILD/NUCLEO_L476RG/ARMC6/mbed-os/hal/source/mbed_ticker_api.o
    0x08006d8a   0x00000002   PAD
    0x08006d8c   0x00000038   Code   RO         1683    .text.ticker_remove_event  BUILD/NUCLEO_L476RG/ARMC6/mbed-os/hal/source/mbed_ticker_api.o
    0x08006dc4   0x0000001c   Code   RO         1663    .text.ticker_set_handler  BUILD/NUCLEO_L476RG/ARMC6/mbed-os/hal/source/mbed_ticker_api.o
    0x08006de0   0x00000036   Code   RO         9531    .text.timer_irq_handler  BUILD/NUCLEO_L476RG/ARMC6/mbed-os/targets/TARGET_STM/us_ticker.o
    0x08006e16   0x00000002   PAD
    0x08006e18   0x00000010   Code   RO         8700    .text.uart1_irq     BUILD/NUCLEO_L476RG/ARMC6/mbed-os/targets/TARGET_STM/TARGET_STM32L4/serial_device.o
    0x08006e28   0x00000010   Code   RO         8702    .text.uart2_irq     BUILD/NUCLEO_L476RG/ARMC6/mbed-os/targets/TARGET_STM/TARGET_STM32L4/serial_device.o
    0x08006e38   0x00000010   Code   RO         8704    .text.uart3_irq     BUILD/NUCLEO_L476RG/ARMC6/mbed-os/targets/TARGET_STM/TARGET_STM32L4/serial_device.o
    0x08006e48   0x00000010   Code   RO         8706    .text.uart4_irq     BUILD/NUCLEO_L476RG/ARMC6/mbed-os/targets/TARGET_STM/TARGET_STM32L4/serial_device.o
    0x08006e58   0x00000010   Code   RO         8708    .text.uart5_irq     BUILD/NUCLEO_L476RG/ARMC6/mbed-os/targets/TARGET_STM/TARGET_STM32L4/serial_device.o
    0x08006e68   0x00000094   Code   RO         8762    .text.uart_irq      BUILD/NUCLEO_L476RG/ARMC6/mbed-os/targets/TARGET_STM/TARGET_STM32L4/serial_device.o
    0x08006efc   0x00000088   Code   RO         1671    .text.update_present_time  BUILD/NUCLEO_L476RG/ARMC6/mbed-os/hal/source/mbed_ticker_api.o
    0x08006f84   0x00000012   Code   RO         9551    .text.us_ticker_clear_interrupt  BUILD/NUCLEO_L476RG/ARMC6/mbed-os/targets/TARGET_STM/us_ticker.o
    0x08006f96   0x00000002   PAD
    0x08006f98   0x00000014   Code   RO         9549    .text.us_ticker_disable_interrupt  BUILD/NUCLEO_L476RG/ARMC6/mbed-os/targets/TARGET_STM/us_ticker.o
    0x08006fac   0x00000022   Code   RO         9545    .text.us_ticker_fire_interrupt  BUILD/NUCLEO_L476RG/ARMC6/mbed-os/targets/TARGET_STM/us_ticker.o
    0x08006fce   0x00000002   PAD
    0x08006fd0   0x0000000a   Code   RO         9529    .text.us_ticker_get_info  BUILD/NUCLEO_L476RG/ARMC6/mbed-os/targets/TARGET_STM/us_ticker.o
    0x08006fda   0x00000002   PAD
    0x08006fdc   0x0000001c   Code   RO         9539    .text.us_ticker_init  BUILD/NUCLEO_L476RG/ARMC6/mbed-os/targets/TARGET_STM/us_ticker.o
    0x08006ff8   0x0000001e   Code   RO         1715    .text.us_ticker_irq_handler  BUILD/NUCLEO_L476RG/ARMC6/mbed-os/hal/source/mbed_us_ticker_api.o
    0x08007016   0x00000002   PAD
    0x08007018   0x0000000c   Code   RO         9541    .text.us_ticker_read  BUILD/NUCLEO_L476RG/ARMC6/mbed-os/targets/TARGET_STM/us_ticker.o
    0x08007024   0x0000001c   Code   RO         9543    .text.us_ticker_set_interrupt  BUILD/NUCLEO_L476RG/ARMC6/mbed-os/targets/TARGET_STM/us_ticker.o
    0x08007040   0x0000003c   Code   RO         2712    .text.write         BUILD/NUCLEO_L476RG/ARMC6/mbed-os/platform/source/mbed_retarget.o
    0x0800707c   0x00000008   Code   RO         9723    i.__aeabi_errno_addr  c:\ProgramData\Mbed Studio\mbed-studio-tools\ac6\bin\..\lib\armlib\mc_w.l(errno.o)
    0x08007084   0x00000050   Code   RO         9708    i.__free$memalign$2region  c:\ProgramData\Mbed Studio\mbed-studio-tools\ac6\bin\..\lib\armlib\mc_w.l(malloca2.o)
    0x080070d4   0x0000000e   Code   RO         9849    i.__scatterload_copy  c:\ProgramData\Mbed Studio\mbed-studio-tools\ac6\bin\..\lib\armlib\mc_w.l(handlers.o)
    0x080070e2   0x00000002   Code   RO         9850    i.__scatterload_null  c:\ProgramData\Mbed Studio\mbed-studio-tools\ac6\bin\..\lib\armlib\mc_w.l(handlers.o)
    0x080070e4   0x0000000e   Code   RO         9851    i.__scatterload_zeroinit  c:\ProgramData\Mbed Studio\mbed-studio-tools\ac6\bin\..\lib\armlib\mc_w.l(handlers.o)
    0x080070f2   0x00000018   Code   RO         9652    i._fflush$full      c:\ProgramData\Mbed Studio\mbed-studio-tools\ac6\bin\..\lib\armlib\mc_w.l(fflush_f.o)
    0x0800710a   0x00000002   PAD
    0x0800710c   0x00000000   Data   RO         2904    .rodata             BUILD/NUCLEO_L476RG/ARMC6/mbed-os/platform/source/mbed_sdk_boot.o
    0x0800710c   0x00000010   Data   RO         8554    .rodata.AHBPrescTable  BUILD/NUCLEO_L476RG/ARMC6/mbed-os/targets/TARGET_STM/TARGET_STM32L4/STM32Cube_FW/system_stm32l4xx.o
    0x0800711c   0x00000008   Data   RO         8555    .rodata.APBPrescTable  BUILD/NUCLEO_L476RG/ARMC6/mbed-os/targets/TARGET_STM/TARGET_STM32L4/STM32Cube_FW/system_stm32l4xx.o
    0x08007124   0x00000030   Data   RO         8556    .rodata.MSIRangeTable  BUILD/NUCLEO_L476RG/ARMC6/mbed-os/targets/TARGET_STM/TARGET_STM32L4/STM32Cube_FW/system_stm32l4xx.o
    0x08007154   0x00000090   Data   RO         8572    .rodata.PinMap_UART_RX  BUILD/NUCLEO_L476RG/ARMC6/mbed-os/targets/TARGET_STM/TARGET_STM32L4/TARGET_STM32L476xG/TARGET_NUCLEO_L476RG/PeripheralPins.o
    0x080071e4   0x00000090   Data   RO         8571    .rodata.PinMap_UART_TX  BUILD/NUCLEO_L476RG/ARMC6/mbed-os/targets/TARGET_STM/TARGET_STM32L4/TARGET_STM32L476xG/TARGET_NUCLEO_L476RG/PeripheralPins.o
    0x08007274   0x00000050   Data   RO         1999    .rodata._ZTVN4mbed10FileHandleE  BUILD/NUCLEO_L476RG/ARMC6/mbed-os/platform/source/FileHandle.o
    0x080072c4   0x00000018   Data   RO         1149    .rodata._ZTVN4mbed10SerialBaseE  BUILD/NUCLEO_L476RG/ARMC6/mbed-os/drivers/source/SerialBase.o
    0x080072dc   0x0000000c   Data   RO         1322    .rodata._ZTVN4mbed10TimerEventE  BUILD/NUCLEO_L476RG/ARMC6/mbed-os/drivers/source/TimerEvent.o
    0x080072e8   0x00000010   Data   RO          748    .rodata._ZTVN4mbed11InterruptInE  BUILD/NUCLEO_L476RG/ARMC6/mbed-os/drivers/source/InterruptIn.o
    0x080072f8   0x0000008c   Data   RO         1350    .rodata._ZTVN4mbed16UnbufferedSerialE  BUILD/NUCLEO_L476RG/ARMC6/mbed-os/drivers/source/UnbufferedSerial.o
    0x08007384   0x0000000c   Data   RO         2271    .rodata._ZTVN4mbed8internal8SysTimerINSt3__25ratioILx1ELx1000EEELb1EEE  BUILD/NUCLEO_L476RG/ARMC6/mbed-os/platform/source/SysTimer.o
    0x08007390   0x00000018   Data   RO         2823    .rodata._ZZL14do_serial_initvE14console_pinmap  BUILD/NUCLEO_L476RG/ARMC6/mbed-os/platform/source/mbed_retarget.o
    0x080073a8   0x00000040   Data   RO         9203    .rodata.ll_pin_defines  BUILD/NUCLEO_L476RG/ARMC6/mbed-os/targets/TARGET_STM/pinmap.o
    0x080073e8   0x00000008   Data   RO         1588    .rodata.lp_data     BUILD/NUCLEO_L476RG/ARMC6/mbed-os/hal/source/mbed_lp_ticker_api.o
    0x080073f0   0x00000024   Data   RO         1590    .rodata.lp_interface  BUILD/NUCLEO_L476RG/ARMC6/mbed-os/hal/source/mbed_lp_ticker_api.o
    0x08007414   0x00000008   Data   RO         9121    .rodata.lp_ticker_get_info.info  BUILD/NUCLEO_L476RG/ARMC6/mbed-os/targets/TARGET_STM/lp_ticker.o
    0x0800741c   0x000000c0   Data   RO         8675    .rodata.pin_lines_desc  BUILD/NUCLEO_L476RG/ARMC6/mbed-os/targets/TARGET_STM/TARGET_STM32L4/gpio_irq_device.o
    0x080074dc   0x0000003b   Data   RO         1150    .rodata.str1.1      BUILD/NUCLEO_L476RG/ARMC6/mbed-os/drivers/source/SerialBase.o
    0x08007517   0x0000004e   Data   RO         2121    .rodata.str1.1      BUILD/NUCLEO_L476RG/ARMC6/mbed-os/platform/source/SysTimer.o
    0x08007565   0x000000e0   Data   RO         2283    .rodata.str1.1      BUILD/NUCLEO_L476RG/ARMC6/mbed-os/platform/source/TARGET_CORTEX_M/mbed_fault_handler.o
    0x08007645   0x0000013b   Data   RO         2518    .rodata.str1.1      BUILD/NUCLEO_L476RG/ARMC6/mbed-os/platform/source/mbed_error.o
    0x08007780   0x000000b0   Data   RO         2818    .rodata.str1.1      BUILD/NUCLEO_L476RG/ARMC6/mbed-os/platform/source/mbed_retarget.o
    0x08007830   0x0000002a   Data   RO         9350    .rodata.str1.1      BUILD/NUCLEO_L476RG/ARMC6/mbed-os/targets/TARGET_STM/serial_api.o
    0x0800785a   0x00000002   PAD
    0x0800785c   0x00000008   Data   RO         1719    .rodata.us_data     BUILD/NUCLEO_L476RG/ARMC6/mbed-os/hal/source/mbed_us_ticker_api.o
    0x08007864   0x00000024   Data   RO         1721    .rodata.us_interface  BUILD/NUCLEO_L476RG/ARMC6/mbed-os/hal/source/mbed_us_ticker_api.o
    0x08007888   0x00000008   Data   RO         9559    .rodata.us_ticker_get_info.info  BUILD/NUCLEO_L476RG/ARMC6/mbed-os/targets/TARGET_STM/us_ticker.o
    0x08007890   0x00000020   Data   RO         9848    Region$$Table       anon$$obj.o
    0x080078b0   0x00000004   Data   RO           87    .init_array         BUILD/NUCLEO_L476RG/ARMC6/main.o
    0x080078b4   0x00000000   Data   RO         9737    .init_array         c:\ProgramData\Mbed Studio\mbed-studio-tools\ac6\bin\..\lib\armlib\mc_w.l(cpp_init.o)


    Execution Region RW_m_crash_data (Base: 0x10000188, Size: 0x00000100, Max: 0x00000100, ABSOLUTE)

    Base Addr    Size         Type   Attr      Idx    E Section Name        Object

    0x10000188   0x00000100   Zero   RW            1    RW_m_crash_data.bss  anon$$obj.o


    Execution Region RW_IRAM2 (Base: 0x10000288, Size: 0x00000b30, Max: 0x00007d78, ABSOLUTE)

    Base Addr    Size         Type   Attr      Idx    E Section Name        Object

    0x10000288   0x00000004   Data   RW         9726    .data               c:\ProgramData\Mbed Studio\mbed-studio-tools\ac6\bin\..\lib\armlib\mc_w.l(errno.o)
    0x1000028c   0x00000004   Data   RW         9797    .data               c:\ProgramData\Mbed Studio\mbed-studio-tools\ac6\bin\..\lib\armlib\mc_w.l(mvars.o)
    0x10000290   0x00000004   Data   RW         8553    .data.SystemCoreClock  BUILD/NUCLEO_L476RG/ARMC6/mbed-os/targets/TARGET_STM/TARGET_STM32L4/STM32Cube_FW/system_stm32l4xx.o
    0x10000294   0x00000004   Data   RW         1589    .data.irq_handler   BUILD/NUCLEO_L476RG/ARMC6/mbed-os/hal/source/mbed_lp_ticker_api.o
    0x10000298   0x00000004   Data   RW         1720    .data.irq_handler   BUILD/NUCLEO_L476RG/ARMC6/mbed-os/hal/source/mbed_us_ticker_api.o
    0x1000029c   0x00000004   Data   RW         3960    .data.uwTickPrio    BUILD/NUCLEO_L476RG/ARMC6/mbed-os/targets/TARGET_STM/TARGET_STM32L4/STM32Cube_FW/STM32L4xx_HAL_Driver/stm32l4xx_hal.o
    0x100002a0   0x00000014   Zero   RW         9670    .bss                c:\ProgramData\Mbed Studio\mbed-studio-tools\ac6\bin\..\lib\armlib\mc_w.l(stdout_f.o)
    0x100002b4   0x00000014   Zero   RW         9671    .bss                c:\ProgramData\Mbed Studio\mbed-studio-tools\ac6\bin\..\lib\armlib\mc_w.l(stderr_f.o)
    0x100002c8   0x00000001   Zero   RW         9129    .bss.LPTICKER_inited  BUILD/NUCLEO_L476RG/ARMC6/mbed-os/targets/TARGET_STM/lp_ticker.o
    0x100002c9   0x00000003   PAD
    0x100002cc   0x00000038   Zero   RW         9130    .bss.LptimHandle    BUILD/NUCLEO_L476RG/ARMC6/mbed-os/targets/TARGET_STM/lp_ticker.o
    0x10000304   0x0000004c   Zero   RW         9560    .bss.TimMasterHandle  BUILD/NUCLEO_L476RG/ARMC6/mbed-os/targets/TARGET_STM/us_ticker.o
    0x10000350   0x00000003   Zero   RW         2816    .bss._ZL14stdio_out_prev  BUILD/NUCLEO_L476RG/ARMC6/mbed-os/platform/source/mbed_retarget.o
    0x10000353   0x00000001   PAD
    0x10000354   0x00000004   Zero   RW         1907    .bss._ZN10CThunkBase17_cthunk_free_realE  BUILD/NUCLEO_L476RG/ARMC6/mbed-os/platform/source/CThunkBase.o
    0x10000358   0x00000048   Zero   RW         2614    .bss._ZN4mbed8internal12_GLOBAL__N_113os_timer_dataE  BUILD/NUCLEO_L476RG/ARMC6/mbed-os/platform/source/mbed_os_timer.o
    0x100003a0   0x00000004   Zero   RW         2613    .bss._ZN4mbed8internal8os_timerE  BUILD/NUCLEO_L476RG/ARMC6/mbed-os/platform/source/mbed_os_timer.o
    0x100003a4   0x00000004   Zero   RW         2822    .bss._ZZL19do_serial_init_oncevE4once  BUILD/NUCLEO_L476RG/ARMC6/mbed-os/platform/source/mbed_retarget.o
    0x100003a8   0x00000004   Zero   RW         8873    .bss.can_irq_contexts  BUILD/NUCLEO_L476RG/ARMC6/mbed-os/targets/TARGET_STM/can_api.o
    0x100003ac   0x00000080   Zero   RW           83    .bss.chStr          BUILD/NUCLEO_L476RG/ARMC6/main.o
    0x1000042c   0x00000214   Zero   RW         8954    .bss.channels       BUILD/NUCLEO_L476RG/ARMC6/mbed-os/targets/TARGET_STM/gpio_irq_api.o
    0x10000640   0x00000001   Zero   RW         1526    .bss.critical_interrupts_enabled  BUILD/NUCLEO_L476RG/ARMC6/mbed-os/hal/source/mbed_critical_section_api.o
    0x10000641   0x00000003   PAD
    0x10000644   0x00000004   Zero   RW         2456    .bss.critical_section_reentrancy_counter  BUILD/NUCLEO_L476RG/ARMC6/mbed-os/platform/source/mbed_critical.o
    0x10000648   0x00000002   Zero   RW         2679    .bss.deep_sleep_lock  BUILD/NUCLEO_L476RG/ARMC6/mbed-os/platform/source/mbed_power_mgmt.o
    0x1000064a   0x00000002   PAD
    0x1000064c   0x00000004   Zero   RW         2517    .bss.error_count    BUILD/NUCLEO_L476RG/ARMC6/mbed-os/platform/source/mbed_error.o
    0x10000650   0x00000004   Zero   RW         2519    .bss.error_hook     BUILD/NUCLEO_L476RG/ARMC6/mbed-os/platform/source/mbed_error.o
    0x10000654   0x00000004   PAD
    0x10000658   0x00000038   Zero   RW         1591    .bss.events         BUILD/NUCLEO_L476RG/ARMC6/mbed-os/hal/source/mbed_lp_ticker_api.o
    0x10000690   0x00000038   Zero   RW         1722    .bss.events         BUILD/NUCLEO_L476RG/ARMC6/mbed-os/hal/source/mbed_us_ticker_api.o
    0x100006c8   0x00000040   Zero   RW         2516    .bss.first_error_ctx  BUILD/NUCLEO_L476RG/ARMC6/mbed-os/platform/source/mbed_error.o
    0x10000708   0x00000001   Zero   RW         9124    .bss.future_event_flag  BUILD/NUCLEO_L476RG/ARMC6/mbed-os/targets/TARGET_STM/lp_ticker.o
    0x10000709   0x00000001   Zero   RW         2520    .bss.halt_in_progress  BUILD/NUCLEO_L476RG/ARMC6/mbed-os/platform/source/mbed_error.o
    0x1000070a   0x00000002   Zero   RW         8953    .bss.irq_channel_used  BUILD/NUCLEO_L476RG/ARMC6/mbed-os/targets/TARGET_STM/gpio_irq_api.o
    0x1000070c   0x00000004   Zero   RW         8765    .bss.irq_handler    BUILD/NUCLEO_L476RG/ARMC6/mbed-os/targets/TARGET_STM/TARGET_STM32L4/serial_device.o
    0x10000710   0x00000004   Zero   RW         8872    .bss.irq_handler    BUILD/NUCLEO_L476RG/ARMC6/mbed-os/targets/TARGET_STM/can_api.o
    0x10000714   0x00000004   Zero   RW         8955    .bss.irq_handler    BUILD/NUCLEO_L476RG/ARMC6/mbed-os/targets/TARGET_STM/gpio_irq_api.o
    0x10000718   0x00000001   Zero   RW         2515    .bss.is_reboot_error_valid  BUILD/NUCLEO_L476RG/ARMC6/mbed-os/platform/source/mbed_error.o
    0x10000719   0x00000003   PAD
    0x1000071c   0x00000040   Zero   RW         2514    .bss.last_error_ctx  BUILD/NUCLEO_L476RG/ARMC6/mbed-os/platform/source/mbed_error.o
    0x1000075c   0x0000001c   Zero   RW           79    .bss.led1           BUILD/NUCLEO_L476RG/ARMC6/main.o
    0x10000778   0x00000001   Zero   RW         9122    .bss.lp_Fired       BUILD/NUCLEO_L476RG/ARMC6/mbed-os/targets/TARGET_STM/lp_ticker.o
    0x10000779   0x00000001   Zero   RW         9126    .bss.lp_cmpok       BUILD/NUCLEO_L476RG/ARMC6/mbed-os/targets/TARGET_STM/lp_ticker.o
    0x1000077a   0x00000002   PAD
    0x1000077c   0x00000004   Zero   RW         9127    .bss.lp_delayed_counter  BUILD/NUCLEO_L476RG/ARMC6/mbed-os/targets/TARGET_STM/lp_ticker.o
    0x10000780   0x00000001   Zero   RW         9123    .bss.lp_delayed_prog  BUILD/NUCLEO_L476RG/ARMC6/mbed-os/targets/TARGET_STM/lp_ticker.o
    0x10000781   0x00000001   Zero   RW         2513    .bss.mbed_error_in_progress  BUILD/NUCLEO_L476RG/ARMC6/mbed-os/platform/source/mbed_error.o
    0x10000782   0x00000002   PAD
    0x10000784   0x00000004   Zero   RW         2813    .bss.mbed_heap_size  BUILD/NUCLEO_L476RG/ARMC6/mbed-os/platform/source/mbed_retarget.o
    0x10000788   0x00000004   Zero   RW         2812    .bss.mbed_heap_start  BUILD/NUCLEO_L476RG/ARMC6/mbed-os/platform/source/mbed_retarget.o
    0x1000078c   0x00000004   Zero   RW         9168    .bss.mbed_sdk_inited  BUILD/NUCLEO_L476RG/ARMC6/mbed-os/targets/TARGET_STM/mbed_overrides.o
    0x10000790   0x00000004   Zero   RW         2903    .bss.mbed_stack_isr_size  BUILD/NUCLEO_L476RG/ARMC6/mbed-os/platform/source/mbed_sdk_boot.o
    0x10000794   0x00000004   Zero   RW         2902    .bss.mbed_stack_isr_start  BUILD/NUCLEO_L476RG/ARMC6/mbed-os/platform/source/mbed_sdk_boot.o
    0x10000798   0x000000e8   Zero   RW           82    .bss.my_pc          BUILD/NUCLEO_L476RG/ARMC6/main.o
    0x10000880   0x00000068   Zero   RW           85    .bss.my_player      BUILD/NUCLEO_L476RG/ARMC6/main.o
    0x100008e8   0x000000e8   Zero   RW           84    .bss.my_serial      BUILD/NUCLEO_L476RG/ARMC6/main.o
    0x100009d0   0x00000001   Zero   RW           81    .bss.playorpause    BUILD/NUCLEO_L476RG/ARMC6/main.o
    0x100009d1   0x00000003   PAD
    0x100009d4   0x00000050   Zero   RW           80    .bss.playpauseBtn   BUILD/NUCLEO_L476RG/ARMC6/main.o
    0x10000a24   0x00000002   Zero   RW         8973    .bss.prev_tick_remainder  BUILD/NUCLEO_L476RG/ARMC6/mbed-os/targets/TARGET_STM/hal_tick_overrides.o
    0x10000a26   0x00000002   PAD
    0x10000a28   0x00000004   Zero   RW         8972    .bss.prev_time      BUILD/NUCLEO_L476RG/ARMC6/mbed-os/targets/TARGET_STM/hal_tick_overrides.o
    0x10000a2c   0x00000001   Zero   RW         9125    .bss.roll_over_flag  BUILD/NUCLEO_L476RG/ARMC6/mbed-os/targets/TARGET_STM/lp_ticker.o
    0x10000a2d   0x00000003   PAD
    0x10000a30   0x00000018   Zero   RW         8764    .bss.serial_irq_ids  BUILD/NUCLEO_L476RG/ARMC6/mbed-os/targets/TARGET_STM/TARGET_STM32L4/serial_device.o
    0x10000a48   0x00000001   Zero   RW         9128    .bss.sleep_manager_locked  BUILD/NUCLEO_L476RG/ARMC6/mbed-os/targets/TARGET_STM/lp_ticker.o
    0x10000a49   0x00000001   Zero   RW         1525    .bss.state_saved    BUILD/NUCLEO_L476RG/ARMC6/mbed-os/hal/source/mbed_critical_section_api.o
    0x10000a4a   0x00000002   PAD
    0x10000a4c   0x0000004c   Zero   RW         9349    .bss.stdio_uart     BUILD/NUCLEO_L476RG/ARMC6/mbed-os/targets/TARGET_STM/serial_api.o
    0x10000a98   0x00000004   Zero   RW         9348    .bss.stdio_uart_inited  BUILD/NUCLEO_L476RG/ARMC6/mbed-os/targets/TARGET_STM/serial_api.o
    0x10000a9c   0x00000004   Zero   RW         8974    .bss.total_ticks    BUILD/NUCLEO_L476RG/ARMC6/mbed-os/targets/TARGET_STM/hal_tick_overrides.o
    0x10000aa0   0x00000318   Zero   RW         8766    .bss.uart_handlers  BUILD/NUCLEO_L476RG/ARMC6/mbed-os/targets/TARGET_STM/TARGET_STM32L4/serial_device.o


    Execution Region RW_IRAM1 (Base: 0x20000000, Size: 0x00000000, Max: 0x00006000, ABSOLUTE)

    **** No section assigned to this execution region ****


    Execution Region ARM_LIB_HEAP (Base: 0x20000000, Size: 0x00017000, Max: 0x00017000, ABSOLUTE)

    Base Addr    Size         Type   Attr      Idx    E Section Name        Object

    0x20000000   0x00017000   Zero   RW            2    ARM_LIB_HEAP.bss    anon$$obj.o


    Execution Region ARM_LIB_STACK (Base: 0x20017000, Size: 0x00001000, Max: 0x00001000, ABSOLUTE)

    Base Addr    Size         Type   Attr      Idx    E Section Name        Object

    0x20017000   0x00001000   Zero   RW            3    ARM_LIB_STACK.bss   anon$$obj.o


==============================================================================

Image component sizes


      Code (inc. data)   RO Data    RW Data    ZI Data      Debug   

     27914       2064       2352         16     101360    1179212   Object Totals
         0          0         32          0      98560          0   (incl. Generated)
       374          0          2          0         30          0   (incl. Padding)
       634         76          0          8         40       1156   Library Totals
         6          0          0          0          0          0   (incl. Padding)

==============================================================================


      Code (inc. data)   RO Data    RW Data    ZI Data      Debug   

     28548       2140       2352         24     101400    1178764   Grand Totals
     28548       2140       2352         24     101400    1178764   ELF Image Totals
     28548       2140       2352         24          0          0   ROM Totals

==============================================================================

    Total RO  Size (Code + RO Data)                30900 (  30.18kB)
    Total RW  Size (RW Data + ZI Data)            101424 (  99.05kB)
    Total ROM Size (Code + RO Data + RW Data)      30924 (  30.20kB)

==============================================================================

